Archive member included because of file (symbol)

/Users/timofieiev/Desktop/ble_app/ble/protocol/bluetooth/lib/EFR32BG1B/GCC/libbluetooth.a(bgapi.c.obj)
                              ./main.o (gecko_cmd_msg_buf)
/Users/timofieiev/Desktop/ble_app/ble/protocol/bluetooth/lib/EFR32BG1B/GCC/libbluetooth.a(bgapi_gap.c.obj)
                              ./main.o (sli_bt_cmd_le_gap_connect)
/Users/timofieiev/Desktop/ble_app/ble/protocol/bluetooth/lib/EFR32BG1B/GCC/libbluetooth.a(bgapi_gatt.c.obj)
                              /Users/timofieiev/Desktop/ble_app/ble/protocol/bluetooth/lib/EFR32BG1B/GCC/libbluetooth.a(bgapi.c.obj) (bgapi_gatt_listener)
/Users/timofieiev/Desktop/ble_app/ble/protocol/bluetooth/lib/EFR32BG1B/GCC/libbluetooth.a(bgapi_gatt_lib.c.obj)
                              ./main.o (sli_bt_cmd_gatt_server_send_user_write_response)
/Users/timofieiev/Desktop/ble_app/ble/protocol/bluetooth/lib/EFR32BG1B/GCC/libbluetooth.a(bgapi_hardware.c.obj)
                              ./main.o (sli_bt_cmd_hardware_set_soft_timer)
/Users/timofieiev/Desktop/ble_app/ble/protocol/bluetooth/lib/EFR32BG1B/GCC/libbluetooth.a(bgapi_le_connection.c.obj)
                              ./main.o (sli_bt_cmd_le_connection_close)
/Users/timofieiev/Desktop/ble_app/ble/protocol/bluetooth/lib/EFR32BG1B/GCC/libbluetooth.a(bgapi_system.c.obj)
                              ./main.o (sli_bt_cmd_system_reset)
/Users/timofieiev/Desktop/ble_app/ble/protocol/bluetooth/lib/EFR32BG1B/GCC/libbluetooth.a(bgbuf.c.obj)
                              /Users/timofieiev/Desktop/ble_app/ble/protocol/bluetooth/lib/EFR32BG1B/GCC/libbluetooth.a(bgapi.c.obj) (bgbuf_chain_free)
/Users/timofieiev/Desktop/ble_app/ble/protocol/bluetooth/lib/EFR32BG1B/GCC/libbluetooth.a(bglib.c.obj)
                              ./main.o (gecko_stack_init)
/Users/timofieiev/Desktop/ble_app/ble/protocol/bluetooth/lib/EFR32BG1B/GCC/libbluetooth.a(btl_interface.c.obj)
                              /Users/timofieiev/Desktop/ble_app/ble/protocol/bluetooth/lib/EFR32BG1B/GCC/libbluetooth.a(bgapi.c.obj) (bootloader_getInfo)
/Users/timofieiev/Desktop/ble_app/ble/protocol/bluetooth/lib/EFR32BG1B/GCC/libbluetooth.a(gap.c.obj)
                              /Users/timofieiev/Desktop/ble_app/ble/protocol/bluetooth/lib/EFR32BG1B/GCC/libbluetooth.a(bglib.c.obj) (gap_reset_state)
/Users/timofieiev/Desktop/ble_app/ble/protocol/bluetooth/lib/EFR32BG1B/GCC/libbluetooth.a(gap_adv.c.obj)
                              /Users/timofieiev/Desktop/ble_app/ble/protocol/bluetooth/lib/EFR32BG1B/GCC/libbluetooth.a(bgapi_gap.c.obj) (gap_set_advertising_timing)
/Users/timofieiev/Desktop/ble_app/ble/protocol/bluetooth/lib/EFR32BG1B/GCC/libbluetooth.a(gap_deprecated.c.obj)
                              /Users/timofieiev/Desktop/ble_app/ble/protocol/bluetooth/lib/EFR32BG1B/GCC/libbluetooth.a(bgapi_gap.c.obj) (ubt_gap_set_adv_parameters)
/Users/timofieiev/Desktop/ble_app/ble/protocol/bluetooth/lib/EFR32BG1B/GCC/libbluetooth.a(gap_resolver.c.obj)
                              /Users/timofieiev/Desktop/ble_app/ble/protocol/bluetooth/lib/EFR32BG1B/GCC/libbluetooth.a(gap.c.obj) (gap_address_resolver_step)
/Users/timofieiev/Desktop/ble_app/ble/protocol/bluetooth/lib/EFR32BG1B/GCC/libbluetooth.a(gap_scan.c.obj)
                              /Users/timofieiev/Desktop/ble_app/ble/protocol/bluetooth/lib/EFR32BG1B/GCC/libbluetooth.a(gap.c.obj) (gap_status_set_scan_packet)
/Users/timofieiev/Desktop/ble_app/ble/protocol/bluetooth/lib/EFR32BG1B/GCC/libbluetooth.a(gatt.c.obj)
                              /Users/timofieiev/Desktop/ble_app/ble/protocol/bluetooth/lib/EFR32BG1B/GCC/libbluetooth.a(gap.c.obj) (gatt_init_connection)
/Users/timofieiev/Desktop/ble_app/ble/protocol/bluetooth/lib/EFR32BG1B/GCC/libbluetooth.a(gatt_client.c.obj)
                              /Users/timofieiev/Desktop/ble_app/ble/protocol/bluetooth/lib/EFR32BG1B/GCC/libbluetooth.a(bgapi_gatt_lib.c.obj) (gatt_client_init)
/Users/timofieiev/Desktop/ble_app/ble/protocol/bluetooth/lib/EFR32BG1B/GCC/libbluetooth.a(gatt_db_minimal.c.obj)
                              /Users/timofieiev/Desktop/ble_app/ble/protocol/bluetooth/lib/EFR32BG1B/GCC/libbluetooth.a(gap_adv.c.obj) (gatt_db_handle_active)
/Users/timofieiev/Desktop/ble_app/ble/protocol/bluetooth/lib/EFR32BG1B/GCC/libbluetooth.a(gatt_server.c.obj)
                              /Users/timofieiev/Desktop/ble_app/ble/protocol/bluetooth/lib/EFR32BG1B/GCC/libbluetooth.a(gatt_db_minimal.c.obj) (gatt_server_send_attribute_value_event)
/Users/timofieiev/Desktop/ble_app/ble/protocol/bluetooth/lib/EFR32BG1B/GCC/libbluetooth.a(gecko_bgapi_dfu.c.obj)
                              ./main.o (gecko_bgapi_class_dfu_init)
/Users/timofieiev/Desktop/ble_app/ble/protocol/bluetooth/lib/EFR32BG1B/GCC/libbluetooth.a(gecko_bgapi_endpoint.c.obj)
                              ./main.o (gecko_bgapi_class_endpoint_init)
/Users/timofieiev/Desktop/ble_app/ble/protocol/bluetooth/lib/EFR32BG1B/GCC/libbluetooth.a(gecko_bgapi_flash.c.obj)
[...]
Memory Configuration

Name             Origin             Length             Attributes
FLASH_BOOTLOADER 0x0000000000000000 0x0000000000004000 xr
FLASH            0x0000000000004000 0x000000000003b000 xr
RAM              0x0000000020000000 0x0000000000007c00 xrw
*default*        0x0000000000000000 0xffffffffffffffff

Linker script and memory map

LOAD /Applications/Simplicity Studio.app/Contents/Eclipse/developer/toolchains/gnu_arm/4.9_2015q3/bin/../lib/gcc/arm-none-eabi/4.9.3/armv7e-m/softfp/crti.o
LOAD /Applications/Simplicity Studio.app/Contents/Eclipse/developer/toolchains/gnu_arm/4.9_2015q3/bin/../lib/gcc/arm-none-eabi/4.9.3/armv7e-m/softfp/crtbegin.o
LOAD /Applications/Simplicity Studio.app/Contents/Eclipse/developer/toolchains/gnu_arm/4.9_2015q3/bin/../lib/gcc/arm-none-eabi/4.9.3/../../../../arm-none-eabi/lib/armv7e-m/softfp/crt0.o
START GROUP
LOAD ./application_properties.o
LOAD ./gatt_db.o
LOAD ./init_app.o
LOAD ./init_board.o
LOAD ./init_mcu.o
LOAD ./main.o
LOAD ./hardware/kit/common/bsp/bsp_stk.o
LOAD ./platform/Device/SiliconLabs/EFR32BG1B/Source/GCC/startup_efr32bg1b.o
LOAD ./platform/Device/SiliconLabs/EFR32BG1B/Source/system_efr32bg1b.o
LOAD ./platform/emdrv/sleep/src/sleep.o
LOAD ./platform/emdrv/tempdrv/src/tempdrv.o
LOAD ./platform/emlib/src/em_cmu.o
LOAD ./platform/emlib/src/em_core.o
LOAD ./platform/emlib/src/em_cryotimer.o
LOAD ./platform/emlib/src/em_crypto.o
LOAD ./platform/emlib/src/em_emu.o
LOAD ./platform/emlib/src/em_gpio.o
LOAD ./platform/emlib/src/em_i2c.o
LOAD ./platform/emlib/src/em_msc.o
LOAD ./platform/emlib/src/em_rmu.o
LOAD ./platform/emlib/src/em_rtcc.o
LOAD ./platform/emlib/src/em_system.o
LOAD ./platform/emlib/src/em_timer.o
LOAD ./platform/emlib/src/em_usart.o
LOAD /Users/timofieiev/Desktop/ble_app/ble/protocol/bluetooth/lib/EFR32BG1B/GCC/binapploader.o
LOAD /Users/timofieiev/Desktop/ble_app/ble/protocol/bluetooth/lib/EFR32BG1B/GCC/libpsstore.a
LOAD /Users/timofieiev/Desktop/ble_app/ble/platform/radio/rail_lib/autogen/librail_release/librail_efr32xg1_gcc_release.a
LOAD /Users/timofieiev/Desktop/ble_app/ble/protocol/bluetooth/lib/EFR32BG1B/GCC/libmbedtls.a
LOAD /Users/timofieiev/Desktop/ble_app/ble/protocol/bluetooth/lib/EFR32BG1B/GCC/libbluetooth.a
LOAD /Applications/Simplicity Studio.app/Contents/Eclipse/developer/toolchains/gnu_arm/4.9_2015q3/bin/../lib/gcc/arm-none-eabi/4.9.3/../../../../arm-none-eabi/lib/armv7e-m/softfp/libm.a
END GROUP
START GROUP
LOAD /Applications/Simplicity Studio.app/Contents/Eclipse/developer/toolchains/gnu_arm/4.9_2015q3/bin/../lib/gcc/arm-none-eabi/4.9.3/armv7e-m/softfp/libgcc.a
LOAD /Applications/Simplicity Studio.app/Contents/Eclipse/developer/toolchains/gnu_arm/4.9_2015q3/bin/../lib/gcc/arm-none-eabi/4.9.3/../../../../arm-none-eabi/lib/armv7e-m/softfp/libc_nano.a
LOAD /Applications/Simplicity Studio.app/Contents/Eclipse/developer/toolchains/gnu_arm/4.9_2015q3/bin/../lib/gcc/arm-none-eabi/4.9.3/../../../../arm-none-eabi/lib/armv7e-m/softfp/libnosys.a
END GROUP
START GROUP
LOAD /Applications/Simplicity Studio.app/Contents/Eclipse/developer/toolchains/gnu_arm/4.9_2015q3/bin/../lib/gcc/arm-none-eabi/4.9.3/armv7e-m/softfp/libgcc.a
LOAD /Applications/Simplicity Studio.app/Contents/Eclipse/developer/toolchains/gnu_arm/4.9_2015q3/bin/../lib/gcc/arm-none-eabi/4.9.3/../../../../arm-none-eabi/lib/armv7e-m/softfp/libg_nano.a
LOAD /Applications/Simplicity Studio.app/Contents/Eclipse/developer/toolchains/gnu_arm/4.9_2015q3/bin/../lib/gcc/arm-none-eabi/4.9.3/../../../../arm-none-eabi/lib/armv7e-m/softfp/libc_nano.a
END GROUP
START GROUP
LOAD /Applications/Simplicity Studio.app/Contents/Eclipse/developer/toolchains/gnu_arm/4.9_2015q3/bin/../lib/gcc/arm-none-eabi/4.9.3/armv7e-m/softfp/libgcc.a
LOAD /Applications/Simplicity Studio.app/Contents/Eclipse/developer/toolchains/gnu_arm/4.9_2015q3/bin/../lib/gcc/arm-none-eabi/4.9.3/../../../../arm-none-eabi/lib/armv7e-m/softfp/libc_nano.a
END GROUP
LOAD /Applications/Simplicity Studio.app/Contents/Eclipse/developer/toolchains/gnu_arm/4.9_2015q3/bin/../lib/gcc/arm-none-eabi/4.9.3/armv7e-m/softfp/crtend.o
LOAD /Applications/Simplicity Studio.app/Contents/Eclipse/developer/toolchains/gnu_arm/4.9_2015q3/bin/../lib/gcc/arm-none-eabi/4.9.3/armv7e-m/softfp/crtn.o

.text_bootloader
                0x0000000000000000        0x0
 *(.binbootloader*)
                0x0000000000000000                . = ALIGN (0x4000)

.text_apploader
                0x0000000000004000     0x87c0
 *(.binapploader*)
 .binapploader  0x0000000000004000     0x87c0 /Users/timofieiev/Desktop/ble_app/ble/protocol/bluetooth/lib/EFR32BG1B/GCC/binapploader.o

.text_signature
                0x000000000000c7c0       0x40
                0x000000000000c800                . = ALIGN (0x800)
 *fill*         0x000000000000c7c0       0x40 
                0x000000000000c800                __text_start__ = .

.text_application
                0x000000000000c800    0x1f964
 *(.vectors)
 .vectors       0x000000000000c800       0xc8 ./platform/Device/SiliconLabs/EFR32BG1B/Source/GCC/startup_efr32bg1b.o
                0x000000000000c800                __Vectors
                0x000000000000c8c8                __Vectors_End = .
                0x00000000000000c8                __Vectors_Size = (__Vectors_End - __Vectors)
                0x000000000000c8c8                __end__ = .
 *(.application_properties)
 .application_properties
                0x000000000000c8c8       0x38 ./application_properties.o
                0x000000000000c8c8                applicationProperties
 *(.gecko_configuration)
 *(.xo_configuration)
 *(.gatt_header)
 .gatt_header   0x000000000000c900       0x34 ./gatt_db.o
                0x000000000000c900                bg_gattdb_data
 *(.gatt_data)
 .gatt_data     0x000000000000c934      0x1d6 ./gatt_db.o
                0x000000000000c934                bg_gattdb_data_adv_uuid128_map
                0x000000000000c938                bg_gattdb_data_adv_uuid16_map
                0x000000000000c93c                bg_gattdb_data_attributes_dynamic_mapping_map
                0x000000000000c944                bg_gattdb_data_attributes_map
                0x000000000000ca28                bg_gattdb_data_attribute_field_0
                0x000000000000ca2c                bg_gattdb_data_attribute_field_1
                0x000000000000ca34                bg_gattdb_data_attribute_field_2
                0x000000000000ca3c                bg_gattdb_data_attribute_field_4
                0x000000000000ca40                bg_gattdb_data_attribute_field_5
                0x000000000000ca48                bg_gattdb_data_attribute_field_6
                0x000000000000ca50                bg_gattdb_data_attribute_field_7
                0x000000000000ca58                bg_gattdb_data_attribute_field_8
                0x000000000000ca5c                bg_gattdb_data_attribute_field_9
                0x000000000000ca60                bg_gattdb_data_attribute_field_10
                0x000000000000ca68                bg_gattdb_data_attribute_field_11
                0x000000000000ca78                bg_gattdb_data_attribute_field_12
                0x000000000000ca80                bg_gattdb_data_attribute_field_13
                0x000000000000ca8c                bg_gattdb_data_attribute_field_14
                0x000000000000ca94                bg_gattdb_data_attribute_field_15
                0x000000000000ca9c                bg_gattdb_data_attribute_field_16
                0x000000000000cab0                bg_gattdb_data_attribute_field_17
                0x000000000000cac8                bg_gattdb_data_attribute_field_18
                0x000000000000cad0                bg_gattdb_data_uuidtable_128_map
                0x000000000000caf0                bg_gattdb_data_uuidtable_16_map
 *(.text*)
 *fill*         0x000000000000cb0a        0x2 
 .text          0x000000000000cb0c       0x5c /Applications/Simplicity Studio.app/Contents/Eclipse/developer/toolchains/gnu_arm/4.9_2015q3/bin/../lib/gcc/arm-none-eabi/4.9.3/armv7e-m/softfp/crtbegin.o
 .text          0x000000000000cb68       0x74 /Applications/Simplicity Studio.app/Contents/Eclipse/developer/toolchains/gnu_arm/4.9_2015q3/bin/../lib/gcc/arm-none-eabi/4.9.3/../../../../arm-none-eabi/lib/armv7e-m/softfp/crt0.o
                0x000000000000cb68                _mainCRTStartup
                0x000000000000cb68                _start
 .text.initApp  0x000000000000cbdc        0x4 ./init_app.o
                0x000000000000cbdc                initApp
 .text.initBoard
                0x000000000000cbe0        0x4 ./init_board.o
                0x000000000000cbe0                initBoard
 .text.initMcu  0x000000000000cbe4      0x170 ./init_mcu.o
                0x000000000000cbe4                initMcu
 .text.connect_to_device
                0x000000000000cd54       0x68 ./main.o
                0x000000000000cd54                connect_to_device
 .text.startup.main
                0x000000000000cdbc      0x240 ./main.o
                0x000000000000cdbc                main
 .text.Default_Handler
                0x000000000000cffc        0x4 ./platform/Device/SiliconLabs/EFR32BG1B/Source/GCC/startup_efr32bg1b.o
                0x000000000000cffc                IDAC0_IRQHandler
                0x000000000000cffc                USART0_TX_IRQHandler
                0x000000000000cffc                I2C0_IRQHandler
                0x000000000000cffc                HardFault_Handler
                0x000000000000cffc                SysTick_Handler
                0x000000000000cffc                USART1_RX_IRQHandler
                0x000000000000cffc                PendSV_Handler
                0x000000000000cffc                NMI_Handler
                0x000000000000cffc                WDOG0_IRQHandler
                0x000000000000cffc                USART1_TX_IRQHandler
                0x000000000000cffc                MSC_IRQHandler
                0x000000000000cffc                ADC0_IRQHandler
                0x000000000000cffc                UsageFault_Handler
                0x000000000000cffc                LEUART0_IRQHandler
                0x000000000000cffc                FPUEH_IRQHandler
                0x000000000000cffc                GPIO_EVEN_IRQHandler
                0x000000000000cffc                LDMA_IRQHandler
                0x000000000000cffc                TIMER0_IRQHandler
                0x000000000000cffc                LETIMER0_IRQHandler
                0x000000000000cffc                TIMER1_IRQHandler
                0x000000000000cffc                Default_Handler
                0x000000000000cffc                CRYOTIMER_IRQHandler
                0x000000000000cffc                PCNT0_IRQHandler
                0x000000000000cffc                ACMP0_IRQHandler
                0x000000000000cffc                USART0_RX_IRQHandler
                0x000000000000cffc                MemManage_Handler
                0x000000000000cffc                SVC_Handler
                0x000000000000cffc                RTCC_IRQHandler
                0x000000000000cffc                CRYPTO_IRQHandler
                0x000000000000cffc                CMU_IRQHandler
                0x000000000000cffc                GPIO_ODD_IRQHandler
                0x000000000000cffc                BusFault_Handler
                0x000000000000cffc                DebugMon_Handler
 .text.Reset_Handler
                0x000000000000d000       0x2c ./platform/Device/SiliconLabs/EFR32BG1B/Source/GCC/startup_efr32bg1b.o
                0x000000000000d000                Reset_Handler
 .text.SystemMaxCoreClockGet
                0x000000000000d02c        0x8 ./platform/Device/SiliconLabs/EFR32BG1B/Source/system_efr32bg1b.o
                0x000000000000d02c                SystemMaxCoreClockGet
 .text.SystemHFClockGet
                0x000000000000d034       0x50 ./platform/Device/SiliconLabs/EFR32BG1B/Source/system_efr32bg1b.o
                0x000000000000d034                SystemHFClockGet
 .text.SystemCoreClockGet
                0x000000000000d084       0x24 ./platform/Device/SiliconLabs/EFR32BG1B/Source/system_efr32bg1b.o
                0x000000000000d084                SystemCoreClockGet
 .text.SystemHFXOClockGet
                0x000000000000d0a8        0xc ./platform/Device/SiliconLabs/EFR32BG1B/Source/system_efr32bg1b.o
                0x000000000000d0a8                SystemHFXOClockGet
 .text.SystemHFXOClockSet
                0x000000000000d0b4       0x20 ./platform/Device/SiliconLabs/EFR32BG1B/Source/system_efr32bg1b.o
                0x000000000000d0b4                SystemHFXOClockSet
 .text.SystemInit
                0x000000000000d0d4       0x4c ./platform/Device/SiliconLabs/EFR32BG1B/Source/system_efr32bg1b.o
                0x000000000000d0d4                SystemInit
 .text.SystemLFRCOClockGet
                0x000000000000d120        0x8 ./platform/Device/SiliconLabs/EFR32BG1B/Source/system_efr32bg1b.o
                0x000000000000d120                SystemLFRCOClockGet
 .text.SystemULFRCOClockGet
                0x000000000000d128        0x8 ./platform/Device/SiliconLabs/EFR32BG1B/Source/system_efr32bg1b.o
                0x000000000000d128                SystemULFRCOClockGet
 .text.SystemLFXOClockGet
                0x000000000000d130        0xc ./platform/Device/SiliconLabs/EFR32BG1B/Source/system_efr32bg1b.o
                0x000000000000d130                SystemLFXOClockGet
 .text.SystemLFXOClockSet
                0x000000000000d13c       0x20 ./platform/Device/SiliconLabs/EFR32BG1B/Source/system_efr32bg1b.o
                0x000000000000d13c                SystemLFXOClockSet
 .text.sleepCallbackWrapper
                0x000000000000d15c       0x14 ./platform/emdrv/sleep/src/sleep.o
 .text.enterEMx
                0x000000000000d170       0x70 ./platform/emdrv/sleep/src/sleep.o
 .text.SLEEP_Init
                0x000000000000d1e0       0x44 ./platform/emdrv/sleep/src/sleep.o
                0x000000000000d1e0                SLEEP_Init
 .text.SLEEP_Sleep
                0x000000000000d224       0x70 ./platform/emdrv/sleep/src/sleep.o
                0x000000000000d224                SLEEP_Sleep
 .text.SLEEP_SleepBlockBegin
                0x000000000000d294       0x28 ./platform/emdrv/sleep/src/sleep.o
                0x000000000000d294                SLEEP_SleepBlockBegin
 .text.SLEEP_SleepBlockEnd
                0x000000000000d2bc       0x2c ./platform/emdrv/sleep/src/sleep.o
                0x000000000000d2bc                SLEEP_SleepBlockEnd
 .text.SLEEP_LowestEnergyModeGet
                0x000000000000d2e8       0x1c ./platform/emdrv/sleep/src/sleep.o
                0x000000000000d2e8                SLEEP_LowestEnergyModeGet
 .text.updateInterrupts
                0x000000000000d304       0xe0 ./platform/emdrv/tempdrv/src/tempdrv.o
 .text.errataStateUpdate
                0x000000000000d3e4       0xbc ./platform/emdrv/tempdrv/src/tempdrv.o
 .text.errataCallback
                0x000000000000d4a0        0x4 ./platform/emdrv/tempdrv/src/tempdrv.o
 .text.TEMPDRV_IRQHandler
                0x000000000000d4a4       0xd4 ./platform/emdrv/tempdrv/src/tempdrv.o
                0x000000000000d4a4                TEMPDRV_IRQHandler
 .text.EMU_IRQHandler
                0x000000000000d578        0x4 ./platform/emdrv/tempdrv/src/tempdrv.o
                0x000000000000d578                EMU_IRQHandler
 .text.TEMPDRV_Init
                0x000000000000d57c      0x14c ./platform/emdrv/tempdrv/src/tempdrv.o
                0x000000000000d57c                TEMPDRV_Init
 .text.flashWaitStateMax
                0x000000000000d6c8       0x48 ./platform/emlib/src/em_cmu.o
 .text.CMU_OscillatorTuningSet.part.3
                0x000000000000d710       0x3c ./platform/emlib/src/em_cmu.o
 .text.CMU_UpdateWaitStates
                0x000000000000d74c       0x48 ./platform/emlib/src/em_cmu.o
                0x000000000000d74c                CMU_UpdateWaitStates
 .text.CMU_ClockEnable
                0x000000000000d794       0x8c ./platform/emlib/src/em_cmu.o
                0x000000000000d794                CMU_ClockEnable
 .text.CMU_ClockSelectGet
                0x000000000000d820       0xc4 ./platform/emlib/src/em_cmu.o
                0x000000000000d820                CMU_ClockSelectGet
 .text.lfClkGet
                0x000000000000d8e4       0x94 ./platform/emlib/src/em_cmu.o
 .text.CMU_ClockFreqGet
                0x000000000000d978      0x160 ./platform/emlib/src/em_cmu.o
                0x000000000000d978                CMU_ClockFreqGet
 .text.CMU_HFXOAutostartEnable
                0x000000000000dad8       0x78 ./platform/emlib/src/em_cmu.o
                0x000000000000dad8                CMU_HFXOAutostartEnable
 .text.CMU_OscillatorTuningWait
                0x000000000000db50       0x5c ./platform/emlib/src/em_cmu.o
                0x000000000000db50                CMU_OscillatorTuningWait
 .text.CMU_OscillatorEnable
                0x000000000000dbac      0x110 ./platform/emlib/src/em_cmu.o
                0x000000000000dbac                CMU_OscillatorEnable
 .text.CMU_ClockSelectSet
                0x000000000000dcbc      0x1fc ./platform/emlib/src/em_cmu.o
                0x000000000000dcbc                CMU_ClockSelectSet
 .text.CMU_HFXOInit
                0x000000000000deb8       0x88 ./platform/emlib/src/em_cmu.o
                0x000000000000deb8                CMU_HFXOInit
 .text.CMU_LFXOInit
                0x000000000000df40       0x40 ./platform/emlib/src/em_cmu.o
                0x000000000000df40                CMU_LFXOInit
 .text.CORE_EnterCritical
                0x000000000000df80        0x8 ./platform/emlib/src/em_core.o
                0x000000000000df80                CORE_EnterCritical
 .text.CORE_ExitCritical
                0x000000000000df88        0x8 ./platform/emlib/src/em_core.o
                0x000000000000df88                CORE_ExitCritical
 .text.CORE_EnterAtomic
                0x000000000000df90        0x8 ./platform/emlib/src/em_core.o
                0x000000000000df90                CORE_EnterAtomic
 .text.CORE_ExitAtomic
                0x000000000000df98        0x8 ./platform/emlib/src/em_core.o
                0x000000000000df98                CORE_ExitAtomic
 .text.CORE_SetNvicRamTableHandler
                0x000000000000dfa0       0x10 ./platform/emlib/src/em_core.o
                0x000000000000dfa0                CORE_SetNvicRamTableHandler
 .text.CORE_InitNvicVectorTable
                0x000000000000dfb0       0x48 ./platform/emlib/src/em_core.o
                0x000000000000dfb0                CORE_InitNvicVectorTable
 .text.CRYPTO_ModulusSet
                0x000000000000dff8       0x38 ./platform/emlib/src/em_crypto.o
                0x000000000000dff8                CRYPTO_ModulusSet
 .text.CRYPTO_KeyRead
                0x000000000000e030       0x2c ./platform/emlib/src/em_crypto.o
                0x000000000000e030                CRYPTO_KeyRead
 .text.currentLimitersUpdate
                0x000000000000e05c       0x74 ./platform/emlib/src/em_emu.o
 .text.dcdcHsFixLnBlock.part.0
                0x000000000000e0d0       0x30 ./platform/emlib/src/em_emu.o
 .text.dcdcFetCntSet.part.1
                0x000000000000e100       0x20 ./platform/emlib/src/em_emu.o
 .text.emState.part.2
                0x000000000000e120       0x24 ./platform/emlib/src/em_emu.o
 .text.emState  0x000000000000e144       0x60 ./platform/emlib/src/em_emu.o
 .text.EMU_EnterEM2
                0x000000000000e1a4       0x5c ./platform/emlib/src/em_emu.o
                0x000000000000e1a4                EMU_EnterEM2
 .text.EMU_EnterEM3
                0x000000000000e200       0x80 ./platform/emlib/src/em_emu.o
                0x000000000000e200                EMU_EnterEM3
 .text.EMU_Save
                0x000000000000e280        0x4 ./platform/emlib/src/em_emu.o
                0x000000000000e280                EMU_Save
 .text.EMU_Restore
                0x000000000000e284        0x8 ./platform/emlib/src/em_emu.o
                0x000000000000e284                EMU_Restore
 .text.EMU_DCDCModeSet
                0x000000000000e28c       0x64 ./platform/emlib/src/em_emu.o
                0x000000000000e28c                EMU_DCDCModeSet
 .text.EMU_EnterEM4
                0x000000000000e2f0       0x98 ./platform/emlib/src/em_emu.o
                0x000000000000e2f0                EMU_EnterEM4
 .text.EMU_DCDCOutputVoltageSet
                0x000000000000e388      0x1d0 ./platform/emlib/src/em_emu.o
                0x000000000000e388                EMU_DCDCOutputVoltageSet
 .text.EMU_DCDCOptimizeSlice
                0x000000000000e558       0x94 ./platform/emlib/src/em_emu.o
                0x000000000000e558                EMU_DCDCOptimizeSlice
 .text.EMU_DCDCLnRcoBandSet
                0x000000000000e5ec       0x24 ./platform/emlib/src/em_emu.o
                0x000000000000e5ec                EMU_DCDCLnRcoBandSet
 .text.EMU_DCDCInit
                0x000000000000e610      0x18c ./platform/emlib/src/em_emu.o
                0x000000000000e610                EMU_DCDCInit
 .text.EMU_SetBiasMode
                0x000000000000e79c       0x84 ./platform/emlib/src/em_emu.o
                0x000000000000e79c                EMU_SetBiasMode
 .text.MSC_Init
                0x000000000000e820       0x18 ./platform/emlib/src/em_msc.o
                0x000000000000e820                MSC_Init
 .text.MSC_Deinit
                0x000000000000e838       0x14 ./platform/emlib/src/em_msc.o
                0x000000000000e838                MSC_Deinit
 .text.RMU_ResetCauseClear
                0x000000000000e84c        0xc ./platform/emlib/src/em_rmu.o
                0x000000000000e84c                RMU_ResetCauseClear
 .text.RMU_ResetCauseGet
                0x000000000000e858       0x7c ./platform/emlib/src/em_rmu.o
                0x000000000000e858                RMU_ResetCauseGet
 .text.RTCC_ChannelInit
                0x000000000000e8d4       0x3c ./platform/emlib/src/em_rtcc.o
                0x000000000000e8d4                RTCC_ChannelInit
 .text.RTCC_Init
                0x000000000000e910       0x6c ./platform/emlib/src/em_rtcc.o
                0x000000000000e910                RTCC_Init
 .text.SYSTEM_ChipRevisionGet
                0x000000000000e97c       0x34 ./platform/emlib/src/em_system.o
                0x000000000000e97c                SYSTEM_ChipRevisionGet
 .text.bgapi_ubt_listener
                0x000000000000e9b0      0x3e8 /Users/timofieiev/Desktop/ble_app/ble/protocol/bluetooth/lib/EFR32BG1B/GCC/libbluetooth.a(bgapi.c.obj)
                0x000000000000e9b0                bgapi_ubt_listener
 .text.register_message_handler
                0x000000000000ed98        0xc /Users/timofieiev/Desktop/ble_app/ble/protocol/bluetooth/lib/EFR32BG1B/GCC/libbluetooth.a(bgapi.c.obj)
                0x000000000000ed98                register_message_handler
 .text.bgapi_init
                0x000000000000eda4       0x10 /Users/timofieiev/Desktop/ble_app/ble/protocol/bluetooth/lib/EFR32BG1B/GCC/libbluetooth.a(bgapi.c.obj)
                0x000000000000eda4                bgapi_init
 .text.bgapi_buffer_init
                0x000000000000edb4       0x30 /Users/timofieiev/Desktop/ble_app/ble/protocol/bluetooth/lib/EFR32BG1B/GCC/libbluetooth.a(bgapi.c.obj)
                0x000000000000edb4                bgapi_buffer_init
 .text.lib_le_gap_handler_init
                0x000000000000ede4        0x2 /Users/timofieiev/Desktop/ble_app/ble/protocol/bluetooth/lib/EFR32BG1B/GCC/libbluetooth.a(bgapi_gap.c.obj)
                0x000000000000ede4                lib_le_gap_handler_init
 *fill*         0x000000000000ede6        0x2 
 .text.sli_bt_cmd_le_gap_connect
                0x000000000000ede8       0x5c /Users/timofieiev/Desktop/ble_app/ble/protocol/bluetooth/lib/EFR32BG1B/GCC/libbluetooth.a(bgapi_gap.c.obj)
                0x000000000000ede8                sli_bt_cmd_le_gap_connect
 .text.sli_bt_cmd_le_gap_set_advertise_timing
                0x000000000000ee44       0x3c /Users/timofieiev/Desktop/ble_app/ble/protocol/bluetooth/lib/EFR32BG1B/GCC/libbluetooth.a(bgapi_gap.c.obj)
                0x000000000000ee44                sli_bt_cmd_le_gap_set_advertise_timing
 .text.sli_bt_cmd_le_gap_start_advertising
                0x000000000000ee80       0x38 /Users/timofieiev/Desktop/ble_app/ble/protocol/bluetooth/lib/EFR32BG1B/GCC/libbluetooth.a(bgapi_gap.c.obj)
                0x000000000000ee80                sli_bt_cmd_le_gap_start_advertising
 .text.bgapi_gatt_listener
                0x000000000000eeb8      0x28c /Users/timofieiev/Desktop/ble_app/ble/protocol/bluetooth/lib/EFR32BG1B/GCC/libbluetooth.a(bgapi_gatt.c.obj)
                0x000000000000eeb8                bgapi_gatt_listener
 .text.lib_gatt_handler_init
                0x000000000000f144        0x4 /Users/timofieiev/Desktop/ble_app/ble/protocol/bluetooth/lib/EFR32BG1B/GCC/libbluetooth.a(bgapi_gatt_lib.c.obj)
                0x000000000000f144                lib_gatt_handler_init
 .text.lib_gatt_server_handler_init
                0x000000000000f148        0x2 /Users/timofieiev/Desktop/ble_app/ble/protocol/bluetooth/lib/EFR32BG1B/GCC/libbluetooth.a(bgapi_gatt_lib.c.obj)
                0x000000000000f148                lib_gatt_server_handler_init
 *fill*         0x000000000000f14a        0x2 
 .text.sli_bt_cmd_gatt_server_send_user_write_response
                0x000000000000f14c       0x34 /Users/timofieiev/Desktop/ble_app/ble/protocol/bluetooth/lib/EFR32BG1B/GCC/libbluetooth.a(bgapi_gatt_lib.c.obj)
                0x000000000000f14c                sli_bt_cmd_gatt_server_send_user_write_response
 .text.bgapi_hardware_soft_timer_listener
                0x000000000000f180       0x68 /Users/timofieiev/Desktop/ble_app/ble/protocol/bluetooth/lib/EFR32BG1B/GCC/libbluetooth.a(bgapi_hardware.c.obj)
                0x000000000000f180                bgapi_hardware_soft_timer_listener
 .text.handle_timer_command
                0x000000000000f1e8       0x80 /Users/timofieiev/Desktop/ble_app/ble/protocol/bluetooth/lib/EFR32BG1B/GCC/libbluetooth.a(bgapi_hardware.c.obj)
 .text.lib_hardware_handler_init
                0x000000000000f268       0x14 /Users/timofieiev/Desktop/ble_app/ble/protocol/bluetooth/lib/EFR32BG1B/GCC/libbluetooth.a(bgapi_hardware.c.obj)
                0x000000000000f268                lib_hardware_handler_init
 .text.sli_bt_cmd_hardware_set_soft_timer
                0x000000000000f27c       0x34 /Users/timofieiev/Desktop/ble_app/ble/protocol/bluetooth/lib/EFR32BG1B/GCC/libbluetooth.a(bgapi_hardware.c.obj)
                0x000000000000f27c                sli_bt_cmd_hardware_set_soft_timer
 .text.lib_le_connection_handler_init
                0x000000000000f2b0        0x2 /Users/timofieiev/Desktop/ble_app/ble/protocol/bluetooth/lib/EFR32BG1B/GCC/libbluetooth.a(bgapi_le_connection.c.obj)
                0x000000000000f2b0                lib_le_connection_handler_init
 .text.bgapi_close_le_connection
                0x000000000000f2b2       0x16 /Users/timofieiev/Desktop/ble_app/ble/protocol/bluetooth/lib/EFR32BG1B/GCC/libbluetooth.a(bgapi_le_connection.c.obj)
                0x000000000000f2b2                bgapi_close_le_connection
 .text.sli_bt_cmd_le_connection_close
                0x000000000000f2c8       0x2c /Users/timofieiev/Desktop/ble_app/ble/protocol/bluetooth/lib/EFR32BG1B/GCC/libbluetooth.a(bgapi_le_connection.c.obj)
                0x000000000000f2c8                sli_bt_cmd_le_connection_close
 .text.bgapi_system_listener
                0x000000000000f2f4       0x30 /Users/timofieiev/Desktop/ble_app/ble/protocol/bluetooth/lib/EFR32BG1B/GCC/libbluetooth.a(bgapi_system.c.obj)
                0x000000000000f2f4                bgapi_system_listener
 .text.lib_system_handler_init
                0x000000000000f324       0x14 /Users/timofieiev/Desktop/ble_app/ble/protocol/bluetooth/lib/EFR32BG1B/GCC/libbluetooth.a(bgapi_system.c.obj)
                0x000000000000f324                lib_system_handler_init
 .text.sli_bt_cmd_system_reset
                0x000000000000f338        0x6 /Users/timofieiev/Desktop/ble_app/ble/protocol/bluetooth/lib/EFR32BG1B/GCC/libbluetooth.a(bgapi_system.c.obj)
                0x000000000000f338                sli_bt_cmd_system_reset
 *fill*         0x000000000000f33e        0x2 
 .text.bgbuf_alloc_int
                0x000000000000f340       0x94 /Users/timofieiev/Desktop/ble_app/ble/protocol/bluetooth/lib/EFR32BG1B/GCC/libbluetooth.a(bgbuf.c.obj)
 .text.bgbuf_init
                0x000000000000f3d4       0x40 /Users/timofieiev/Desktop/ble_app/ble/protocol/bluetooth/lib/EFR32BG1B/GCC/libbluetooth.a(bgbuf.c.obj)
                0x000000000000f3d4                bgbuf_init
 .text.bgbuf_alloc
                0x000000000000f414        0xc /Users/timofieiev/Desktop/ble_app/ble/protocol/bluetooth/lib/EFR32BG1B/GCC/libbluetooth.a(bgbuf.c.obj)
                0x000000000000f414                bgbuf_alloc
 .text.bgbuf_alloc_size
                0x000000000000f420       0x10 /Users/timofieiev/Desktop/ble_app/ble/protocol/bluetooth/lib/EFR32BG1B/GCC/libbluetooth.a(bgbuf.c.obj)
                0x000000000000f420                bgbuf_alloc_size
 .text.bgbuf_free
                0x000000000000f430       0x7c /Users/timofieiev/Desktop/ble_app/ble/protocol/bluetooth/lib/EFR32BG1B/GCC/libbluetooth.a(bgbuf.c.obj)
                0x000000000000f430                bgbuf_free
 .text.bgbuf_append
                0x000000000000f4ac       0x16 /Users/timofieiev/Desktop/ble_app/ble/protocol/bluetooth/lib/EFR32BG1B/GCC/libbluetooth.a(bgbuf.c.obj)
                0x000000000000f4ac                bgbuf_append
 .text.bgbuf_append_data
                0x000000000000f4c2       0x24 /Users/timofieiev/Desktop/ble_app/ble/protocol/bluetooth/lib/EFR32BG1B/GCC/libbluetooth.a(bgbuf.c.obj)
                0x000000000000f4c2                bgbuf_append_data
 .text.bgbuf_copy_to
                0x000000000000f4e6       0x5e /Users/timofieiev/Desktop/ble_app/ble/protocol/bluetooth/lib/EFR32BG1B/GCC/libbluetooth.a(bgbuf.c.obj)
                0x000000000000f4e6                bgbuf_copy_to
 .text.bgbuf_chain_free
                0x000000000000f544       0x14 /Users/timofieiev/Desktop/ble_app/ble/protocol/bluetooth/lib/EFR32BG1B/GCC/libbluetooth.a(bgbuf.c.obj)
                0x000000000000f544                bgbuf_chain_free
 .text.bgbuf_clone
                0x000000000000f558       0x72 /Users/timofieiev/Desktop/ble_app/ble/protocol/bluetooth/lib/EFR32BG1B/GCC/libbluetooth.a(bgbuf.c.obj)
                0x000000000000f558                bgbuf_clone
 .text.bgbuf_chain_pop_packet
                0x000000000000f5ca       0x26 /Users/timofieiev/Desktop/ble_app/ble/protocol/bluetooth/lib/EFR32BG1B/GCC/libbluetooth.a(bgbuf.c.obj)
                0x000000000000f5ca                bgbuf_chain_pop_packet
 .text.bgbuf_prepend_no_alloc
                0x000000000000f5f0       0x40 /Users/timofieiev/Desktop/ble_app/ble/protocol/bluetooth/lib/EFR32BG1B/GCC/libbluetooth.a(bgbuf.c.obj)
                0x000000000000f5f0                bgbuf_prepend_no_alloc
 .text.bgbuf_prepend
                0x000000000000f630       0x24 /Users/timofieiev/Desktop/ble_app/ble/protocol/bluetooth/lib/EFR32BG1B/GCC/libbluetooth.a(bgbuf.c.obj)
                0x000000000000f630                bgbuf_prepend
 .text.bgbuf_split
                0x000000000000f654       0x50 /Users/timofieiev/Desktop/ble_app/ble/protocol/bluetooth/lib/EFR32BG1B/GCC/libbluetooth.a(bgbuf.c.obj)
                0x000000000000f654                bgbuf_split
 .text.bgbuf_chain_get
                0x000000000000f6a4       0x46 /Users/timofieiev/Desktop/ble_app/ble/protocol/bluetooth/lib/EFR32BG1B/GCC/libbluetooth.a(bgbuf.c.obj)
                0x000000000000f6a4                bgbuf_chain_get
 .text.bgbuf_chain_get_head
                0x000000000000f6ea       0x10 /Users/timofieiev/Desktop/ble_app/ble/protocol/bluetooth/lib/EFR32BG1B/GCC/libbluetooth.a(bgbuf.c.obj)
                0x000000000000f6ea                bgbuf_chain_get_head
 .text.bgbuf_chain_len
                0x000000000000f6fa       0x14 /Users/timofieiev/Desktop/ble_app/ble/protocol/bluetooth/lib/EFR32BG1B/GCC/libbluetooth.a(bgbuf.c.obj)
                0x000000000000f6fa                bgbuf_chain_len
 .text.bgbuf_memcmp
                0x000000000000f70e       0x44 /Users/timofieiev/Desktop/ble_app/ble/protocol/bluetooth/lib/EFR32BG1B/GCC/libbluetooth.a(bgbuf.c.obj)
                0x000000000000f70e                bgbuf_memcmp
 .text.bgbuf_cmp
                0x000000000000f752       0xac /Users/timofieiev/Desktop/ble_app/ble/protocol/bluetooth/lib/EFR32BG1B/GCC/libbluetooth.a(bgbuf.c.obj)
                0x000000000000f752                bgbuf_cmp
 .text.bgbuf_chain_add
                0x000000000000f7fe       0x14 /Users/timofieiev/Desktop/ble_app/ble/protocol/bluetooth/lib/EFR32BG1B/GCC/libbluetooth.a(bgbuf.c.obj)
                0x000000000000f7fe                bgbuf_chain_add
 .text.bgbuf_chain_append_data
                0x000000000000f812       0x64 /Users/timofieiev/Desktop/ble_app/ble/protocol/bluetooth/lib/EFR32BG1B/GCC/libbluetooth.a(bgbuf.c.obj)
                0x000000000000f812                bgbuf_chain_append_data
 .text.bgbuf_alloc_copy_data
                0x000000000000f876       0x2a /Users/timofieiev/Desktop/ble_app/ble/protocol/bluetooth/lib/EFR32BG1B/GCC/libbluetooth.a(bgbuf.c.obj)
                0x000000000000f876                bgbuf_alloc_copy_data
 .text.bgbuf_chain_drop
                0x000000000000f8a0       0x2c /Users/timofieiev/Desktop/ble_app/ble/protocol/bluetooth/lib/EFR32BG1B/GCC/libbluetooth.a(bgbuf.c.obj)
                0x000000000000f8a0                bgbuf_chain_drop
 .text.bgbuf_chain_drop_end
                0x000000000000f8cc       0x42 /Users/timofieiev/Desktop/ble_app/ble/protocol/bluetooth/lib/EFR32BG1B/GCC/libbluetooth.a(bgbuf.c.obj)
                0x000000000000f8cc                bgbuf_chain_drop_end
 .text.bgbuf_chain_defragment
                0x000000000000f90e       0x8c /Users/timofieiev/Desktop/ble_app/ble/protocol/bluetooth/lib/EFR32BG1B/GCC/libbluetooth.a(bgbuf.c.obj)
                0x000000000000f90e                bgbuf_chain_defragment
 *fill*         0x000000000000f99a        0x2 
 .text.bgbuf_add_callback
                0x000000000000f99c       0x1c /Users/timofieiev/Desktop/ble_app/ble/protocol/bluetooth/lib/EFR32BG1B/GCC/libbluetooth.a(bgbuf.c.obj)
                0x000000000000f99c                bgbuf_add_callback
 .text.gecko_init_alloc
                0x000000000000f9b8       0x38 /Users/timofieiev/Desktop/ble_app/ble/protocol/bluetooth/lib/EFR32BG1B/GCC/libbluetooth.a(bglib.c.obj)
                0x000000000000f9b8                gecko_init_alloc
 .text.user_signal_message_handler
                0x000000000000f9f0       0x2c /Users/timofieiev/Desktop/ble_app/ble/protocol/bluetooth/lib/EFR32BG1B/GCC/libbluetooth.a(bglib.c.obj)
 .text.gecko_process_event
                0x000000000000fa1c       0x5c /Users/timofieiev/Desktop/ble_app/ble/protocol/bluetooth/lib/EFR32BG1B/GCC/libbluetooth.a(bglib.c.obj)
 .text.set_ctune
                0x000000000000fa78       0x64 /Users/timofieiev/Desktop/ble_app/ble/protocol/bluetooth/lib/EFR32BG1B/GCC/libbluetooth.a(bglib.c.obj)
                0x000000000000fa78                set_ctune
 .text.check_ctune_override
                0x000000000000fadc       0x2c /Users/timofieiev/Desktop/ble_app/ble/protocol/bluetooth/lib/EFR32BG1B/GCC/libbluetooth.a(bglib.c.obj)
                0x000000000000fadc                check_ctune_override
 .text.gecko_stack_init
                0x000000000000fb08      0x260 /Users/timofieiev/Desktop/ble_app/ble/protocol/bluetooth/lib/EFR32BG1B/GCC/libbluetooth.a(bglib.c.obj)
                0x000000000000fb08                gecko_stack_init
 .text.gecko_wait_event
                0x000000000000fd68        0x6 /Users/timofieiev/Desktop/ble_app/ble/protocol/bluetooth/lib/EFR32BG1B/GCC/libbluetooth.a(bglib.c.obj)
                0x000000000000fd68                gecko_wait_event
 *fill*         0x000000000000fd6e        0x2 
 .text.gecko_stack_update_callback
                0x000000000000fd70       0x10 /Users/timofieiev/Desktop/ble_app/ble/protocol/bluetooth/lib/EFR32BG1B/GCC/libbluetooth.a(bglib.c.obj)
                0x000000000000fd70                gecko_stack_update_callback
 .text.bootloader_getInfo
                0x000000000000fd80       0x48 /Users/timofieiev/Desktop/ble_app/ble/protocol/bluetooth/lib/EFR32BG1B/GCC/libbluetooth.a(btl_interface.c.obj)
                0x000000000000fd80                bootloader_getInfo
 .text.gap_is_scanning_or_advertising.part.0
                0x000000000000fdc8       0x2c /Users/timofieiev/Desktop/ble_app/ble/protocol/bluetooth/lib/EFR32BG1B/GCC/libbluetooth.a(gap.c.obj)
 .text.gap_is_resolvable
                0x000000000000fdf4       0x18 /Users/timofieiev/Desktop/ble_app/ble/protocol/bluetooth/lib/EFR32BG1B/GCC/libbluetooth.a(gap.c.obj)
                0x000000000000fdf4                gap_is_resolvable
 .text.gap_init
                0x000000000000fe0c       0x14 /Users/timofieiev/Desktop/ble_app/ble/protocol/bluetooth/lib/EFR32BG1B/GCC/libbluetooth.a(gap.c.obj)
                0x000000000000fe0c                gap_init
 .text.gap_reset_state
                0x000000000000fe20       0xb8 /Users/timofieiev/Desktop/ble_app/ble/protocol/bluetooth/lib/EFR32BG1B/GCC/libbluetooth.a(gap.c.obj)
                0x000000000000fe20                gap_reset_state
 .text.gap_notify_connection_parameters
                0x000000000000fed8       0x60 /Users/timofieiev/Desktop/ble_app/ble/protocol/bluetooth/lib/EFR32BG1B/GCC/libbluetooth.a(gap.c.obj)
                0x000000000000fed8                gap_notify_connection_parameters
 .text.gap_connection_complete.part.4
                0x000000000000ff38       0xc8 /Users/timofieiev/Desktop/ble_app/ble/protocol/bluetooth/lib/EFR32BG1B/GCC/libbluetooth.a(gap.c.obj)
 .text.gap_notify_phy_status
                0x0000000000010000       0x3c /Users/timofieiev/Desktop/ble_app/ble/protocol/bluetooth/lib/EFR32BG1B/GCC/libbluetooth.a(gap.c.obj)
                0x0000000000010000                gap_notify_phy_status
 .text.gap_resolver_completed
                0x000000000001003c       0x90 /Users/timofieiev/Desktop/ble_app/ble/protocol/bluetooth/lib/EFR32BG1B/GCC/libbluetooth.a(gap.c.obj)
                0x000000000001003c                gap_resolver_completed
 .text.check_private_address_and_timer
                0x00000000000100cc       0x64 /Users/timofieiev/Desktop/ble_app/ble/protocol/bluetooth/lib/EFR32BG1B/GCC/libbluetooth.a(gap.c.obj)
                0x00000000000100cc                check_private_address_and_timer
 .text.gap_scan_update
                0x0000000000010130       0xb8 /Users/timofieiev/Desktop/ble_app/ble/protocol/bluetooth/lib/EFR32BG1B/GCC/libbluetooth.a(gap.c.obj)
                0x0000000000010130                gap_scan_update
 .text.gap_listener
                0x00000000000101e8       0xa4 /Users/timofieiev/Desktop/ble_app/ble/protocol/bluetooth/lib/EFR32BG1B/GCC/libbluetooth.a(gap.c.obj)
                0x00000000000101e8                gap_listener
 .text.gap_disconnect_acl
                0x000000000001028c       0x12 /Users/timofieiev/Desktop/ble_app/ble/protocol/bluetooth/lib/EFR32BG1B/GCC/libbluetooth.a(gap.c.obj)
                0x000000000001028c                gap_disconnect_acl
 *fill*         0x000000000001029e        0x2 
 .text.gap_connection_disconnected
                0x00000000000102a0       0x34 /Users/timofieiev/Desktop/ble_app/ble/protocol/bluetooth/lib/EFR32BG1B/GCC/libbluetooth.a(gap.c.obj)
                0x00000000000102a0                gap_connection_disconnected
 .text.gap_connection_complete
                0x00000000000102d4       0x5c /Users/timofieiev/Desktop/ble_app/ble/protocol/bluetooth/lib/EFR32BG1B/GCC/libbluetooth.a(gap.c.obj)
                0x00000000000102d4                gap_connection_complete
 .text.gap_encryption_changed
                0x0000000000010330       0x50 /Users/timofieiev/Desktop/ble_app/ble/protocol/bluetooth/lib/EFR32BG1B/GCC/libbluetooth.a(gap.c.obj)
                0x0000000000010330                gap_encryption_changed
 .text.ubt_gap_set_static_address_identity
                0x0000000000010380       0x50 /Users/timofieiev/Desktop/ble_app/ble/protocol/bluetooth/lib/EFR32BG1B/GCC/libbluetooth.a(gap.c.obj)
                0x0000000000010380                ubt_gap_set_static_address_identity
 .text.ubt_gap_get_identity_address
                0x00000000000103d0       0x1c /Users/timofieiev/Desktop/ble_app/ble/protocol/bluetooth/lib/EFR32BG1B/GCC/libbluetooth.a(gap.c.obj)
                0x00000000000103d0                ubt_gap_get_identity_address
 .text.gap_acl_new
                0x00000000000103ec       0x30 /Users/timofieiev/Desktop/ble_app/ble/protocol/bluetooth/lib/EFR32BG1B/GCC/libbluetooth.a(gap.c.obj)
                0x00000000000103ec                gap_acl_new
 .text.gap_open_acl
                0x000000000001041c      0x130 /Users/timofieiev/Desktop/ble_app/ble/protocol/bluetooth/lib/EFR32BG1B/GCC/libbluetooth.a(gap.c.obj)
                0x000000000001041c                gap_open_acl
 .text.ubt_gap_get_identity_address_type
                0x000000000001054c       0x10 /Users/timofieiev/Desktop/ble_app/ble/protocol/bluetooth/lib/EFR32BG1B/GCC/libbluetooth.a(gap.c.obj)
                0x000000000001054c                ubt_gap_get_identity_address_type
 .text.cache_adv_scan_packet
                0x000000000001055c       0x20 /Users/timofieiev/Desktop/ble_app/ble/protocol/bluetooth/lib/EFR32BG1B/GCC/libbluetooth.a(gap_adv.c.obj)
 .text.bgbuf_chain_append_byte
                0x000000000001057c       0x16 /Users/timofieiev/Desktop/ble_app/ble/protocol/bluetooth/lib/EFR32BG1B/GCC/libbluetooth.a(gap_adv.c.obj)
 .text.gap_adv_add_attribute
                0x0000000000010592       0xa6 /Users/timofieiev/Desktop/ble_app/ble/protocol/bluetooth/lib/EFR32BG1B/GCC/libbluetooth.a(gap_adv.c.obj)
 .text.gap_adv_add_name
                0x0000000000010638       0x9e /Users/timofieiev/Desktop/ble_app/ble/protocol/bluetooth/lib/EFR32BG1B/GCC/libbluetooth.a(gap_adv.c.obj)
 .text.use_legacy_advertising
                0x00000000000106d6       0x36 /Users/timofieiev/Desktop/ble_app/ble/protocol/bluetooth/lib/EFR32BG1B/GCC/libbluetooth.a(gap_adv.c.obj)
 .text.gap_alloc_mem
                0x000000000001070c       0x28 /Users/timofieiev/Desktop/ble_app/ble/protocol/bluetooth/lib/EFR32BG1B/GCC/libbluetooth.a(gap_adv.c.obj)
                0x000000000001070c                gap_alloc_mem
 .text.gap_adv_terminated_callback
                0x0000000000010734       0x64 /Users/timofieiev/Desktop/ble_app/ble/protocol/bluetooth/lib/EFR32BG1B/GCC/libbluetooth.a(gap_adv.c.obj)
                0x0000000000010734                gap_adv_terminated_callback
 .text.gap_create_adv_packets
                0x0000000000010798      0x128 /Users/timofieiev/Desktop/ble_app/ble/protocol/bluetooth/lib/EFR32BG1B/GCC/libbluetooth.a(gap_adv.c.obj)
                0x0000000000010798                gap_create_adv_packets
 .text.gap_set_advertising_timing
                0x00000000000108c0       0x64 /Users/timofieiev/Desktop/ble_app/ble/protocol/bluetooth/lib/EFR32BG1B/GCC/libbluetooth.a(gap_adv.c.obj)
                0x00000000000108c0                gap_set_advertising_timing
 .text.gap_get_advertising_scan_report_enable
                0x0000000000010924       0x24 /Users/timofieiev/Desktop/ble_app/ble/protocol/bluetooth/lib/EFR32BG1B/GCC/libbluetooth.a(gap_adv.c.obj)
                0x0000000000010924                gap_get_advertising_scan_report_enable
 .text.gap_adv_update
                0x0000000000010948      0x204 /Users/timofieiev/Desktop/ble_app/ble/protocol/bluetooth/lib/EFR32BG1B/GCC/libbluetooth.a(gap_adv.c.obj)
                0x0000000000010948                gap_adv_update
 .text.gap_stop_advertising
                0x0000000000010b4c       0x34 /Users/timofieiev/Desktop/ble_app/ble/protocol/bluetooth/lib/EFR32BG1B/GCC/libbluetooth.a(gap_adv.c.obj)
                0x0000000000010b4c                gap_stop_advertising
 .text.gap_start_advertising
                0x0000000000010b80      0x11c /Users/timofieiev/Desktop/ble_app/ble/protocol/bluetooth/lib/EFR32BG1B/GCC/libbluetooth.a(gap_adv.c.obj)
                0x0000000000010b80                gap_start_advertising
 .text.gap_address_resolver_step
                0x0000000000010c9c       0x98 /Users/timofieiev/Desktop/ble_app/ble/protocol/bluetooth/lib/EFR32BG1B/GCC/libbluetooth.a(gap_resolver.c.obj)
                0x0000000000010c9c                gap_address_resolver_step
 .text.gap_resolver_start
                0x0000000000010d34       0x40 /Users/timofieiev/Desktop/ble_app/ble/protocol/bluetooth/lib/EFR32BG1B/GCC/libbluetooth.a(gap_resolver.c.obj)
                0x0000000000010d34                gap_resolver_start
 .text.gap_status_set_scan_packet
                0x0000000000010d74       0x20 /Users/timofieiev/Desktop/ble_app/ble/protocol/bluetooth/lib/EFR32BG1B/GCC/libbluetooth.a(gap_scan.c.obj)
                0x0000000000010d74                gap_status_set_scan_packet
 .text.gat_status_get_scan_packet
                0x0000000000010d94        0xc /Users/timofieiev/Desktop/ble_app/ble/protocol/bluetooth/lib/EFR32BG1B/GCC/libbluetooth.a(gap_scan.c.obj)
                0x0000000000010d94                gat_status_get_scan_packet
 .text.gap_status_set_scan_response
                0x0000000000010da0       0x20 /Users/timofieiev/Desktop/ble_app/ble/protocol/bluetooth/lib/EFR32BG1B/GCC/libbluetooth.a(gap_scan.c.obj)
                0x0000000000010da0                gap_status_set_scan_response
 .text.gat_status_get_scan_response
                0x0000000000010dc0        0xc /Users/timofieiev/Desktop/ble_app/ble/protocol/bluetooth/lib/EFR32BG1B/GCC/libbluetooth.a(gap_scan.c.obj)
                0x0000000000010dc0                gat_status_get_scan_response
 .text.handle_scan_response_callback
                0x0000000000010dcc      0x164 /Users/timofieiev/Desktop/ble_app/ble/protocol/bluetooth/lib/EFR32BG1B/GCC/libbluetooth.a(gap_scan.c.obj)
                0x0000000000010dcc                handle_scan_response_callback
 .text.gatt_init
                0x0000000000010f30        0xc /Users/timofieiev/Desktop/ble_app/ble/protocol/bluetooth/lib/EFR32BG1B/GCC/libbluetooth.a(gatt.c.obj)
                0x0000000000010f30                gatt_init
 .text.gatt_init_connection
                0x0000000000010f3c       0x50 /Users/timofieiev/Desktop/ble_app/ble/protocol/bluetooth/lib/EFR32BG1B/GCC/libbluetooth.a(gatt.c.obj)
                0x0000000000010f3c                gatt_init_connection
 .text.gatt_free_connection
                0x0000000000010f8c       0x50 /Users/timofieiev/Desktop/ble_app/ble/protocol/bluetooth/lib/EFR32BG1B/GCC/libbluetooth.a(gatt.c.obj)
                0x0000000000010f8c                gatt_free_connection
 .text.send_gatt_mtu_exchanged_event
                0x0000000000010fdc       0x2a /Users/timofieiev/Desktop/ble_app/ble/protocol/bluetooth/lib/EFR32BG1B/GCC/libbluetooth.a(gatt.c.obj)
                0x0000000000010fdc                send_gatt_mtu_exchanged_event
 .text.gatt_start_procedure_timeout_timer
                0x0000000000011006       0x16 /Users/timofieiev/Desktop/ble_app/ble/protocol/bluetooth/lib/EFR32BG1B/GCC/libbluetooth.a(gatt.c.obj)
                0x0000000000011006                gatt_start_procedure_timeout_timer
 .text.gatt_stop_procedure_timeout_timer
                0x000000000001101c        0x6 /Users/timofieiev/Desktop/ble_app/ble/protocol/bluetooth/lib/EFR32BG1B/GCC/libbluetooth.a(gatt.c.obj)
                0x000000000001101c                gatt_stop_procedure_timeout_timer
 .text.gatt_procedure_timeout
                0x0000000000011022       0x2e /Users/timofieiev/Desktop/ble_app/ble/protocol/bluetooth/lib/EFR32BG1B/GCC/libbluetooth.a(gatt.c.obj)
                0x0000000000011022                gatt_procedure_timeout
 .text.gatt_listener
                0x0000000000011050       0x60 /Users/timofieiev/Desktop/ble_app/ble/protocol/bluetooth/lib/EFR32BG1B/GCC/libbluetooth.a(gatt.c.obj)
 .text.gatt_get_connection
                0x00000000000110b0        0xc /Users/timofieiev/Desktop/ble_app/ble/protocol/bluetooth/lib/EFR32BG1B/GCC/libbluetooth.a(gatt.c.obj)
                0x00000000000110b0                gatt_get_connection
 .text.gatt_get_next_connection
                0x00000000000110bc       0x1a /Users/timofieiev/Desktop/ble_app/ble/protocol/bluetooth/lib/EFR32BG1B/GCC/libbluetooth.a(gatt.c.obj)
                0x00000000000110bc                gatt_get_next_connection
 .text.free_params_data
                0x00000000000110d6        0xc /Users/timofieiev/Desktop/ble_app/ble/protocol/bluetooth/lib/EFR32BG1B/GCC/libbluetooth.a(gatt_client.c.obj)
 .text.alloc_params_data
                0x00000000000110e2       0x2c /Users/timofieiev/Desktop/ble_app/ble/protocol/bluetooth/lib/EFR32BG1B/GCC/libbluetooth.a(gatt_client.c.obj)
 .text.should_start_long_read
                0x000000000001110e       0x36 /Users/timofieiev/Desktop/ble_app/ble/protocol/bluetooth/lib/EFR32BG1B/GCC/libbluetooth.a(gatt_client.c.obj)
 .text.send_service_event
                0x0000000000011144       0x4a /Users/timofieiev/Desktop/ble_app/ble/protocol/bluetooth/lib/EFR32BG1B/GCC/libbluetooth.a(gatt_client.c.obj)
 .text.send_descriptor_value_event
                0x000000000001118e       0x3c /Users/timofieiev/Desktop/ble_app/ble/protocol/bluetooth/lib/EFR32BG1B/GCC/libbluetooth.a(gatt_client.c.obj)
 .text.end_procedure
                0x00000000000111ca       0x3c /Users/timofieiev/Desktop/ble_app/ble/protocol/bluetooth/lib/EFR32BG1B/GCC/libbluetooth.a(gatt_client.c.obj)
 .text.abort_long_write
                0x0000000000011206       0x20 /Users/timofieiev/Desktop/ble_app/ble/protocol/bluetooth/lib/EFR32BG1B/GCC/libbluetooth.a(gatt_client.c.obj)
 .text.send_characteristic_value_event
                0x0000000000011226       0x72 /Users/timofieiev/Desktop/ble_app/ble/protocol/bluetooth/lib/EFR32BG1B/GCC/libbluetooth.a(gatt_client.c.obj)
 .text.write_value
                0x0000000000011298       0x4a /Users/timofieiev/Desktop/ble_app/ble/protocol/bluetooth/lib/EFR32BG1B/GCC/libbluetooth.a(gatt_client.c.obj)
 *fill*         0x00000000000112e2        0x2 
 .text.gatt_find_included_services_handler
                0x00000000000112e4       0xb0 /Users/timofieiev/Desktop/ble_app/ble/protocol/bluetooth/lib/EFR32BG1B/GCC/libbluetooth.a(gatt_client.c.obj)
                0x00000000000112e4                gatt_find_included_services_handler
 .text.gatt_handle_exchange_mtu_rsp
                0x0000000000011394       0x1c /Users/timofieiev/Desktop/ble_app/ble/protocol/bluetooth/lib/EFR32BG1B/GCC/libbluetooth.a(gatt_client.c.obj)
                0x0000000000011394                gatt_handle_exchange_mtu_rsp
 .text.gatt_handle_find_information_response
                0x00000000000113b0      0x152 /Users/timofieiev/Desktop/ble_app/ble/protocol/bluetooth/lib/EFR32BG1B/GCC/libbluetooth.a(gatt_client.c.obj)
                0x00000000000113b0                gatt_handle_find_information_response
 .text.gatt_handle_find_by_type_value_response
                0x0000000000011502       0xa0 /Users/timofieiev/Desktop/ble_app/ble/protocol/bluetooth/lib/EFR32BG1B/GCC/libbluetooth.a(gatt_client.c.obj)
                0x0000000000011502                gatt_handle_find_by_type_value_response
 *fill*         0x00000000000115a2        0x2 
 .text.gatt_handle_read_response
                0x00000000000115a4       0xe4 /Users/timofieiev/Desktop/ble_app/ble/protocol/bluetooth/lib/EFR32BG1B/GCC/libbluetooth.a(gatt_client.c.obj)
                0x00000000000115a4                gatt_handle_read_response
 .text.read_long_value_handler
                0x0000000000011688       0x72 /Users/timofieiev/Desktop/ble_app/ble/protocol/bluetooth/lib/EFR32BG1B/GCC/libbluetooth.a(gatt_client.c.obj)
 .text.gatt_handle_read_blob_response
                0x00000000000116fa       0x36 /Users/timofieiev/Desktop/ble_app/ble/protocol/bluetooth/lib/EFR32BG1B/GCC/libbluetooth.a(gatt_client.c.obj)
                0x00000000000116fa                gatt_handle_read_blob_response
 .text.gatt_handle_read_multiple_response
                0x0000000000011730       0x3c /Users/timofieiev/Desktop/ble_app/ble/protocol/bluetooth/lib/EFR32BG1B/GCC/libbluetooth.a(gatt_client.c.obj)
                0x0000000000011730                gatt_handle_read_multiple_response
 .text.gatt_handle_read_by_type_response
                0x000000000001176c      0x148 /Users/timofieiev/Desktop/ble_app/ble/protocol/bluetooth/lib/EFR32BG1B/GCC/libbluetooth.a(gatt_client.c.obj)
                0x000000000001176c                gatt_handle_read_by_type_response
 .text.gatt_handle_read_by_group_type_response
                0x00000000000118b4       0xaa /Users/timofieiev/Desktop/ble_app/ble/protocol/bluetooth/lib/EFR32BG1B/GCC/libbluetooth.a(gatt_client.c.obj)
                0x00000000000118b4                gatt_handle_read_by_group_type_response
 .text.gatt_handle_write_response
                0x000000000001195e       0x14 /Users/timofieiev/Desktop/ble_app/ble/protocol/bluetooth/lib/EFR32BG1B/GCC/libbluetooth.a(gatt_client.c.obj)
                0x000000000001195e                gatt_handle_write_response
 .text.gatt_handle_prepare_write_response
                0x0000000000011972       0xb6 /Users/timofieiev/Desktop/ble_app/ble/protocol/bluetooth/lib/EFR32BG1B/GCC/libbluetooth.a(gatt_client.c.obj)
                0x0000000000011972                gatt_handle_prepare_write_response
 .text.gatt_handle_execute_write_response
                0x0000000000011a28       0x3c /Users/timofieiev/Desktop/ble_app/ble/protocol/bluetooth/lib/EFR32BG1B/GCC/libbluetooth.a(gatt_client.c.obj)
                0x0000000000011a28                gatt_handle_execute_write_response
 .text.gatt_client_handle_value_notification
                0x0000000000011a64       0x12 /Users/timofieiev/Desktop/ble_app/ble/protocol/bluetooth/lib/EFR32BG1B/GCC/libbluetooth.a(gatt_client.c.obj)
                0x0000000000011a64                gatt_client_handle_value_notification
 .text.gatt_client_handle_value_indication
                0x0000000000011a76       0x14 /Users/timofieiev/Desktop/ble_app/ble/protocol/bluetooth/lib/EFR32BG1B/GCC/libbluetooth.a(gatt_client.c.obj)
                0x0000000000011a76                gatt_client_handle_value_indication
 *fill*         0x0000000000011a8a        0x2 
 .text.gatt_client_init
                0x0000000000011a8c        0xc /Users/timofieiev/Desktop/ble_app/ble/protocol/bluetooth/lib/EFR32BG1B/GCC/libbluetooth.a(gatt_client.c.obj)
                0x0000000000011a8c                gatt_client_init
 .text.get_att_uuid16
                0x0000000000011a98       0x24 /Users/timofieiev/Desktop/ble_app/ble/protocol/bluetooth/lib/EFR32BG1B/GCC/libbluetooth.a(gatt_db_minimal.c.obj)
 .text.get_client_conf
                0x0000000000011abc       0x24 /Users/timofieiev/Desktop/ble_app/ble/protocol/bluetooth/lib/EFR32BG1B/GCC/libbluetooth.a(gatt_db_minimal.c.obj)
 .text.gatt_db_set_db
                0x0000000000011ae0       0x14 /Users/timofieiev/Desktop/ble_app/ble/protocol/bluetooth/lib/EFR32BG1B/GCC/libbluetooth.a(gatt_db_minimal.c.obj)
                0x0000000000011ae0                gatt_db_set_db
 .text.gatt_db_invalidate_hash
                0x0000000000011af4       0x10 /Users/timofieiev/Desktop/ble_app/ble/protocol/bluetooth/lib/EFR32BG1B/GCC/libbluetooth.a(gatt_db_minimal.c.obj)
                0x0000000000011af4                gatt_db_invalidate_hash
 .text.gatt_db_set_client_features
                0x0000000000011b04       0x1c /Users/timofieiev/Desktop/ble_app/ble/protocol/bluetooth/lib/EFR32BG1B/GCC/libbluetooth.a(gatt_db_minimal.c.obj)
                0x0000000000011b04                gatt_db_set_client_features
 .text.gatt_db_handle_inrange
                0x0000000000011b20       0x18 /Users/timofieiev/Desktop/ble_app/ble/protocol/bluetooth/lib/EFR32BG1B/GCC/libbluetooth.a(gatt_db_minimal.c.obj)
                0x0000000000011b20                gatt_db_handle_inrange
 .text.gatt_db_handle_active
                0x0000000000011b38       0x30 /Users/timofieiev/Desktop/ble_app/ble/protocol/bluetooth/lib/EFR32BG1B/GCC/libbluetooth.a(gatt_db_minimal.c.obj)
                0x0000000000011b38                gatt_db_handle_active
 .text.get_client_conf_index
                0x0000000000011b68       0x44 /Users/timofieiev/Desktop/ble_app/ble/protocol/bluetooth/lib/EFR32BG1B/GCC/libbluetooth.a(gatt_db_minimal.c.obj)
 .text.gatt_db_get_char_properties
                0x0000000000011bac       0x44 /Users/timofieiev/Desktop/ble_app/ble/protocol/bluetooth/lib/EFR32BG1B/GCC/libbluetooth.a(gatt_db_minimal.c.obj)
                0x0000000000011bac                gatt_db_get_char_properties
 .text.gatt_db_user_value
                0x0000000000011bf0       0x1c /Users/timofieiev/Desktop/ble_app/ble/protocol/bluetooth/lib/EFR32BG1B/GCC/libbluetooth.a(gatt_db_minimal.c.obj)
                0x0000000000011bf0                gatt_db_user_value
 .text.gatt_db_load_client_conf
                0x0000000000011c0c       0x32 /Users/timofieiev/Desktop/ble_app/ble/protocol/bluetooth/lib/EFR32BG1B/GCC/libbluetooth.a(gatt_db_minimal.c.obj)
                0x0000000000011c0c                gatt_db_load_client_conf
 *fill*         0x0000000000011c3e        0x2 
 .text.gatt_db_get_client_conf
                0x0000000000011c40       0x68 /Users/timofieiev/Desktop/ble_app/ble/protocol/bluetooth/lib/EFR32BG1B/GCC/libbluetooth.a(gatt_db_minimal.c.obj)
                0x0000000000011c40                gatt_db_get_client_conf
 .text.gatt_db_get_att_len
                0x0000000000011ca8       0x3c /Users/timofieiev/Desktop/ble_app/ble/protocol/bluetooth/lib/EFR32BG1B/GCC/libbluetooth.a(gatt_db_minimal.c.obj)
                0x0000000000011ca8                gatt_db_get_att_len
 .text.gatt_db_check_permissions
                0x0000000000011ce4      0x124 /Users/timofieiev/Desktop/ble_app/ble/protocol/bluetooth/lib/EFR32BG1B/GCC/libbluetooth.a(gatt_db_minimal.c.obj)
                0x0000000000011ce4                gatt_db_check_permissions
 .text.gatt_db_get_data
                0x0000000000011e08       0xa0 /Users/timofieiev/Desktop/ble_app/ble/protocol/bluetooth/lib/EFR32BG1B/GCC/libbluetooth.a(gatt_db_minimal.c.obj)
                0x0000000000011e08                gatt_db_get_data
 .text.gatt_db_set_hash
                0x0000000000011ea8       0xfc /Users/timofieiev/Desktop/ble_app/ble/protocol/bluetooth/lib/EFR32BG1B/GCC/libbluetooth.a(gatt_db_minimal.c.obj)
                0x0000000000011ea8                gatt_db_set_hash
 .text.gatt_db_find_attribute_by_type
                0x0000000000011fa4       0x38 /Users/timofieiev/Desktop/ble_app/ble/protocol/bluetooth/lib/EFR32BG1B/GCC/libbluetooth.a(gatt_db_minimal.c.obj)
                0x0000000000011fa4                gatt_db_find_attribute_by_type
 .text.gatt_db_find_group_end
                0x0000000000011fdc       0x48 /Users/timofieiev/Desktop/ble_app/ble/protocol/bluetooth/lib/EFR32BG1B/GCC/libbluetooth.a(gatt_db_minimal.c.obj)
                0x0000000000011fdc                gatt_db_find_group_end
 .text.gatt_db_find_by_type_value
                0x0000000000012024       0x90 /Users/timofieiev/Desktop/ble_app/ble/protocol/bluetooth/lib/EFR32BG1B/GCC/libbluetooth.a(gatt_db_minimal.c.obj)
                0x0000000000012024                gatt_db_find_by_type_value
 .text.gatt_db_populate_adv_services
                0x00000000000120b4      0x164 /Users/timofieiev/Desktop/ble_app/ble/protocol/bluetooth/lib/EFR32BG1B/GCC/libbluetooth.a(gatt_db_minimal.c.obj)
                0x00000000000120b4                gatt_db_populate_adv_services
 .text.gatt_db_get_attribute_type
                0x0000000000012218       0x34 /Users/timofieiev/Desktop/ble_app/ble/protocol/bluetooth/lib/EFR32BG1B/GCC/libbluetooth.a(gatt_db_minimal.c.obj)
                0x0000000000012218                gatt_db_get_attribute_type
 .text.gatt_db_get_16bit_char_handle
                0x000000000001224c       0x26 /Users/timofieiev/Desktop/ble_app/ble/protocol/bluetooth/lib/EFR32BG1B/GCC/libbluetooth.a(gatt_db_minimal.c.obj)
                0x000000000001224c                gatt_db_get_16bit_char_handle
 .text.set_client_conf.part.2
                0x0000000000012272       0x7e /Users/timofieiev/Desktop/ble_app/ble/protocol/bluetooth/lib/EFR32BG1B/GCC/libbluetooth.a(gatt_db_minimal.c.obj)
 .text.gatt_db_set_data
                0x00000000000122f0      0x160 /Users/timofieiev/Desktop/ble_app/ble/protocol/bluetooth/lib/EFR32BG1B/GCC/libbluetooth.a(gatt_db_minimal.c.obj)
                0x00000000000122f0                gatt_db_set_data
 .text.gatt_db_reset_client_conf
                0x0000000000012450       0x50 /Users/timofieiev/Desktop/ble_app/ble/protocol/bluetooth/lib/EFR32BG1B/GCC/libbluetooth.a(gatt_db_minimal.c.obj)
                0x0000000000012450                gatt_db_reset_client_conf
 .text.send_user_read_request_event
                0x00000000000124a0       0x32 /Users/timofieiev/Desktop/ble_app/ble/protocol/bluetooth/lib/EFR32BG1B/GCC/libbluetooth.a(gatt_server.c.obj)
 .text.send_user_write_request_event
                0x00000000000124d2       0x3a /Users/timofieiev/Desktop/ble_app/ble/protocol/bluetooth/lib/EFR32BG1B/GCC/libbluetooth.a(gatt_server.c.obj)
 .text.send_execute_write_completed_event
                0x000000000001250c       0x2a /Users/timofieiev/Desktop/ble_app/ble/protocol/bluetooth/lib/EFR32BG1B/GCC/libbluetooth.a(gatt_server.c.obj)
 .text.finish_read_req
                0x0000000000012536       0x96 /Users/timofieiev/Desktop/ble_app/ble/protocol/bluetooth/lib/EFR32BG1B/GCC/libbluetooth.a(gatt_server.c.obj)
 .text.handle_read_req
                0x00000000000125cc       0xa4 /Users/timofieiev/Desktop/ble_app/ble/protocol/bluetooth/lib/EFR32BG1B/GCC/libbluetooth.a(gatt_server.c.obj)
 .text.finish_execute_write_req
                0x0000000000012670       0xa8 /Users/timofieiev/Desktop/ble_app/ble/protocol/bluetooth/lib/EFR32BG1B/GCC/libbluetooth.a(gatt_server.c.obj)
 .text.send_notification
                0x0000000000012718       0x6c /Users/timofieiev/Desktop/ble_app/ble/protocol/bluetooth/lib/EFR32BG1B/GCC/libbluetooth.a(gatt_server.c.obj)
 .text.gatt_server_send_attribute_value_event
                0x0000000000012784       0x3a /Users/timofieiev/Desktop/ble_app/ble/protocol/bluetooth/lib/EFR32BG1B/GCC/libbluetooth.a(gatt_server.c.obj)
                0x0000000000012784                gatt_server_send_attribute_value_event
 .text.gatt_server_send_characteristic_status_event
                0x00000000000127be       0x32 /Users/timofieiev/Desktop/ble_app/ble/protocol/bluetooth/lib/EFR32BG1B/GCC/libbluetooth.a(gatt_server.c.obj)
                0x00000000000127be                gatt_server_send_characteristic_status_event
 .text.gatt_server_handle_exchange_mtu_req
                0x00000000000127f0       0x3c /Users/timofieiev/Desktop/ble_app/ble/protocol/bluetooth/lib/EFR32BG1B/GCC/libbluetooth.a(gatt_server.c.obj)
                0x00000000000127f0                gatt_server_handle_exchange_mtu_req
 .text.gatt_server_handle_read_by_group_type
                0x000000000001282c      0x120 /Users/timofieiev/Desktop/ble_app/ble/protocol/bluetooth/lib/EFR32BG1B/GCC/libbluetooth.a(gatt_server.c.obj)
                0x000000000001282c                gatt_server_handle_read_by_group_type
 .text.gatt_server_handle_read_by_type
                0x000000000001294c      0x184 /Users/timofieiev/Desktop/ble_app/ble/protocol/bluetooth/lib/EFR32BG1B/GCC/libbluetooth.a(gatt_server.c.obj)
                0x000000000001294c                gatt_server_handle_read_by_type
 .text.gatt_server_handle_find_information
                0x0000000000012ad0       0xe2 /Users/timofieiev/Desktop/ble_app/ble/protocol/bluetooth/lib/EFR32BG1B/GCC/libbluetooth.a(gatt_server.c.obj)
                0x0000000000012ad0                gatt_server_handle_find_information
 .text.gatt_server_handle_find_by_type_value_req
                0x0000000000012bb2       0xc8 /Users/timofieiev/Desktop/ble_app/ble/protocol/bluetooth/lib/EFR32BG1B/GCC/libbluetooth.a(gatt_server.c.obj)
                0x0000000000012bb2                gatt_server_handle_find_by_type_value_req
 .text.gatt_server_handle_read_req
                0x0000000000012c7a        0xc /Users/timofieiev/Desktop/ble_app/ble/protocol/bluetooth/lib/EFR32BG1B/GCC/libbluetooth.a(gatt_server.c.obj)
                0x0000000000012c7a                gatt_server_handle_read_req
 .text.gatt_server_handle_read_blob_req
                0x0000000000012c86        0xa /Users/timofieiev/Desktop/ble_app/ble/protocol/bluetooth/lib/EFR32BG1B/GCC/libbluetooth.a(gatt_server.c.obj)
                0x0000000000012c86                gatt_server_handle_read_blob_req
 .text.gatt_server_handle_read_multiple_req
                0x0000000000012c90       0xee /Users/timofieiev/Desktop/ble_app/ble/protocol/bluetooth/lib/EFR32BG1B/GCC/libbluetooth.a(gatt_server.c.obj)
                0x0000000000012c90                gatt_server_handle_read_multiple_req
 .text.gatt_server_handle_write_req
                0x0000000000012d7e       0x96 /Users/timofieiev/Desktop/ble_app/ble/protocol/bluetooth/lib/EFR32BG1B/GCC/libbluetooth.a(gatt_server.c.obj)
                0x0000000000012d7e                gatt_server_handle_write_req
 .text.gatt_server_handle_write_cmd
                0x0000000000012e14       0x84 /Users/timofieiev/Desktop/ble_app/ble/protocol/bluetooth/lib/EFR32BG1B/GCC/libbluetooth.a(gatt_server.c.obj)
                0x0000000000012e14                gatt_server_handle_write_cmd
 .text.gatt_server_handle_prepare_write_req
                0x0000000000012e98       0xa4 /Users/timofieiev/Desktop/ble_app/ble/protocol/bluetooth/lib/EFR32BG1B/GCC/libbluetooth.a(gatt_server.c.obj)
                0x0000000000012e98                gatt_server_handle_prepare_write_req
 .text.gatt_server_handle_execute_write_req
                0x0000000000012f3c       0x28 /Users/timofieiev/Desktop/ble_app/ble/protocol/bluetooth/lib/EFR32BG1B/GCC/libbluetooth.a(gatt_server.c.obj)
                0x0000000000012f3c                gatt_server_handle_execute_write_req
 .text.gatt_server_handle_value_cfm
                0x0000000000012f64       0x48 /Users/timofieiev/Desktop/ble_app/ble/protocol/bluetooth/lib/EFR32BG1B/GCC/libbluetooth.a(gatt_server.c.obj)
                0x0000000000012f64                gatt_server_handle_value_cfm
 .text.gatt_server_send_user_write_response
                0x0000000000012fac       0x6e /Users/timofieiev/Desktop/ble_app/ble/protocol/bluetooth/lib/EFR32BG1B/GCC/libbluetooth.a(gatt_server.c.obj)
                0x0000000000012fac                gatt_server_send_user_write_response
 *fill*         0x000000000001301a        0x2 
 .text.gatt_server_report_gattdb_change
                0x000000000001301c       0x5c /Users/timofieiev/Desktop/ble_app/ble/protocol/bluetooth/lib/EFR32BG1B/GCC/libbluetooth.a(gatt_server.c.obj)
                0x000000000001301c                gatt_server_report_gattdb_change
 .text.gatt_server_report_client_config
                0x0000000000013078       0xa8 /Users/timofieiev/Desktop/ble_app/ble/protocol/bluetooth/lib/EFR32BG1B/GCC/libbluetooth.a(gatt_server.c.obj)
                0x0000000000013078                gatt_server_report_client_config
 .text.handle_database_changed.part.4
                0x0000000000013120       0x70 /Users/timofieiev/Desktop/ble_app/ble/protocol/bluetooth/lib/EFR32BG1B/GCC/libbluetooth.a(gatt_server.c.obj)
 .text.gatt_server_handle_att
                0x0000000000013190      0x262 /Users/timofieiev/Desktop/ble_app/ble/protocol/bluetooth/lib/EFR32BG1B/GCC/libbluetooth.a(gatt_server.c.obj)
                0x0000000000013190                gatt_server_handle_att
 .text.gatt_set_gattdb
                0x00000000000133f2       0x34 /Users/timofieiev/Desktop/ble_app/ble/protocol/bluetooth/lib/EFR32BG1B/GCC/libbluetooth.a(gatt_server.c.obj)
                0x00000000000133f2                gatt_set_gattdb
 .text.gecko_bgapi_class_dfu_init
                0x0000000000013426       0x12 /Users/timofieiev/Desktop/ble_app/ble/protocol/bluetooth/lib/EFR32BG1B/GCC/libbluetooth.a(gecko_bgapi_dfu.c.obj)
                0x0000000000013426                gecko_bgapi_class_dfu_init
 .text.gecko_bgapi_class_endpoint_init
                0x0000000000013438       0x12 /Users/timofieiev/Desktop/ble_app/ble/protocol/bluetooth/lib/EFR32BG1B/GCC/libbluetooth.a(gecko_bgapi_endpoint.c.obj)
                0x0000000000013438                gecko_bgapi_class_endpoint_init
 .text.gecko_bgapi_class_flash_init
                0x000000000001344a       0x12 /Users/timofieiev/Desktop/ble_app/ble/protocol/bluetooth/lib/EFR32BG1B/GCC/libbluetooth.a(gecko_bgapi_flash.c.obj)
                0x000000000001344a                gecko_bgapi_class_flash_init
 .text.gecko_bgapi_class_le_gap_init
                0x000000000001345c       0x12 /Users/timofieiev/Desktop/ble_app/ble/protocol/bluetooth/lib/EFR32BG1B/GCC/libbluetooth.a(gecko_bgapi_gap.c.obj)
                0x000000000001345c                gecko_bgapi_class_le_gap_init
 .text.gecko_bgapi_class_gatt_init
                0x000000000001346e       0x12 /Users/timofieiev/Desktop/ble_app/ble/protocol/bluetooth/lib/EFR32BG1B/GCC/libbluetooth.a(gecko_bgapi_gatt.c.obj)
                0x000000000001346e                gecko_bgapi_class_gatt_init
 .text.gecko_bgapi_class_gatt_server_init
                0x0000000000013480       0x12 /Users/timofieiev/Desktop/ble_app/ble/protocol/bluetooth/lib/EFR32BG1B/GCC/libbluetooth.a(gecko_bgapi_gatt_server.c.obj)
                0x0000000000013480                gecko_bgapi_class_gatt_server_init
 .text.gecko_bgapi_class_hardware_init
                0x0000000000013492       0x12 /Users/timofieiev/Desktop/ble_app/ble/protocol/bluetooth/lib/EFR32BG1B/GCC/libbluetooth.a(gecko_bgapi_hardware.c.obj)
                0x0000000000013492                gecko_bgapi_class_hardware_init
 .text.gecko_bgapi_class_le_connection_init
                0x00000000000134a4       0x12 /Users/timofieiev/Desktop/ble_app/ble/protocol/bluetooth/lib/EFR32BG1B/GCC/libbluetooth.a(gecko_bgapi_le_connection.c.obj)
                0x00000000000134a4                gecko_bgapi_class_le_connection_init
 .text.gecko_bgapi_class_sm_init
                0x00000000000134b6       0x12 /Users/timofieiev/Desktop/ble_app/ble/protocol/bluetooth/lib/EFR32BG1B/GCC/libbluetooth.a(gecko_bgapi_sm.c.obj)
                0x00000000000134b6                gecko_bgapi_class_sm_init
 .text.gecko_bgapi_class_system_init
                0x00000000000134c8       0x12 /Users/timofieiev/Desktop/ble_app/ble/protocol/bluetooth/lib/EFR32BG1B/GCC/libbluetooth.a(gecko_bgapi_system.c.obj)
                0x00000000000134c8                gecko_bgapi_class_system_init
 .text.gecko_bgapi_class_test_init
                0x00000000000134da       0x12 /Users/timofieiev/Desktop/ble_app/ble/protocol/bluetooth/lib/EFR32BG1B/GCC/libbluetooth.a(gecko_bgapi_test.c.obj)
                0x00000000000134da                gecko_bgapi_class_test_init
 .text.handle_bgapi_output
                0x00000000000134ec       0x74 /Users/timofieiev/Desktop/ble_app/ble/protocol/bluetooth/lib/EFR32BG1B/GCC/libbluetooth.a(gecko_endpoints.c.obj)
 .text.finish_command.isra.0
                0x0000000000013560       0x28 /Users/timofieiev/Desktop/ble_app/ble/protocol/bluetooth/lib/EFR32BG1B/GCC/libbluetooth.a(gecko_endpoints.c.obj)
 .text.gecko_release_evt
                0x0000000000013588       0x14 /Users/timofieiev/Desktop/ble_app/ble/protocol/bluetooth/lib/EFR32BG1B/GCC/libbluetooth.a(gecko_endpoints.c.obj)
                0x0000000000013588                gecko_release_evt
 .text.gecko_get_evt
                0x000000000001359c       0x10 /Users/timofieiev/Desktop/ble_app/ble/protocol/bluetooth/lib/EFR32BG1B/GCC/libbluetooth.a(gecko_endpoints.c.obj)
                0x000000000001359c                gecko_get_evt
 .text.gecko_register_bgapi_library
                0x00000000000135ac       0x38 /Users/timofieiev/Desktop/ble_app/ble/protocol/bluetooth/lib/EFR32BG1B/GCC/libbluetooth.a(gecko_endpoints.c.obj)
                0x00000000000135ac                gecko_register_bgapi_library
 .text.gecko_handle_library_packet
                0x00000000000135e4       0x10 /Users/timofieiev/Desktop/ble_app/ble/protocol/bluetooth/lib/EFR32BG1B/GCC/libbluetooth.a(gecko_endpoints.c.obj)
                0x00000000000135e4                gecko_handle_library_packet
 .text.sli_bt_cmd_handler_delegate
                0x00000000000135f4       0x74 /Users/timofieiev/Desktop/ble_app/ble/protocol/bluetooth/lib/EFR32BG1B/GCC/libbluetooth.a(gecko_endpoints.c.obj)
                0x00000000000135f4                sli_bt_cmd_handler_delegate
 .text.hci_increase_token
                0x0000000000013668       0x12 /Users/timofieiev/Desktop/ble_app/ble/protocol/bluetooth/lib/EFR32BG1B/GCC/libbluetooth.a(hci.c.obj)
 *fill*         0x000000000001367a        0x2 
 .text.hci_init
                0x000000000001367c       0x1c /Users/timofieiev/Desktop/ble_app/ble/protocol/bluetooth/lib/EFR32BG1B/GCC/libbluetooth.a(hci.c.obj)
                0x000000000001367c                hci_init
 .text.hci_command_status_handle
                0x0000000000013698       0x40 /Users/timofieiev/Desktop/ble_app/ble/protocol/bluetooth/lib/EFR32BG1B/GCC/libbluetooth.a(hci.c.obj)
                0x0000000000013698                hci_command_status_handle
 .text.hci_command_complete_handle
                0x00000000000136d8      0x148 /Users/timofieiev/Desktop/ble_app/ble/protocol/bluetooth/lib/EFR32BG1B/GCC/libbluetooth.a(hci.c.obj)
                0x00000000000136d8                hci_command_complete_handle
 .text.handle_extended_advertising_report
                0x0000000000013820       0xe4 /Users/timofieiev/Desktop/ble_app/ble/protocol/bluetooth/lib/EFR32BG1B/GCC/libbluetooth.a(hci.c.obj)
                0x0000000000013820                handle_extended_advertising_report
 .text.hci_inject_acl
                0x0000000000013904        0xc /Users/timofieiev/Desktop/ble_app/ble/protocol/bluetooth/lib/EFR32BG1B/GCC/libbluetooth.a(hci.c.obj)
                0x0000000000013904                hci_inject_acl
 .text.hci_packets_waiting
                0x0000000000013910       0x18 /Users/timofieiev/Desktop/ble_app/ble/protocol/bluetooth/lib/EFR32BG1B/GCC/libbluetooth.a(hci.c.obj)
                0x0000000000013910                hci_packets_waiting
 .text.hci_get_acl_packet
                0x0000000000013928       0x14 /Users/timofieiev/Desktop/ble_app/ble/protocol/bluetooth/lib/EFR32BG1B/GCC/libbluetooth.a(hci.c.obj)
                0x0000000000013928                hci_get_acl_packet
 .text.hci_send_command
                0x000000000001393c       0x12 /Users/timofieiev/Desktop/ble_app/ble/protocol/bluetooth/lib/EFR32BG1B/GCC/libbluetooth.a(hci.c.obj)
                0x000000000001393c                hci_send_command
 .text.hci_read_bdaddr
                0x000000000001394e       0x1c /Users/timofieiev/Desktop/ble_app/ble/protocol/bluetooth/lib/EFR32BG1B/GCC/libbluetooth.a(hci.c.obj)
                0x000000000001394e                hci_read_bdaddr
 *fill*         0x000000000001396a        0x2 
 .text.hci_state_listener
                0x000000000001396c       0x14 /Users/timofieiev/Desktop/ble_app/ble/protocol/bluetooth/lib/EFR32BG1B/GCC/libbluetooth.a(hci.c.obj)
                0x000000000001396c                hci_state_listener
 .text.hci_set_state
                0x0000000000013980       0x1c /Users/timofieiev/Desktop/ble_app/ble/protocol/bluetooth/lib/EFR32BG1B/GCC/libbluetooth.a(hci.c.obj)
                0x0000000000013980                hci_set_state
 .text.hci_state_listener_init
                0x000000000001399c       0x10 /Users/timofieiev/Desktop/ble_app/ble/protocol/bluetooth/lib/EFR32BG1B/GCC/libbluetooth.a(hci.c.obj)
                0x000000000001399c                hci_state_listener_init
 .text.hci_state_listener_init_default_data_length
                0x00000000000139ac       0x6c /Users/timofieiev/Desktop/ble_app/ble/protocol/bluetooth/lib/EFR32BG1B/GCC/libbluetooth.a(hci.c.obj)
                0x00000000000139ac                hci_state_listener_init_default_data_length
 .text.hci_run  0x0000000000013a18        0x6 /Users/timofieiev/Desktop/ble_app/ble/protocol/bluetooth/lib/EFR32BG1B/GCC/libbluetooth.a(hci.c.obj)
                0x0000000000013a18                hci_run
 .text.hci_start
                0x0000000000013a1e        0x6 /Users/timofieiev/Desktop/ble_app/ble/protocol/bluetooth/lib/EFR32BG1B/GCC/libbluetooth.a(hci.c.obj)
                0x0000000000013a1e                hci_start
 .text.hci_cleanup_acl
                0x0000000000013a24       0x28 /Users/timofieiev/Desktop/ble_app/ble/protocol/bluetooth/lib/EFR32BG1B/GCC/libbluetooth.a(hci.c.obj)
                0x0000000000013a24                hci_cleanup_acl
 .text.hci_send_acl
                0x0000000000013a4c       0xac /Users/timofieiev/Desktop/ble_app/ble/protocol/bluetooth/lib/EFR32BG1B/GCC/libbluetooth.a(hci.c.obj)
                0x0000000000013a4c                hci_send_acl
 .text.hci_le_set_random_address
                0x0000000000013af8       0x30 /Users/timofieiev/Desktop/ble_app/ble/protocol/bluetooth/lib/EFR32BG1B/GCC/libbluetooth.a(hci.c.obj)
                0x0000000000013af8                hci_le_set_random_address
 .text.hci_le_set_extended_advertising_parameters
                0x0000000000013b28       0xbc /Users/timofieiev/Desktop/ble_app/ble/protocol/bluetooth/lib/EFR32BG1B/GCC/libbluetooth.a(hci.c.obj)
                0x0000000000013b28                hci_le_set_extended_advertising_parameters
 .text.hci_le_set_advertising_set_random_address
                0x0000000000013be4       0x30 /Users/timofieiev/Desktop/ble_app/ble/protocol/bluetooth/lib/EFR32BG1B/GCC/libbluetooth.a(hci.c.obj)
                0x0000000000013be4                hci_le_set_advertising_set_random_address
 .text.hci_le_set_extended_advertising_data
                0x0000000000013c14       0x48 /Users/timofieiev/Desktop/ble_app/ble/protocol/bluetooth/lib/EFR32BG1B/GCC/libbluetooth.a(hci.c.obj)
                0x0000000000013c14                hci_le_set_extended_advertising_data
 .text.hci_le_set_extended_scan_response_data
                0x0000000000013c5c       0x48 /Users/timofieiev/Desktop/ble_app/ble/protocol/bluetooth/lib/EFR32BG1B/GCC/libbluetooth.a(hci.c.obj)
                0x0000000000013c5c                hci_le_set_extended_scan_response_data
 .text.hci_le_set_extended_advertising_enable
                0x0000000000013ca4       0x3c /Users/timofieiev/Desktop/ble_app/ble/protocol/bluetooth/lib/EFR32BG1B/GCC/libbluetooth.a(hci.c.obj)
                0x0000000000013ca4                hci_le_set_extended_advertising_enable
 .text.hci_le_set_extended_scan_parameters
                0x0000000000013ce0       0x4c /Users/timofieiev/Desktop/ble_app/ble/protocol/bluetooth/lib/EFR32BG1B/GCC/libbluetooth.a(hci.c.obj)
                0x0000000000013ce0                hci_le_set_extended_scan_parameters
 .text.hci_le_set_ext_scan_enable
                0x0000000000013d2c       0x34 /Users/timofieiev/Desktop/ble_app/ble/protocol/bluetooth/lib/EFR32BG1B/GCC/libbluetooth.a(hci.c.obj)
                0x0000000000013d2c                hci_le_set_ext_scan_enable
 .text.hci_open_le
                0x0000000000013d60       0x84 /Users/timofieiev/Desktop/ble_app/ble/protocol/bluetooth/lib/EFR32BG1B/GCC/libbluetooth.a(hci.c.obj)
                0x0000000000013d60                hci_open_le
 .text.hci_le_create_connection_cancel
                0x0000000000013de4       0x14 /Users/timofieiev/Desktop/ble_app/ble/protocol/bluetooth/lib/EFR32BG1B/GCC/libbluetooth.a(hci.c.obj)
                0x0000000000013de4                hci_le_create_connection_cancel
 .text.hci_close_acl
                0x0000000000013df8       0x42 /Users/timofieiev/Desktop/ble_app/ble/protocol/bluetooth/lib/EFR32BG1B/GCC/libbluetooth.a(hci.c.obj)
                0x0000000000013df8                hci_close_acl
 *fill*         0x0000000000013e3a        0x2 
 .text.hci_le_connection_update
                0x0000000000013e3c       0x58 /Users/timofieiev/Desktop/ble_app/ble/protocol/bluetooth/lib/EFR32BG1B/GCC/libbluetooth.a(hci.c.obj)
                0x0000000000013e3c                hci_le_connection_update
 .text.hci_le_start_encryption
                0x0000000000013e94       0x50 /Users/timofieiev/Desktop/ble_app/ble/protocol/bluetooth/lib/EFR32BG1B/GCC/libbluetooth.a(hci.c.obj)
                0x0000000000013e94                hci_le_start_encryption
 .text.hci_le_ltk_reply
                0x0000000000013ee4       0x4c /Users/timofieiev/Desktop/ble_app/ble/protocol/bluetooth/lib/EFR32BG1B/GCC/libbluetooth.a(hci.c.obj)
                0x0000000000013ee4                hci_le_ltk_reply
 .text.hci_le_remote_connection_parameter_request_reply
                0x0000000000013f30       0x58 /Users/timofieiev/Desktop/ble_app/ble/protocol/bluetooth/lib/EFR32BG1B/GCC/libbluetooth.a(hci.c.obj)
                0x0000000000013f30                hci_le_remote_connection_parameter_request_reply
 .text.hci_event_handle
                0x0000000000013f88      0x2a4 /Users/timofieiev/Desktop/ble_app/ble/protocol/bluetooth/lib/EFR32BG1B/GCC/libbluetooth.a(hci.c.obj)
                0x0000000000013f88                hci_event_handle
 .text.hci_get_and_handle
                0x000000000001422c       0x20 /Users/timofieiev/Desktop/ble_app/ble/protocol/bluetooth/lib/EFR32BG1B/GCC/libbluetooth.a(hci.c.obj)
                0x000000000001422c                hci_get_and_handle
 .text.hci_state_listener_idle
                0x000000000001424c       0x1c /Users/timofieiev/Desktop/ble_app/ble/protocol/bluetooth/lib/EFR32BG1B/GCC/libbluetooth.a(hci.c.obj)
                0x000000000001424c                hci_state_listener_idle
 .text.hci_read_conn_phy
                0x0000000000014268       0x24 /Users/timofieiev/Desktop/ble_app/ble/protocol/bluetooth/lib/EFR32BG1B/GCC/libbluetooth.a(hci.c.obj)
                0x0000000000014268                hci_read_conn_phy
 .text.cmd2bgbuf
                0x000000000001428c        0x4 /Users/timofieiev/Desktop/ble_app/ble/protocol/bluetooth/lib/EFR32BG1B/GCC/libbluetooth.a(hci_pck.c.obj)
                0x000000000001428c                cmd2bgbuf
 .text.hci_command_alloc
                0x0000000000014290       0x2e /Users/timofieiev/Desktop/ble_app/ble/protocol/bluetooth/lib/EFR32BG1B/GCC/libbluetooth.a(hci_pck.c.obj)
                0x0000000000014290                hci_command_alloc
 .text.hci_command_alloc_bgbuf
                0x00000000000142be       0x58 /Users/timofieiev/Desktop/ble_app/ble/protocol/bluetooth/lib/EFR32BG1B/GCC/libbluetooth.a(hci_pck.c.obj)
                0x00000000000142be                hci_command_alloc_bgbuf
 *fill*         0x0000000000014316        0x2 
 .text.hci_get_output_acl
                0x0000000000014318        0xc /Users/timofieiev/Desktop/ble_app/ble/protocol/bluetooth/lib/EFR32BG1B/GCC/libbluetooth.a(hci_pck.c.obj)
                0x0000000000014318                hci_get_output_acl
 .text.hci_get_event
                0x0000000000014324        0xc /Users/timofieiev/Desktop/ble_app/ble/protocol/bluetooth/lib/EFR32BG1B/GCC/libbluetooth.a(hci_pck.c.obj)
                0x0000000000014324                hci_get_event
 .text.hci_inject_event
                0x0000000000014330        0xc /Users/timofieiev/Desktop/ble_app/ble/protocol/bluetooth/lib/EFR32BG1B/GCC/libbluetooth.a(hci_pck.c.obj)
                0x0000000000014330                hci_inject_event
 .text.bg_pre_sleep
                0x000000000001433c        0x2 /Users/timofieiev/Desktop/ble_app/ble/protocol/bluetooth/lib/EFR32BG1B/GCC/libbluetooth.a(init.c.obj)
                0x000000000001433c                bg_pre_sleep
 .text.bg_post_wakeup
                0x000000000001433e        0x2 /Users/timofieiev/Desktop/ble_app/ble/protocol/bluetooth/lib/EFR32BG1B/GCC/libbluetooth.a(init.c.obj)
                0x000000000001433e                bg_post_wakeup
 .text.bg_get_le_phys
                0x0000000000014340        0x4 /Users/timofieiev/Desktop/ble_app/ble/protocol/bluetooth/lib/EFR32BG1B/GCC/libbluetooth.a(init.c.obj)
                0x0000000000014340                bg_get_le_phys
 .text.bg_low_init
                0x0000000000014344       0x30 /Users/timofieiev/Desktop/ble_app/ble/protocol/bluetooth/lib/EFR32BG1B/GCC/libbluetooth.a(init.c.obj)
                0x0000000000014344                bg_low_init
 .text.bg_radio_pa_set_tx_power
                0x0000000000014374       0x5c /Users/timofieiev/Desktop/ble_app/ble/protocol/bluetooth/lib/EFR32BG1B/GCC/libbluetooth.a(init.c.obj)
                0x0000000000014374                bg_radio_pa_set_tx_power
 .text.bg_radio_init
                0x00000000000143d0       0xd0 /Users/timofieiev/Desktop/ble_app/ble/protocol/bluetooth/lib/EFR32BG1B/GCC/libbluetooth.a(init.c.obj)
                0x00000000000143d0                bg_radio_init
 .text.irq_init
                0x00000000000144a0       0x78 /Users/timofieiev/Desktop/ble_app/ble/protocol/bluetooth/lib/EFR32BG1B/GCC/libbluetooth.a(irq.c.obj)
                0x00000000000144a0                irq_init
 .text.l2cap_send_update_parameters_response
                0x0000000000014518       0x48 /Users/timofieiev/Desktop/ble_app/ble/protocol/bluetooth/lib/EFR32BG1B/GCC/libbluetooth.a(l2cap.c.obj)
 .text.l2cap_message_handler
                0x0000000000014560       0x34 /Users/timofieiev/Desktop/ble_app/ble/protocol/bluetooth/lib/EFR32BG1B/GCC/libbluetooth.a(l2cap.c.obj)
                0x0000000000014560                l2cap_message_handler
 .text.l2cap_send_command_reject.constprop.1
                0x0000000000014594       0x48 /Users/timofieiev/Desktop/ble_app/ble/protocol/bluetooth/lib/EFR32BG1B/GCC/libbluetooth.a(l2cap.c.obj)
 .text.l2cap_init
                0x00000000000145dc       0x20 /Users/timofieiev/Desktop/ble_app/ble/protocol/bluetooth/lib/EFR32BG1B/GCC/libbluetooth.a(l2cap.c.obj)
                0x00000000000145dc                l2cap_init
 .text.l2cap_send_fixed_channel
                0x00000000000145fc       0x40 /Users/timofieiev/Desktop/ble_app/ble/protocol/bluetooth/lib/EFR32BG1B/GCC/libbluetooth.a(l2cap.c.obj)
                0x00000000000145fc                l2cap_send_fixed_channel
 .text.acl_packet_handle
                0x000000000001463c      0x150 /Users/timofieiev/Desktop/ble_app/ble/protocol/bluetooth/lib/EFR32BG1B/GCC/libbluetooth.a(l2cap.c.obj)
                0x000000000001463c                acl_packet_handle
 .text.ll_hciSetCommandCompleteHeader
                0x000000000001478c       0x1a /Users/timofieiev/Desktop/ble_app/ble/protocol/bluetooth/lib/EFR32BG1B/GCC/libbluetooth.a(ll_hci.c.obj)
                0x000000000001478c                ll_hciSetCommandCompleteHeader
 .text.ll_hciSetMetaEventHeader
                0x00000000000147a6       0x12 /Users/timofieiev/Desktop/ble_app/ble/protocol/bluetooth/lib/EFR32BG1B/GCC/libbluetooth.a(ll_hci.c.obj)
                0x00000000000147a6                ll_hciSetMetaEventHeader
 .text.ll_hciSetCommandStatusHeader
                0x00000000000147b8       0x18 /Users/timofieiev/Desktop/ble_app/ble/protocol/bluetooth/lib/EFR32BG1B/GCC/libbluetooth.a(ll_hci.c.obj)
                0x00000000000147b8                ll_hciSetCommandStatusHeader
 .text.ll_hciSendHCIEvent
                0x00000000000147d0        0xc /Users/timofieiev/Desktop/ble_app/ble/protocol/bluetooth/lib/EFR32BG1B/GCC/libbluetooth.a(ll_hci.c.obj)
                0x00000000000147d0                ll_hciSendHCIEvent
 .text.ll_hciSendGenericCommandComplete
                0x00000000000147dc       0x10 /Users/timofieiev/Desktop/ble_app/ble/protocol/bluetooth/lib/EFR32BG1B/GCC/libbluetooth.a(ll_hci.c.obj)
                0x00000000000147dc                ll_hciSendGenericCommandComplete
 .text.ll_hciInit
                0x00000000000147ec        0xc /Users/timofieiev/Desktop/ble_app/ble/protocol/bluetooth/lib/EFR32BG1B/GCC/libbluetooth.a(ll_hci.c.obj)
                0x00000000000147ec                ll_hciInit
 .text.BTLE_HCIToLLCmdSAP
                0x00000000000147f8       0x30 /Users/timofieiev/Desktop/ble_app/ble/protocol/bluetooth/lib/EFR32BG1B/GCC/libbluetooth.a(ll_hci.c.obj)
                0x00000000000147f8                BTLE_HCIToLLCmdSAP
 .text.BTLE_HCIToLLDataSAP
                0x0000000000014828       0x44 /Users/timofieiev/Desktop/ble_app/ble/protocol/bluetooth/lib/EFR32BG1B/GCC/libbluetooth.a(ll_hci.c.obj)
                0x0000000000014828                BTLE_HCIToLLDataSAP
 .text.ll_hciHandleCommandPhy
                0x000000000001486c        0x4 /Users/timofieiev/Desktop/ble_app/ble/protocol/bluetooth/lib/EFR32BG1B/GCC/libbluetooth.a(ll_hci.c.obj)
                0x000000000001486c                ll_hciHandleCommandPhy
 .text.ll_hciHandleCommandDebug
                0x0000000000014870        0x4 /Users/timofieiev/Desktop/ble_app/ble/protocol/bluetooth/lib/EFR32BG1B/GCC/libbluetooth.a(ll_hci.c.obj)
                0x0000000000014870                ll_hciHandleCommandDebug
 .text.ll_hciSendLePhyUpdateComplete
                0x0000000000014874        0x4 /Users/timofieiev/Desktop/ble_app/ble/protocol/bluetooth/lib/EFR32BG1B/GCC/libbluetooth.a(ll_hci.c.obj)
                0x0000000000014874                ll_hciSendLePhyUpdateComplete
 .text.ll_hciHandleDisconnect
                0x0000000000014878       0x46 /Users/timofieiev/Desktop/ble_app/ble/protocol/bluetooth/lib/EFR32BG1B/GCC/libbluetooth.a(ll_hci.c.obj)
                0x0000000000014878                ll_hciHandleDisconnect
 .text.ll_hciHandleUnknown
                0x00000000000148be        0xc /Users/timofieiev/Desktop/ble_app/ble/protocol/bluetooth/lib/EFR32BG1B/GCC/libbluetooth.a(ll_hci.c.obj)
                0x00000000000148be                ll_hciHandleUnknown
 .text.ll_hciHandleReset
                0x00000000000148ca       0x18 /Users/timofieiev/Desktop/ble_app/ble/protocol/bluetooth/lib/EFR32BG1B/GCC/libbluetooth.a(ll_hci.c.obj)
                0x00000000000148ca                ll_hciHandleReset
 *fill*         0x00000000000148e2        0x2 
 .text.ll_hciHandleReadBDADDR
                0x00000000000148e4       0x2c /Users/timofieiev/Desktop/ble_app/ble/protocol/bluetooth/lib/EFR32BG1B/GCC/libbluetooth.a(ll_hci.c.obj)
                0x00000000000148e4                ll_hciHandleReadBDADDR
 .text.ll_hciHandleSetHostChannelClassification
                0x0000000000014910       0x3e /Users/timofieiev/Desktop/ble_app/ble/protocol/bluetooth/lib/EFR32BG1B/GCC/libbluetooth.a(ll_hci.c.obj)
                0x0000000000014910                ll_hciHandleSetHostChannelClassification
 .text.ll_hciHandleLeWriteRfPathCompensation
                0x000000000001494e       0x26 /Users/timofieiev/Desktop/ble_app/ble/protocol/bluetooth/lib/EFR32BG1B/GCC/libbluetooth.a(ll_hci.c.obj)
                0x000000000001494e                ll_hciHandleLeWriteRfPathCompensation
 .text.ll_hciHandleLeSetExtendedScanResponseData
                0x0000000000014974       0x5a /Users/timofieiev/Desktop/ble_app/ble/protocol/bluetooth/lib/EFR32BG1B/GCC/libbluetooth.a(ll_hci.c.obj)
                0x0000000000014974                ll_hciHandleLeSetExtendedScanResponseData
 .text.ll_hciHandleLeStartEncryption
                0x00000000000149ce       0x50 /Users/timofieiev/Desktop/ble_app/ble/protocol/bluetooth/lib/EFR32BG1B/GCC/libbluetooth.a(ll_hci.c.obj)
                0x00000000000149ce                ll_hciHandleLeStartEncryption
 .text.ll_hciHandleLeLtkNegReply
                0x0000000000014a1e       0x3a /Users/timofieiev/Desktop/ble_app/ble/protocol/bluetooth/lib/EFR32BG1B/GCC/libbluetooth.a(ll_hci.c.obj)
                0x0000000000014a1e                ll_hciHandleLeLtkNegReply
 .text.ll_hciHandleLeLtkReply
                0x0000000000014a58       0x44 /Users/timofieiev/Desktop/ble_app/ble/protocol/bluetooth/lib/EFR32BG1B/GCC/libbluetooth.a(ll_hci.c.obj)
                0x0000000000014a58                ll_hciHandleLeLtkReply
 .text.ll_hciHandleLeSetExtendedAdvertisingData
                0x0000000000014a9c       0x60 /Users/timofieiev/Desktop/ble_app/ble/protocol/bluetooth/lib/EFR32BG1B/GCC/libbluetooth.a(ll_hci.c.obj)
                0x0000000000014a9c                ll_hciHandleLeSetExtendedAdvertisingData
 .text.ll_hciHandleSiliconLabsSetConnectionConfigBits
                0x0000000000014afc       0x30 /Users/timofieiev/Desktop/ble_app/ble/protocol/bluetooth/lib/EFR32BG1B/GCC/libbluetooth.a(ll_hci.c.obj)
                0x0000000000014afc                ll_hciHandleSiliconLabsSetConnectionConfigBits
 .text.ll_hciHandleSiliconLabsClearConnectionConfigBits
                0x0000000000014b2c       0x30 /Users/timofieiev/Desktop/ble_app/ble/protocol/bluetooth/lib/EFR32BG1B/GCC/libbluetooth.a(ll_hci.c.obj)
                0x0000000000014b2c                ll_hciHandleSiliconLabsClearConnectionConfigBits
 .text.ll_hciHandleSiliconLabsConfigFlags
                0x0000000000014b5c       0x46 /Users/timofieiev/Desktop/ble_app/ble/protocol/bluetooth/lib/EFR32BG1B/GCC/libbluetooth.a(ll_hci.c.obj)
                0x0000000000014b5c                ll_hciHandleSiliconLabsConfigFlags
 .text.ll_hciHandleSiliconLabsGetCounters
                0x0000000000014ba2       0x56 /Users/timofieiev/Desktop/ble_app/ble/protocol/bluetooth/lib/EFR32BG1B/GCC/libbluetooth.a(ll_hci.c.obj)
                0x0000000000014ba2                ll_hciHandleSiliconLabsGetCounters
 .text.ll_hciHandleSiliconLabsGetTiming
                0x0000000000014bf8       0x1e /Users/timofieiev/Desktop/ble_app/ble/protocol/bluetooth/lib/EFR32BG1B/GCC/libbluetooth.a(ll_hci.c.obj)
                0x0000000000014bf8                ll_hciHandleSiliconLabsGetTiming
 *fill*         0x0000000000014c16        0x2 
 .text.ll_hciHandleSiliconLabsConfigure
                0x0000000000014c18       0x8c /Users/timofieiev/Desktop/ble_app/ble/protocol/bluetooth/lib/EFR32BG1B/GCC/libbluetooth.a(ll_hci.c.obj)
                0x0000000000014c18                ll_hciHandleSiliconLabsConfigure
 .text.ll_hciHandleLeSetExtendedAdvertisingEnable
                0x0000000000014ca4       0x7c /Users/timofieiev/Desktop/ble_app/ble/protocol/bluetooth/lib/EFR32BG1B/GCC/libbluetooth.a(ll_hci.c.obj)
                0x0000000000014ca4                ll_hciHandleLeSetExtendedAdvertisingEnable
 .text.ll_hciHandleLeSetRandomAddress