Archive member included because of file (symbol)

/Users/timofieiev/Desktop/ble_app/ble/protocol/bluetooth/lib/EFR32BG1B/GCC/libbluetooth.a(bgapi.c.obj)
                              ./main.o (gecko_cmd_msg_buf)
/Users/timofieiev/Desktop/ble_app/ble/protocol/bluetooth/lib/EFR32BG1B/GCC/libbluetooth.a(bgapi_gap.c.obj)
                              ./main.o (sli_bt_cmd_le_gap_set_advertise_timing)
/Users/timofieiev/Desktop/ble_app/ble/protocol/bluetooth/lib/EFR32BG1B/GCC/libbluetooth.a(bgapi_gatt.c.obj)
                              /Users/timofieiev/Desktop/ble_app/ble/protocol/bluetooth/lib/EFR32BG1B/GCC/libbluetooth.a(bgapi.c.obj) (bgapi_gatt_listener)
/Users/timofieiev/Desktop/ble_app/ble/protocol/bluetooth/lib/EFR32BG1B/GCC/libbluetooth.a(bgapi_gatt_lib.c.obj)
                              ./main.o (sli_bt_cmd_gatt_server_send_user_write_response)
/Users/timofieiev/Desktop/ble_app/ble/protocol/bluetooth/lib/EFR32BG1B/GCC/libbluetooth.a(bgapi_le_connection.c.obj)
                              ./main.o (sli_bt_cmd_le_connection_close)
/Users/timofieiev/Desktop/ble_app/ble/protocol/bluetooth/lib/EFR32BG1B/GCC/libbluetooth.a(bgapi_system.c.obj)
                              ./main.o (sli_bt_cmd_system_reset)
/Users/timofieiev/Desktop/ble_app/ble/protocol/bluetooth/lib/EFR32BG1B/GCC/libbluetooth.a(bgbuf.c.obj)
                              /Users/timofieiev/Desktop/ble_app/ble/protocol/bluetooth/lib/EFR32BG1B/GCC/libbluetooth.a(bgapi.c.obj) (bgbuf_chain_free)
/Users/timofieiev/Desktop/ble_app/ble/protocol/bluetooth/lib/EFR32BG1B/GCC/libbluetooth.a(bglib.c.obj)
                              ./main.o (gecko_stack_init)
/Users/timofieiev/Desktop/ble_app/ble/protocol/bluetooth/lib/EFR32BG1B/GCC/libbluetooth.a(btl_interface.c.obj)
                              /Users/timofieiev/Desktop/ble_app/ble/protocol/bluetooth/lib/EFR32BG1B/GCC/libbluetooth.a(bgapi.c.obj) (bootloader_getInfo)
/Users/timofieiev/Desktop/ble_app/ble/protocol/bluetooth/lib/EFR32BG1B/GCC/libbluetooth.a(gap.c.obj)
                              /Users/timofieiev/Desktop/ble_app/ble/protocol/bluetooth/lib/EFR32BG1B/GCC/libbluetooth.a(bglib.c.obj) (gap_reset_state)
/Users/timofieiev/Desktop/ble_app/ble/protocol/bluetooth/lib/EFR32BG1B/GCC/libbluetooth.a(gap_adv.c.obj)
                              /Users/timofieiev/Desktop/ble_app/ble/protocol/bluetooth/lib/EFR32BG1B/GCC/libbluetooth.a(bgapi_gap.c.obj) (gap_set_advertising_timing)
/Users/timofieiev/Desktop/ble_app/ble/protocol/bluetooth/lib/EFR32BG1B/GCC/libbluetooth.a(gap_deprecated.c.obj)
                              /Users/timofieiev/Desktop/ble_app/ble/protocol/bluetooth/lib/EFR32BG1B/GCC/libbluetooth.a(bgapi_gap.c.obj) (ubt_gap_set_adv_parameters)
/Users/timofieiev/Desktop/ble_app/ble/protocol/bluetooth/lib/EFR32BG1B/GCC/libbluetooth.a(gap_resolver.c.obj)
                              /Users/timofieiev/Desktop/ble_app/ble/protocol/bluetooth/lib/EFR32BG1B/GCC/libbluetooth.a(gap.c.obj) (gap_address_resolver_step)
/Users/timofieiev/Desktop/ble_app/ble/protocol/bluetooth/lib/EFR32BG1B/GCC/libbluetooth.a(gap_scan.c.obj)
                              /Users/timofieiev/Desktop/ble_app/ble/protocol/bluetooth/lib/EFR32BG1B/GCC/libbluetooth.a(gap.c.obj) (gap_status_set_scan_packet)
/Users/timofieiev/Desktop/ble_app/ble/protocol/bluetooth/lib/EFR32BG1B/GCC/libbluetooth.a(gatt.c.obj)
                              /Users/timofieiev/Desktop/ble_app/ble/protocol/bluetooth/lib/EFR32BG1B/GCC/libbluetooth.a(gap.c.obj) (gatt_init_connection)
/Users/timofieiev/Desktop/ble_app/ble/protocol/bluetooth/lib/EFR32BG1B/GCC/libbluetooth.a(gatt_client.c.obj)
                              /Users/timofieiev/Desktop/ble_app/ble/protocol/bluetooth/lib/EFR32BG1B/GCC/libbluetooth.a(bgapi_gatt_lib.c.obj) (gatt_client_init)
/Users/timofieiev/Desktop/ble_app/ble/protocol/bluetooth/lib/EFR32BG1B/GCC/libbluetooth.a(gatt_db_minimal.c.obj)
                              /Users/timofieiev/Desktop/ble_app/ble/protocol/bluetooth/lib/EFR32BG1B/GCC/libbluetooth.a(gap_adv.c.obj) (gatt_db_handle_active)
/Users/timofieiev/Desktop/ble_app/ble/protocol/bluetooth/lib/EFR32BG1B/GCC/libbluetooth.a(gatt_server.c.obj)
                              /Users/timofieiev/Desktop/ble_app/ble/protocol/bluetooth/lib/EFR32BG1B/GCC/libbluetooth.a(gatt_db_minimal.c.obj) (gatt_server_send_attribute_value_event)
/Users/timofieiev/Desktop/ble_app/ble/protocol/bluetooth/lib/EFR32BG1B/GCC/libbluetooth.a(gecko_bgapi_dfu.c.obj)
                              ./main.o (gecko_bgapi_class_dfu_init)
/Users/timofieiev/Desktop/ble_app/ble/protocol/bluetooth/lib/EFR32BG1B/GCC/libbluetooth.a(gecko_bgapi_endpoint.c.obj)
                              ./main.o (gecko_bgapi_class_endpoint_init)
/Users/timofieiev/Desktop/ble_app/ble/protocol/bluetooth/lib/EFR32BG1B/GCC/libbluetooth.a(gecko_bgapi_flash.c.obj)
                              ./main.o (gecko_bgapi_class_flash_init)
[...]
Memory Configuration

Name             Origin             Length             Attributes
FLASH_BOOTLOADER 0x0000000000000000 0x0000000000004000 xr
FLASH            0x0000000000004000 0x000000000003b000 xr
RAM              0x0000000020000000 0x0000000000007c00 xrw
*default*        0x0000000000000000 0xffffffffffffffff

Linker script and memory map

LOAD /Applications/Simplicity Studio.app/Contents/Eclipse/developer/toolchains/gnu_arm/4.9_2015q3/bin/../lib/gcc/arm-none-eabi/4.9.3/armv7e-m/softfp/crti.o
LOAD /Applications/Simplicity Studio.app/Contents/Eclipse/developer/toolchains/gnu_arm/4.9_2015q3/bin/../lib/gcc/arm-none-eabi/4.9.3/armv7e-m/softfp/crtbegin.o
LOAD /Applications/Simplicity Studio.app/Contents/Eclipse/developer/toolchains/gnu_arm/4.9_2015q3/bin/../lib/gcc/arm-none-eabi/4.9.3/../../../../arm-none-eabi/lib/armv7e-m/softfp/crt0.o
START GROUP
LOAD ./application_properties.o
LOAD ./gatt_db.o
LOAD ./init_app.o
LOAD ./init_board.o
LOAD ./init_mcu.o
LOAD ./main.o
LOAD ./hardware/kit/common/bsp/bsp_stk.o
LOAD ./platform/Device/SiliconLabs/EFR32BG1B/Source/GCC/startup_efr32bg1b.o
LOAD ./platform/Device/SiliconLabs/EFR32BG1B/Source/system_efr32bg1b.o
LOAD ./platform/emdrv/sleep/src/sleep.o
LOAD ./platform/emdrv/tempdrv/src/tempdrv.o
LOAD ./platform/emlib/src/em_cmu.o
LOAD ./platform/emlib/src/em_core.o
LOAD ./platform/emlib/src/em_cryotimer.o
LOAD ./platform/emlib/src/em_crypto.o
LOAD ./platform/emlib/src/em_emu.o
LOAD ./platform/emlib/src/em_gpio.o
LOAD ./platform/emlib/src/em_i2c.o
LOAD ./platform/emlib/src/em_msc.o
LOAD ./platform/emlib/src/em_rmu.o
LOAD ./platform/emlib/src/em_rtcc.o
LOAD ./platform/emlib/src/em_system.o
LOAD ./platform/emlib/src/em_timer.o
LOAD ./platform/emlib/src/em_usart.o
LOAD /Users/timofieiev/Desktop/ble_app/ble/protocol/bluetooth/lib/EFR32BG1B/GCC/binapploader.o
LOAD /Users/timofieiev/Desktop/ble_app/ble/protocol/bluetooth/lib/EFR32BG1B/GCC/libpsstore.a
LOAD /Users/timofieiev/Desktop/ble_app/ble/platform/radio/rail_lib/autogen/librail_release/librail_efr32xg1_gcc_release.a
LOAD /Users/timofieiev/Desktop/ble_app/ble/protocol/bluetooth/lib/EFR32BG1B/GCC/libmbedtls.a
LOAD /Users/timofieiev/Desktop/ble_app/ble/protocol/bluetooth/lib/EFR32BG1B/GCC/libbluetooth.a
LOAD /Applications/Simplicity Studio.app/Contents/Eclipse/developer/toolchains/gnu_arm/4.9_2015q3/bin/../lib/gcc/arm-none-eabi/4.9.3/../../../../arm-none-eabi/lib/armv7e-m/softfp/libm.a
END GROUP
START GROUP
LOAD /Applications/Simplicity Studio.app/Contents/Eclipse/developer/toolchains/gnu_arm/4.9_2015q3/bin/../lib/gcc/arm-none-eabi/4.9.3/armv7e-m/softfp/libgcc.a
LOAD /Applications/Simplicity Studio.app/Contents/Eclipse/developer/toolchains/gnu_arm/4.9_2015q3/bin/../lib/gcc/arm-none-eabi/4.9.3/../../../../arm-none-eabi/lib/armv7e-m/softfp/libc_nano.a
LOAD /Applications/Simplicity Studio.app/Contents/Eclipse/developer/toolchains/gnu_arm/4.9_2015q3/bin/../lib/gcc/arm-none-eabi/4.9.3/../../../../arm-none-eabi/lib/armv7e-m/softfp/libnosys.a
END GROUP
START GROUP
LOAD /Applications/Simplicity Studio.app/Contents/Eclipse/developer/toolchains/gnu_arm/4.9_2015q3/bin/../lib/gcc/arm-none-eabi/4.9.3/armv7e-m/softfp/libgcc.a
LOAD /Applications/Simplicity Studio.app/Contents/Eclipse/developer/toolchains/gnu_arm/4.9_2015q3/bin/../lib/gcc/arm-none-eabi/4.9.3/../../../../arm-none-eabi/lib/armv7e-m/softfp/libg_nano.a
LOAD /Applications/Simplicity Studio.app/Contents/Eclipse/developer/toolchains/gnu_arm/4.9_2015q3/bin/../lib/gcc/arm-none-eabi/4.9.3/../../../../arm-none-eabi/lib/armv7e-m/softfp/libc_nano.a
END GROUP
START GROUP
LOAD /Applications/Simplicity Studio.app/Contents/Eclipse/developer/toolchains/gnu_arm/4.9_2015q3/bin/../lib/gcc/arm-none-eabi/4.9.3/armv7e-m/softfp/libgcc.a
LOAD /Applications/Simplicity Studio.app/Contents/Eclipse/developer/toolchains/gnu_arm/4.9_2015q3/bin/../lib/gcc/arm-none-eabi/4.9.3/../../../../arm-none-eabi/lib/armv7e-m/softfp/libc_nano.a
END GROUP
LOAD /Applications/Simplicity Studio.app/Contents/Eclipse/developer/toolchains/gnu_arm/4.9_2015q3/bin/../lib/gcc/arm-none-eabi/4.9.3/armv7e-m/softfp/crtend.o
LOAD /Applications/Simplicity Studio.app/Contents/Eclipse/developer/toolchains/gnu_arm/4.9_2015q3/bin/../lib/gcc/arm-none-eabi/4.9.3/armv7e-m/softfp/crtn.o

.text_bootloader
                0x0000000000000000        0x0
 *(.binbootloader*)
                0x0000000000000000                . = ALIGN (0x4000)

.text_apploader
                0x0000000000004000     0x87c0
 *(.binapploader*)
 .binapploader  0x0000000000004000     0x87c0 /Users/timofieiev/Desktop/ble_app/ble/protocol/bluetooth/lib/EFR32BG1B/GCC/binapploader.o

.text_signature
                0x000000000000c7c0       0x40
                0x000000000000c800                . = ALIGN (0x800)
 *fill*         0x000000000000c7c0       0x40 
                0x000000000000c800                __text_start__ = .

.text_application
                0x000000000000c800    0x1f564
 *(.vectors)
 .vectors       0x000000000000c800       0xc8 ./platform/Device/SiliconLabs/EFR32BG1B/Source/GCC/startup_efr32bg1b.o
                0x000000000000c800                __Vectors
                0x000000000000c8c8                __Vectors_End = .
                0x00000000000000c8                __Vectors_Size = (__Vectors_End - __Vectors)
                0x000000000000c8c8                __end__ = .
 *(.application_properties)
 .application_properties
                0x000000000000c8c8       0x38 ./application_properties.o
                0x000000000000c8c8                applicationProperties
 *(.gecko_configuration)
 *(.xo_configuration)
 *(.gatt_header)
 .gatt_header   0x000000000000c900       0x34 ./gatt_db.o
                0x000000000000c900                bg_gattdb_data
 *(.gatt_data)
 .gatt_data     0x000000000000c934      0x1d6 ./gatt_db.o
                0x000000000000c934                bg_gattdb_data_adv_uuid128_map
                0x000000000000c938                bg_gattdb_data_adv_uuid16_map
                0x000000000000c93c                bg_gattdb_data_attributes_dynamic_mapping_map
                0x000000000000c944                bg_gattdb_data_attributes_map
                0x000000000000ca28                bg_gattdb_data_attribute_field_0
                0x000000000000ca2c                bg_gattdb_data_attribute_field_1
                0x000000000000ca34                bg_gattdb_data_attribute_field_2
                0x000000000000ca3c                bg_gattdb_data_attribute_field_4
                0x000000000000ca40                bg_gattdb_data_attribute_field_5
                0x000000000000ca48                bg_gattdb_data_attribute_field_6
                0x000000000000ca50                bg_gattdb_data_attribute_field_7
                0x000000000000ca58                bg_gattdb_data_attribute_field_8
                0x000000000000ca5c                bg_gattdb_data_attribute_field_9
                0x000000000000ca60                bg_gattdb_data_attribute_field_10
                0x000000000000ca68                bg_gattdb_data_attribute_field_11
                0x000000000000ca78                bg_gattdb_data_attribute_field_12
                0x000000000000ca80                bg_gattdb_data_attribute_field_13
                0x000000000000ca8c                bg_gattdb_data_attribute_field_14
                0x000000000000ca94                bg_gattdb_data_attribute_field_15
                0x000000000000ca9c                bg_gattdb_data_attribute_field_16
                0x000000000000cab0                bg_gattdb_data_attribute_field_17
                0x000000000000cac8                bg_gattdb_data_attribute_field_18
                0x000000000000cad0                bg_gattdb_data_uuidtable_128_map
                0x000000000000caf0                bg_gattdb_data_uuidtable_16_map
 *(.text*)
 *fill*         0x000000000000cb0a        0x2 
 .text          0x000000000000cb0c       0x5c /Applications/Simplicity Studio.app/Contents/Eclipse/developer/toolchains/gnu_arm/4.9_2015q3/bin/../lib/gcc/arm-none-eabi/4.9.3/armv7e-m/softfp/crtbegin.o
 .text          0x000000000000cb68       0x74 /Applications/Simplicity Studio.app/Contents/Eclipse/developer/toolchains/gnu_arm/4.9_2015q3/bin/../lib/gcc/arm-none-eabi/4.9.3/../../../../arm-none-eabi/lib/armv7e-m/softfp/crt0.o
                0x000000000000cb68                _mainCRTStartup
                0x000000000000cb68                _start
 .text.initApp  0x000000000000cbdc        0x4 ./init_app.o
                0x000000000000cbdc                initApp
 .text.initBoard
                0x000000000000cbe0        0x4 ./init_board.o
                0x000000000000cbe0                initBoard
 .text.initMcu  0x000000000000cbe4      0x170 ./init_mcu.o
                0x000000000000cbe4                initMcu
 .text.startup.main
                0x000000000000cd54      0x1cc ./main.o
                0x000000000000cd54                main
 .text.Default_Handler
                0x000000000000cf20        0x4 ./platform/Device/SiliconLabs/EFR32BG1B/Source/GCC/startup_efr32bg1b.o
                0x000000000000cf20                IDAC0_IRQHandler
                0x000000000000cf20                USART0_TX_IRQHandler
                0x000000000000cf20                I2C0_IRQHandler
                0x000000000000cf20                HardFault_Handler
                0x000000000000cf20                SysTick_Handler
                0x000000000000cf20                USART1_RX_IRQHandler
                0x000000000000cf20                PendSV_Handler
                0x000000000000cf20                NMI_Handler
                0x000000000000cf20                WDOG0_IRQHandler
                0x000000000000cf20                USART1_TX_IRQHandler
                0x000000000000cf20                MSC_IRQHandler
                0x000000000000cf20                ADC0_IRQHandler
                0x000000000000cf20                UsageFault_Handler
                0x000000000000cf20                LEUART0_IRQHandler
                0x000000000000cf20                FPUEH_IRQHandler
                0x000000000000cf20                GPIO_EVEN_IRQHandler
                0x000000000000cf20                LDMA_IRQHandler
                0x000000000000cf20                TIMER0_IRQHandler
                0x000000000000cf20                LETIMER0_IRQHandler
                0x000000000000cf20                TIMER1_IRQHandler
                0x000000000000cf20                Default_Handler
                0x000000000000cf20                CRYOTIMER_IRQHandler
                0x000000000000cf20                PCNT0_IRQHandler
                0x000000000000cf20                ACMP0_IRQHandler
                0x000000000000cf20                USART0_RX_IRQHandler
                0x000000000000cf20                MemManage_Handler
                0x000000000000cf20                SVC_Handler
                0x000000000000cf20                RTCC_IRQHandler
                0x000000000000cf20                CRYPTO_IRQHandler
                0x000000000000cf20                CMU_IRQHandler
                0x000000000000cf20                GPIO_ODD_IRQHandler
                0x000000000000cf20                BusFault_Handler
                0x000000000000cf20                DebugMon_Handler
 .text.Reset_Handler
                0x000000000000cf24       0x2c ./platform/Device/SiliconLabs/EFR32BG1B/Source/GCC/startup_efr32bg1b.o
                0x000000000000cf24                Reset_Handler
 .text.SystemMaxCoreClockGet
                0x000000000000cf50        0x8 ./platform/Device/SiliconLabs/EFR32BG1B/Source/system_efr32bg1b.o
                0x000000000000cf50                SystemMaxCoreClockGet
 .text.SystemHFClockGet
                0x000000000000cf58       0x50 ./platform/Device/SiliconLabs/EFR32BG1B/Source/system_efr32bg1b.o
                0x000000000000cf58                SystemHFClockGet
 .text.SystemCoreClockGet
                0x000000000000cfa8       0x24 ./platform/Device/SiliconLabs/EFR32BG1B/Source/system_efr32bg1b.o
                0x000000000000cfa8                SystemCoreClockGet
 .text.SystemHFXOClockGet
                0x000000000000cfcc        0xc ./platform/Device/SiliconLabs/EFR32BG1B/Source/system_efr32bg1b.o
                0x000000000000cfcc                SystemHFXOClockGet
 .text.SystemHFXOClockSet
                0x000000000000cfd8       0x20 ./platform/Device/SiliconLabs/EFR32BG1B/Source/system_efr32bg1b.o
                0x000000000000cfd8                SystemHFXOClockSet
 .text.SystemInit
                0x000000000000cff8       0x4c ./platform/Device/SiliconLabs/EFR32BG1B/Source/system_efr32bg1b.o
                0x000000000000cff8                SystemInit
 .text.SystemLFRCOClockGet
                0x000000000000d044        0x8 ./platform/Device/SiliconLabs/EFR32BG1B/Source/system_efr32bg1b.o
                0x000000000000d044                SystemLFRCOClockGet
 .text.SystemULFRCOClockGet
                0x000000000000d04c        0x8 ./platform/Device/SiliconLabs/EFR32BG1B/Source/system_efr32bg1b.o
                0x000000000000d04c                SystemULFRCOClockGet
 .text.SystemLFXOClockGet
                0x000000000000d054        0xc ./platform/Device/SiliconLabs/EFR32BG1B/Source/system_efr32bg1b.o
                0x000000000000d054                SystemLFXOClockGet
 .text.SystemLFXOClockSet
                0x000000000000d060       0x20 ./platform/Device/SiliconLabs/EFR32BG1B/Source/system_efr32bg1b.o
                0x000000000000d060                SystemLFXOClockSet
 .text.sleepCallbackWrapper
                0x000000000000d080       0x14 ./platform/emdrv/sleep/src/sleep.o
 .text.enterEMx
                0x000000000000d094       0x70 ./platform/emdrv/sleep/src/sleep.o
 .text.SLEEP_Init
                0x000000000000d104       0x44 ./platform/emdrv/sleep/src/sleep.o
                0x000000000000d104                SLEEP_Init
 .text.SLEEP_Sleep
                0x000000000000d148       0x70 ./platform/emdrv/sleep/src/sleep.o
                0x000000000000d148                SLEEP_Sleep
 .text.SLEEP_SleepBlockBegin
                0x000000000000d1b8       0x28 ./platform/emdrv/sleep/src/sleep.o
                0x000000000000d1b8                SLEEP_SleepBlockBegin
 .text.SLEEP_SleepBlockEnd
                0x000000000000d1e0       0x2c ./platform/emdrv/sleep/src/sleep.o
                0x000000000000d1e0                SLEEP_SleepBlockEnd
 .text.SLEEP_LowestEnergyModeGet
                0x000000000000d20c       0x1c ./platform/emdrv/sleep/src/sleep.o
                0x000000000000d20c                SLEEP_LowestEnergyModeGet
 .text.updateInterrupts
                0x000000000000d228       0xe0 ./platform/emdrv/tempdrv/src/tempdrv.o
 .text.errataStateUpdate
                0x000000000000d308       0xbc ./platform/emdrv/tempdrv/src/tempdrv.o
 .text.errataCallback
                0x000000000000d3c4        0x4 ./platform/emdrv/tempdrv/src/tempdrv.o
 .text.TEMPDRV_IRQHandler
                0x000000000000d3c8       0xd4 ./platform/emdrv/tempdrv/src/tempdrv.o
                0x000000000000d3c8                TEMPDRV_IRQHandler
 .text.EMU_IRQHandler
                0x000000000000d49c        0x4 ./platform/emdrv/tempdrv/src/tempdrv.o
                0x000000000000d49c                EMU_IRQHandler
 .text.TEMPDRV_Init
                0x000000000000d4a0      0x14c ./platform/emdrv/tempdrv/src/tempdrv.o
                0x000000000000d4a0                TEMPDRV_Init
 .text.flashWaitStateMax
                0x000000000000d5ec       0x48 ./platform/emlib/src/em_cmu.o
 .text.CMU_OscillatorTuningSet.part.3
                0x000000000000d634       0x3c ./platform/emlib/src/em_cmu.o
 .text.CMU_UpdateWaitStates
                0x000000000000d670       0x48 ./platform/emlib/src/em_cmu.o
                0x000000000000d670                CMU_UpdateWaitStates
 .text.CMU_ClockEnable
                0x000000000000d6b8       0x8c ./platform/emlib/src/em_cmu.o
                0x000000000000d6b8                CMU_ClockEnable
 .text.CMU_ClockSelectGet
                0x000000000000d744       0xc4 ./platform/emlib/src/em_cmu.o
                0x000000000000d744                CMU_ClockSelectGet
 .text.lfClkGet
                0x000000000000d808       0x94 ./platform/emlib/src/em_cmu.o
 .text.CMU_ClockFreqGet
                0x000000000000d89c      0x160 ./platform/emlib/src/em_cmu.o
                0x000000000000d89c                CMU_ClockFreqGet
 .text.CMU_HFXOAutostartEnable
                0x000000000000d9fc       0x78 ./platform/emlib/src/em_cmu.o
                0x000000000000d9fc                CMU_HFXOAutostartEnable
 .text.CMU_OscillatorTuningWait
                0x000000000000da74       0x5c ./platform/emlib/src/em_cmu.o
                0x000000000000da74                CMU_OscillatorTuningWait
 .text.CMU_OscillatorEnable
                0x000000000000dad0      0x110 ./platform/emlib/src/em_cmu.o
                0x000000000000dad0                CMU_OscillatorEnable
 .text.CMU_ClockSelectSet
                0x000000000000dbe0      0x1fc ./platform/emlib/src/em_cmu.o
                0x000000000000dbe0                CMU_ClockSelectSet
 .text.CMU_HFXOInit
                0x000000000000dddc       0x88 ./platform/emlib/src/em_cmu.o
                0x000000000000dddc                CMU_HFXOInit
 .text.CMU_LFXOInit
                0x000000000000de64       0x40 ./platform/emlib/src/em_cmu.o
                0x000000000000de64                CMU_LFXOInit
 .text.CORE_EnterCritical
                0x000000000000dea4        0x8 ./platform/emlib/src/em_core.o
                0x000000000000dea4                CORE_EnterCritical
 .text.CORE_ExitCritical
                0x000000000000deac        0x8 ./platform/emlib/src/em_core.o
                0x000000000000deac                CORE_ExitCritical
 .text.CORE_EnterAtomic
                0x000000000000deb4        0x8 ./platform/emlib/src/em_core.o
                0x000000000000deb4                CORE_EnterAtomic
 .text.CORE_ExitAtomic
                0x000000000000debc        0x8 ./platform/emlib/src/em_core.o
                0x000000000000debc                CORE_ExitAtomic
 .text.CORE_SetNvicRamTableHandler
                0x000000000000dec4       0x10 ./platform/emlib/src/em_core.o
                0x000000000000dec4                CORE_SetNvicRamTableHandler
 .text.CORE_InitNvicVectorTable
                0x000000000000ded4       0x48 ./platform/emlib/src/em_core.o
                0x000000000000ded4                CORE_InitNvicVectorTable
 .text.CRYPTO_ModulusSet
                0x000000000000df1c       0x38 ./platform/emlib/src/em_crypto.o
                0x000000000000df1c                CRYPTO_ModulusSet
 .text.CRYPTO_KeyRead
                0x000000000000df54       0x2c ./platform/emlib/src/em_crypto.o
                0x000000000000df54                CRYPTO_KeyRead
 .text.currentLimitersUpdate
                0x000000000000df80       0x74 ./platform/emlib/src/em_emu.o
 .text.dcdcHsFixLnBlock.part.0
                0x000000000000dff4       0x30 ./platform/emlib/src/em_emu.o
 .text.dcdcFetCntSet.part.1
                0x000000000000e024       0x20 ./platform/emlib/src/em_emu.o
 .text.emState.part.2
                0x000000000000e044       0x24 ./platform/emlib/src/em_emu.o
 .text.emState  0x000000000000e068       0x60 ./platform/emlib/src/em_emu.o
 .text.EMU_EnterEM2
                0x000000000000e0c8       0x5c ./platform/emlib/src/em_emu.o
                0x000000000000e0c8                EMU_EnterEM2
 .text.EMU_EnterEM3
                0x000000000000e124       0x80 ./platform/emlib/src/em_emu.o
                0x000000000000e124                EMU_EnterEM3
 .text.EMU_Save
                0x000000000000e1a4        0x4 ./platform/emlib/src/em_emu.o
                0x000000000000e1a4                EMU_Save
 .text.EMU_Restore
                0x000000000000e1a8        0x8 ./platform/emlib/src/em_emu.o
                0x000000000000e1a8                EMU_Restore
 .text.EMU_DCDCModeSet
                0x000000000000e1b0       0x64 ./platform/emlib/src/em_emu.o
                0x000000000000e1b0                EMU_DCDCModeSet
 .text.EMU_EnterEM4
                0x000000000000e214       0x98 ./platform/emlib/src/em_emu.o
                0x000000000000e214                EMU_EnterEM4
 .text.EMU_DCDCOutputVoltageSet
                0x000000000000e2ac      0x1d0 ./platform/emlib/src/em_emu.o
                0x000000000000e2ac                EMU_DCDCOutputVoltageSet
 .text.EMU_DCDCOptimizeSlice
                0x000000000000e47c       0x94 ./platform/emlib/src/em_emu.o
                0x000000000000e47c                EMU_DCDCOptimizeSlice
 .text.EMU_DCDCLnRcoBandSet
                0x000000000000e510       0x24 ./platform/emlib/src/em_emu.o
                0x000000000000e510                EMU_DCDCLnRcoBandSet
 .text.EMU_DCDCInit
                0x000000000000e534      0x18c ./platform/emlib/src/em_emu.o
                0x000000000000e534                EMU_DCDCInit
 .text.EMU_SetBiasMode
                0x000000000000e6c0       0x84 ./platform/emlib/src/em_emu.o
                0x000000000000e6c0                EMU_SetBiasMode
 .text.MSC_Init
                0x000000000000e744       0x18 ./platform/emlib/src/em_msc.o
                0x000000000000e744                MSC_Init
 .text.MSC_Deinit
                0x000000000000e75c       0x14 ./platform/emlib/src/em_msc.o
                0x000000000000e75c                MSC_Deinit
 .text.RMU_ResetCauseClear
                0x000000000000e770        0xc ./platform/emlib/src/em_rmu.o
                0x000000000000e770                RMU_ResetCauseClear
 .text.RMU_ResetCauseGet
                0x000000000000e77c       0x7c ./platform/emlib/src/em_rmu.o
                0x000000000000e77c                RMU_ResetCauseGet
 .text.RTCC_ChannelInit
                0x000000000000e7f8       0x3c ./platform/emlib/src/em_rtcc.o
                0x000000000000e7f8                RTCC_ChannelInit
 .text.RTCC_Init
                0x000000000000e834       0x6c ./platform/emlib/src/em_rtcc.o
                0x000000000000e834                RTCC_Init
 .text.SYSTEM_ChipRevisionGet
                0x000000000000e8a0       0x34 ./platform/emlib/src/em_system.o
                0x000000000000e8a0                SYSTEM_ChipRevisionGet
 .text.bgapi_ubt_listener
                0x000000000000e8d4      0x3e8 /Users/timofieiev/Desktop/ble_app/ble/protocol/bluetooth/lib/EFR32BG1B/GCC/libbluetooth.a(bgapi.c.obj)
                0x000000000000e8d4                bgapi_ubt_listener
 .text.register_message_handler
                0x000000000000ecbc        0xc /Users/timofieiev/Desktop/ble_app/ble/protocol/bluetooth/lib/EFR32BG1B/GCC/libbluetooth.a(bgapi.c.obj)
                0x000000000000ecbc                register_message_handler
 .text.bgapi_init
                0x000000000000ecc8       0x10 /Users/timofieiev/Desktop/ble_app/ble/protocol/bluetooth/lib/EFR32BG1B/GCC/libbluetooth.a(bgapi.c.obj)
                0x000000000000ecc8                bgapi_init
 .text.bgapi_buffer_init
                0x000000000000ecd8       0x30 /Users/timofieiev/Desktop/ble_app/ble/protocol/bluetooth/lib/EFR32BG1B/GCC/libbluetooth.a(bgapi.c.obj)
                0x000000000000ecd8                bgapi_buffer_init
 .text.lib_le_gap_handler_init
                0x000000000000ed08        0x2 /Users/timofieiev/Desktop/ble_app/ble/protocol/bluetooth/lib/EFR32BG1B/GCC/libbluetooth.a(bgapi_gap.c.obj)
                0x000000000000ed08                lib_le_gap_handler_init
 *fill*         0x000000000000ed0a        0x2 
 .text.sli_bt_cmd_le_gap_set_advertise_timing
                0x000000000000ed0c       0x3c /Users/timofieiev/Desktop/ble_app/ble/protocol/bluetooth/lib/EFR32BG1B/GCC/libbluetooth.a(bgapi_gap.c.obj)
                0x000000000000ed0c                sli_bt_cmd_le_gap_set_advertise_timing
 .text.sli_bt_cmd_le_gap_start_advertising
                0x000000000000ed48       0x38 /Users/timofieiev/Desktop/ble_app/ble/protocol/bluetooth/lib/EFR32BG1B/GCC/libbluetooth.a(bgapi_gap.c.obj)
                0x000000000000ed48                sli_bt_cmd_le_gap_start_advertising
 .text.bgapi_gatt_listener
                0x000000000000ed80      0x28c /Users/timofieiev/Desktop/ble_app/ble/protocol/bluetooth/lib/EFR32BG1B/GCC/libbluetooth.a(bgapi_gatt.c.obj)
                0x000000000000ed80                bgapi_gatt_listener
 .text.lib_gatt_handler_init
                0x000000000000f00c        0x4 /Users/timofieiev/Desktop/ble_app/ble/protocol/bluetooth/lib/EFR32BG1B/GCC/libbluetooth.a(bgapi_gatt_lib.c.obj)
                0x000000000000f00c                lib_gatt_handler_init
 .text.lib_gatt_server_handler_init
                0x000000000000f010        0x2 /Users/timofieiev/Desktop/ble_app/ble/protocol/bluetooth/lib/EFR32BG1B/GCC/libbluetooth.a(bgapi_gatt_lib.c.obj)
                0x000000000000f010                lib_gatt_server_handler_init
 *fill*         0x000000000000f012        0x2 
 .text.sli_bt_cmd_gatt_server_send_user_write_response
                0x000000000000f014       0x34 /Users/timofieiev/Desktop/ble_app/ble/protocol/bluetooth/lib/EFR32BG1B/GCC/libbluetooth.a(bgapi_gatt_lib.c.obj)
                0x000000000000f014                sli_bt_cmd_gatt_server_send_user_write_response
 .text.lib_le_connection_handler_init
                0x000000000000f048        0x2 /Users/timofieiev/Desktop/ble_app/ble/protocol/bluetooth/lib/EFR32BG1B/GCC/libbluetooth.a(bgapi_le_connection.c.obj)
                0x000000000000f048                lib_le_connection_handler_init
 .text.bgapi_close_le_connection
                0x000000000000f04a       0x16 /Users/timofieiev/Desktop/ble_app/ble/protocol/bluetooth/lib/EFR32BG1B/GCC/libbluetooth.a(bgapi_le_connection.c.obj)
                0x000000000000f04a                bgapi_close_le_connection
 .text.sli_bt_cmd_le_connection_close
                0x000000000000f060       0x2c /Users/timofieiev/Desktop/ble_app/ble/protocol/bluetooth/lib/EFR32BG1B/GCC/libbluetooth.a(bgapi_le_connection.c.obj)
                0x000000000000f060                sli_bt_cmd_le_connection_close
 .text.bgapi_system_listener
                0x000000000000f08c       0x30 /Users/timofieiev/Desktop/ble_app/ble/protocol/bluetooth/lib/EFR32BG1B/GCC/libbluetooth.a(bgapi_system.c.obj)
                0x000000000000f08c                bgapi_system_listener
 .text.lib_system_handler_init
                0x000000000000f0bc       0x14 /Users/timofieiev/Desktop/ble_app/ble/protocol/bluetooth/lib/EFR32BG1B/GCC/libbluetooth.a(bgapi_system.c.obj)
                0x000000000000f0bc                lib_system_handler_init
 .text.sli_bt_cmd_system_reset
                0x000000000000f0d0        0x6 /Users/timofieiev/Desktop/ble_app/ble/protocol/bluetooth/lib/EFR32BG1B/GCC/libbluetooth.a(bgapi_system.c.obj)
                0x000000000000f0d0                sli_bt_cmd_system_reset
 *fill*         0x000000000000f0d6        0x2 
 .text.bgbuf_alloc_int
                0x000000000000f0d8       0x94 /Users/timofieiev/Desktop/ble_app/ble/protocol/bluetooth/lib/EFR32BG1B/GCC/libbluetooth.a(bgbuf.c.obj)
 .text.bgbuf_init
                0x000000000000f16c       0x40 /Users/timofieiev/Desktop/ble_app/ble/protocol/bluetooth/lib/EFR32BG1B/GCC/libbluetooth.a(bgbuf.c.obj)
                0x000000000000f16c                bgbuf_init
 .text.bgbuf_alloc
                0x000000000000f1ac        0xc /Users/timofieiev/Desktop/ble_app/ble/protocol/bluetooth/lib/EFR32BG1B/GCC/libbluetooth.a(bgbuf.c.obj)
                0x000000000000f1ac                bgbuf_alloc
 .text.bgbuf_alloc_size
                0x000000000000f1b8       0x10 /Users/timofieiev/Desktop/ble_app/ble/protocol/bluetooth/lib/EFR32BG1B/GCC/libbluetooth.a(bgbuf.c.obj)
                0x000000000000f1b8                bgbuf_alloc_size
 .text.bgbuf_free
                0x000000000000f1c8       0x7c /Users/timofieiev/Desktop/ble_app/ble/protocol/bluetooth/lib/EFR32BG1B/GCC/libbluetooth.a(bgbuf.c.obj)
                0x000000000000f1c8                bgbuf_free
 .text.bgbuf_append
                0x000000000000f244       0x16 /Users/timofieiev/Desktop/ble_app/ble/protocol/bluetooth/lib/EFR32BG1B/GCC/libbluetooth.a(bgbuf.c.obj)
                0x000000000000f244                bgbuf_append
 .text.bgbuf_append_data
                0x000000000000f25a       0x24 /Users/timofieiev/Desktop/ble_app/ble/protocol/bluetooth/lib/EFR32BG1B/GCC/libbluetooth.a(bgbuf.c.obj)
                0x000000000000f25a                bgbuf_append_data
 .text.bgbuf_copy_to
                0x000000000000f27e       0x5e /Users/timofieiev/Desktop/ble_app/ble/protocol/bluetooth/lib/EFR32BG1B/GCC/libbluetooth.a(bgbuf.c.obj)
                0x000000000000f27e                bgbuf_copy_to
 .text.bgbuf_chain_free
                0x000000000000f2dc       0x14 /Users/timofieiev/Desktop/ble_app/ble/protocol/bluetooth/lib/EFR32BG1B/GCC/libbluetooth.a(bgbuf.c.obj)
                0x000000000000f2dc                bgbuf_chain_free
 .text.bgbuf_clone
                0x000000000000f2f0       0x72 /Users/timofieiev/Desktop/ble_app/ble/protocol/bluetooth/lib/EFR32BG1B/GCC/libbluetooth.a(bgbuf.c.obj)
                0x000000000000f2f0                bgbuf_clone
 .text.bgbuf_chain_pop_packet
                0x000000000000f362       0x26 /Users/timofieiev/Desktop/ble_app/ble/protocol/bluetooth/lib/EFR32BG1B/GCC/libbluetooth.a(bgbuf.c.obj)
                0x000000000000f362                bgbuf_chain_pop_packet
 .text.bgbuf_prepend_no_alloc
                0x000000000000f388       0x40 /Users/timofieiev/Desktop/ble_app/ble/protocol/bluetooth/lib/EFR32BG1B/GCC/libbluetooth.a(bgbuf.c.obj)
                0x000000000000f388                bgbuf_prepend_no_alloc
 .text.bgbuf_prepend
                0x000000000000f3c8       0x24 /Users/timofieiev/Desktop/ble_app/ble/protocol/bluetooth/lib/EFR32BG1B/GCC/libbluetooth.a(bgbuf.c.obj)
                0x000000000000f3c8                bgbuf_prepend
 .text.bgbuf_split
                0x000000000000f3ec       0x50 /Users/timofieiev/Desktop/ble_app/ble/protocol/bluetooth/lib/EFR32BG1B/GCC/libbluetooth.a(bgbuf.c.obj)
                0x000000000000f3ec                bgbuf_split
 .text.bgbuf_chain_get
                0x000000000000f43c       0x46 /Users/timofieiev/Desktop/ble_app/ble/protocol/bluetooth/lib/EFR32BG1B/GCC/libbluetooth.a(bgbuf.c.obj)
                0x000000000000f43c                bgbuf_chain_get
 .text.bgbuf_chain_get_head
                0x000000000000f482       0x10 /Users/timofieiev/Desktop/ble_app/ble/protocol/bluetooth/lib/EFR32BG1B/GCC/libbluetooth.a(bgbuf.c.obj)
                0x000000000000f482                bgbuf_chain_get_head
 .text.bgbuf_chain_len
                0x000000000000f492       0x14 /Users/timofieiev/Desktop/ble_app/ble/protocol/bluetooth/lib/EFR32BG1B/GCC/libbluetooth.a(bgbuf.c.obj)
                0x000000000000f492                bgbuf_chain_len
 .text.bgbuf_memcmp
                0x000000000000f4a6       0x44 /Users/timofieiev/Desktop/ble_app/ble/protocol/bluetooth/lib/EFR32BG1B/GCC/libbluetooth.a(bgbuf.c.obj)
                0x000000000000f4a6                bgbuf_memcmp
 .text.bgbuf_cmp
                0x000000000000f4ea       0xac /Users/timofieiev/Desktop/ble_app/ble/protocol/bluetooth/lib/EFR32BG1B/GCC/libbluetooth.a(bgbuf.c.obj)
                0x000000000000f4ea                bgbuf_cmp
 .text.bgbuf_chain_add
                0x000000000000f596       0x14 /Users/timofieiev/Desktop/ble_app/ble/protocol/bluetooth/lib/EFR32BG1B/GCC/libbluetooth.a(bgbuf.c.obj)
                0x000000000000f596                bgbuf_chain_add
 .text.bgbuf_chain_append_data
                0x000000000000f5aa       0x64 /Users/timofieiev/Desktop/ble_app/ble/protocol/bluetooth/lib/EFR32BG1B/GCC/libbluetooth.a(bgbuf.c.obj)
                0x000000000000f5aa                bgbuf_chain_append_data
 .text.bgbuf_alloc_copy_data
                0x000000000000f60e       0x2a /Users/timofieiev/Desktop/ble_app/ble/protocol/bluetooth/lib/EFR32BG1B/GCC/libbluetooth.a(bgbuf.c.obj)
                0x000000000000f60e                bgbuf_alloc_copy_data
 .text.bgbuf_chain_drop
                0x000000000000f638       0x2c /Users/timofieiev/Desktop/ble_app/ble/protocol/bluetooth/lib/EFR32BG1B/GCC/libbluetooth.a(bgbuf.c.obj)
                0x000000000000f638                bgbuf_chain_drop
 .text.bgbuf_chain_drop_end
                0x000000000000f664       0x42 /Users/timofieiev/Desktop/ble_app/ble/protocol/bluetooth/lib/EFR32BG1B/GCC/libbluetooth.a(bgbuf.c.obj)
                0x000000000000f664                bgbuf_chain_drop_end
 .text.bgbuf_chain_defragment
                0x000000000000f6a6       0x8c /Users/timofieiev/Desktop/ble_app/ble/protocol/bluetooth/lib/EFR32BG1B/GCC/libbluetooth.a(bgbuf.c.obj)
                0x000000000000f6a6                bgbuf_chain_defragment
 *fill*         0x000000000000f732        0x2 
 .text.bgbuf_add_callback
                0x000000000000f734       0x1c /Users/timofieiev/Desktop/ble_app/ble/protocol/bluetooth/lib/EFR32BG1B/GCC/libbluetooth.a(bgbuf.c.obj)
                0x000000000000f734                bgbuf_add_callback
 .text.gecko_init_alloc
                0x000000000000f750       0x38 /Users/timofieiev/Desktop/ble_app/ble/protocol/bluetooth/lib/EFR32BG1B/GCC/libbluetooth.a(bglib.c.obj)
                0x000000000000f750                gecko_init_alloc
 .text.user_signal_message_handler
                0x000000000000f788       0x2c /Users/timofieiev/Desktop/ble_app/ble/protocol/bluetooth/lib/EFR32BG1B/GCC/libbluetooth.a(bglib.c.obj)
 .text.gecko_process_event
                0x000000000000f7b4       0x5c /Users/timofieiev/Desktop/ble_app/ble/protocol/bluetooth/lib/EFR32BG1B/GCC/libbluetooth.a(bglib.c.obj)
 .text.set_ctune
                0x000000000000f810       0x64 /Users/timofieiev/Desktop/ble_app/ble/protocol/bluetooth/lib/EFR32BG1B/GCC/libbluetooth.a(bglib.c.obj)
                0x000000000000f810                set_ctune
 .text.check_ctune_override
                0x000000000000f874       0x2c /Users/timofieiev/Desktop/ble_app/ble/protocol/bluetooth/lib/EFR32BG1B/GCC/libbluetooth.a(bglib.c.obj)
                0x000000000000f874                check_ctune_override
 .text.gecko_stack_init
                0x000000000000f8a0      0x260 /Users/timofieiev/Desktop/ble_app/ble/protocol/bluetooth/lib/EFR32BG1B/GCC/libbluetooth.a(bglib.c.obj)
                0x000000000000f8a0                gecko_stack_init
 .text.gecko_wait_event
                0x000000000000fb00        0x6 /Users/timofieiev/Desktop/ble_app/ble/protocol/bluetooth/lib/EFR32BG1B/GCC/libbluetooth.a(bglib.c.obj)
                0x000000000000fb00                gecko_wait_event
 *fill*         0x000000000000fb06        0x2 
 .text.gecko_stack_update_callback
                0x000000000000fb08       0x10 /Users/timofieiev/Desktop/ble_app/ble/protocol/bluetooth/lib/EFR32BG1B/GCC/libbluetooth.a(bglib.c.obj)
                0x000000000000fb08                gecko_stack_update_callback
 .text.bootloader_getInfo
                0x000000000000fb18       0x48 /Users/timofieiev/Desktop/ble_app/ble/protocol/bluetooth/lib/EFR32BG1B/GCC/libbluetooth.a(btl_interface.c.obj)
                0x000000000000fb18                bootloader_getInfo
 .text.gap_is_scanning_or_advertising.part.0
                0x000000000000fb60       0x2c /Users/timofieiev/Desktop/ble_app/ble/protocol/bluetooth/lib/EFR32BG1B/GCC/libbluetooth.a(gap.c.obj)
 .text.gap_is_resolvable
                0x000000000000fb8c       0x18 /Users/timofieiev/Desktop/ble_app/ble/protocol/bluetooth/lib/EFR32BG1B/GCC/libbluetooth.a(gap.c.obj)
                0x000000000000fb8c                gap_is_resolvable
 .text.gap_init
                0x000000000000fba4       0x14 /Users/timofieiev/Desktop/ble_app/ble/protocol/bluetooth/lib/EFR32BG1B/GCC/libbluetooth.a(gap.c.obj)
                0x000000000000fba4                gap_init
 .text.gap_reset_state
                0x000000000000fbb8       0xb8 /Users/timofieiev/Desktop/ble_app/ble/protocol/bluetooth/lib/EFR32BG1B/GCC/libbluetooth.a(gap.c.obj)
                0x000000000000fbb8                gap_reset_state
 .text.gap_notify_connection_parameters
                0x000000000000fc70       0x60 /Users/timofieiev/Desktop/ble_app/ble/protocol/bluetooth/lib/EFR32BG1B/GCC/libbluetooth.a(gap.c.obj)
                0x000000000000fc70                gap_notify_connection_parameters
 .text.gap_connection_complete.part.4
                0x000000000000fcd0       0xc8 /Users/timofieiev/Desktop/ble_app/ble/protocol/bluetooth/lib/EFR32BG1B/GCC/libbluetooth.a(gap.c.obj)
 .text.gap_notify_phy_status
                0x000000000000fd98       0x3c /Users/timofieiev/Desktop/ble_app/ble/protocol/bluetooth/lib/EFR32BG1B/GCC/libbluetooth.a(gap.c.obj)
                0x000000000000fd98                gap_notify_phy_status
 .text.gap_resolver_completed
                0x000000000000fdd4       0x90 /Users/timofieiev/Desktop/ble_app/ble/protocol/bluetooth/lib/EFR32BG1B/GCC/libbluetooth.a(gap.c.obj)
                0x000000000000fdd4                gap_resolver_completed
 .text.check_private_address_and_timer
                0x000000000000fe64       0x64 /Users/timofieiev/Desktop/ble_app/ble/protocol/bluetooth/lib/EFR32BG1B/GCC/libbluetooth.a(gap.c.obj)
                0x000000000000fe64                check_private_address_and_timer
 .text.gap_scan_update
                0x000000000000fec8       0xb8 /Users/timofieiev/Desktop/ble_app/ble/protocol/bluetooth/lib/EFR32BG1B/GCC/libbluetooth.a(gap.c.obj)
                0x000000000000fec8                gap_scan_update
 .text.gap_listener
                0x000000000000ff80       0xa4 /Users/timofieiev/Desktop/ble_app/ble/protocol/bluetooth/lib/EFR32BG1B/GCC/libbluetooth.a(gap.c.obj)
                0x000000000000ff80                gap_listener
 .text.gap_disconnect_acl
                0x0000000000010024       0x12 /Users/timofieiev/Desktop/ble_app/ble/protocol/bluetooth/lib/EFR32BG1B/GCC/libbluetooth.a(gap.c.obj)
                0x0000000000010024                gap_disconnect_acl
 *fill*         0x0000000000010036        0x2 
 .text.gap_connection_disconnected
                0x0000000000010038       0x34 /Users/timofieiev/Desktop/ble_app/ble/protocol/bluetooth/lib/EFR32BG1B/GCC/libbluetooth.a(gap.c.obj)
                0x0000000000010038                gap_connection_disconnected
 .text.gap_connection_complete
                0x000000000001006c       0x5c /Users/timofieiev/Desktop/ble_app/ble/protocol/bluetooth/lib/EFR32BG1B/GCC/libbluetooth.a(gap.c.obj)
                0x000000000001006c                gap_connection_complete
 .text.gap_encryption_changed
                0x00000000000100c8       0x50 /Users/timofieiev/Desktop/ble_app/ble/protocol/bluetooth/lib/EFR32BG1B/GCC/libbluetooth.a(gap.c.obj)
                0x00000000000100c8                gap_encryption_changed
 .text.ubt_gap_set_static_address_identity
                0x0000000000010118       0x50 /Users/timofieiev/Desktop/ble_app/ble/protocol/bluetooth/lib/EFR32BG1B/GCC/libbluetooth.a(gap.c.obj)
                0x0000000000010118                ubt_gap_set_static_address_identity
 .text.ubt_gap_get_identity_address
                0x0000000000010168       0x1c /Users/timofieiev/Desktop/ble_app/ble/protocol/bluetooth/lib/EFR32BG1B/GCC/libbluetooth.a(gap.c.obj)
                0x0000000000010168                ubt_gap_get_identity_address
 .text.gap_acl_new
                0x0000000000010184       0x30 /Users/timofieiev/Desktop/ble_app/ble/protocol/bluetooth/lib/EFR32BG1B/GCC/libbluetooth.a(gap.c.obj)
                0x0000000000010184                gap_acl_new
 .text.ubt_gap_get_identity_address_type
                0x00000000000101b4       0x10 /Users/timofieiev/Desktop/ble_app/ble/protocol/bluetooth/lib/EFR32BG1B/GCC/libbluetooth.a(gap.c.obj)
                0x00000000000101b4                ubt_gap_get_identity_address_type
 .text.cache_adv_scan_packet
                0x00000000000101c4       0x20 /Users/timofieiev/Desktop/ble_app/ble/protocol/bluetooth/lib/EFR32BG1B/GCC/libbluetooth.a(gap_adv.c.obj)
 .text.bgbuf_chain_append_byte
                0x00000000000101e4       0x16 /Users/timofieiev/Desktop/ble_app/ble/protocol/bluetooth/lib/EFR32BG1B/GCC/libbluetooth.a(gap_adv.c.obj)
 .text.gap_adv_add_attribute
                0x00000000000101fa       0xa6 /Users/timofieiev/Desktop/ble_app/ble/protocol/bluetooth/lib/EFR32BG1B/GCC/libbluetooth.a(gap_adv.c.obj)
 .text.gap_adv_add_name
                0x00000000000102a0       0x9e /Users/timofieiev/Desktop/ble_app/ble/protocol/bluetooth/lib/EFR32BG1B/GCC/libbluetooth.a(gap_adv.c.obj)
 .text.use_legacy_advertising
                0x000000000001033e       0x36 /Users/timofieiev/Desktop/ble_app/ble/protocol/bluetooth/lib/EFR32BG1B/GCC/libbluetooth.a(gap_adv.c.obj)
 .text.gap_alloc_mem
                0x0000000000010374       0x28 /Users/timofieiev/Desktop/ble_app/ble/protocol/bluetooth/lib/EFR32BG1B/GCC/libbluetooth.a(gap_adv.c.obj)
                0x0000000000010374                gap_alloc_mem
 .text.gap_adv_terminated_callback
                0x000000000001039c       0x64 /Users/timofieiev/Desktop/ble_app/ble/protocol/bluetooth/lib/EFR32BG1B/GCC/libbluetooth.a(gap_adv.c.obj)
                0x000000000001039c                gap_adv_terminated_callback
 .text.gap_create_adv_packets
                0x0000000000010400      0x128 /Users/timofieiev/Desktop/ble_app/ble/protocol/bluetooth/lib/EFR32BG1B/GCC/libbluetooth.a(gap_adv.c.obj)
                0x0000000000010400                gap_create_adv_packets
 .text.gap_set_advertising_timing
                0x0000000000010528       0x64 /Users/timofieiev/Desktop/ble_app/ble/protocol/bluetooth/lib/EFR32BG1B/GCC/libbluetooth.a(gap_adv.c.obj)
                0x0000000000010528                gap_set_advertising_timing
 .text.gap_get_advertising_scan_report_enable
                0x000000000001058c       0x24 /Users/timofieiev/Desktop/ble_app/ble/protocol/bluetooth/lib/EFR32BG1B/GCC/libbluetooth.a(gap_adv.c.obj)
                0x000000000001058c                gap_get_advertising_scan_report_enable
 .text.gap_adv_update
                0x00000000000105b0      0x204 /Users/timofieiev/Desktop/ble_app/ble/protocol/bluetooth/lib/EFR32BG1B/GCC/libbluetooth.a(gap_adv.c.obj)
                0x00000000000105b0                gap_adv_update
 .text.gap_stop_advertising
                0x00000000000107b4       0x34 /Users/timofieiev/Desktop/ble_app/ble/protocol/bluetooth/lib/EFR32BG1B/GCC/libbluetooth.a(gap_adv.c.obj)
                0x00000000000107b4                gap_stop_advertising
 .text.gap_start_advertising
                0x00000000000107e8      0x11c /Users/timofieiev/Desktop/ble_app/ble/protocol/bluetooth/lib/EFR32BG1B/GCC/libbluetooth.a(gap_adv.c.obj)
                0x00000000000107e8                gap_start_advertising
 .text.gap_address_resolver_step
                0x0000000000010904       0x98 /Users/timofieiev/Desktop/ble_app/ble/protocol/bluetooth/lib/EFR32BG1B/GCC/libbluetooth.a(gap_resolver.c.obj)
                0x0000000000010904                gap_address_resolver_step
 .text.gap_resolver_start
                0x000000000001099c       0x40 /Users/timofieiev/Desktop/ble_app/ble/protocol/bluetooth/lib/EFR32BG1B/GCC/libbluetooth.a(gap_resolver.c.obj)
                0x000000000001099c                gap_resolver_start
 .text.gap_status_set_scan_packet
                0x00000000000109dc       0x20 /Users/timofieiev/Desktop/ble_app/ble/protocol/bluetooth/lib/EFR32BG1B/GCC/libbluetooth.a(gap_scan.c.obj)
                0x00000000000109dc                gap_status_set_scan_packet
 .text.gat_status_get_scan_packet
                0x00000000000109fc        0xc /Users/timofieiev/Desktop/ble_app/ble/protocol/bluetooth/lib/EFR32BG1B/GCC/libbluetooth.a(gap_scan.c.obj)
                0x00000000000109fc                gat_status_get_scan_packet
 .text.gap_status_set_scan_response
                0x0000000000010a08       0x20 /Users/timofieiev/Desktop/ble_app/ble/protocol/bluetooth/lib/EFR32BG1B/GCC/libbluetooth.a(gap_scan.c.obj)
                0x0000000000010a08                gap_status_set_scan_response
 .text.gat_status_get_scan_response
                0x0000000000010a28        0xc /Users/timofieiev/Desktop/ble_app/ble/protocol/bluetooth/lib/EFR32BG1B/GCC/libbluetooth.a(gap_scan.c.obj)
                0x0000000000010a28                gat_status_get_scan_response
 .text.handle_scan_response_callback
                0x0000000000010a34      0x164 /Users/timofieiev/Desktop/ble_app/ble/protocol/bluetooth/lib/EFR32BG1B/GCC/libbluetooth.a(gap_scan.c.obj)
                0x0000000000010a34                handle_scan_response_callback
 .text.gatt_init
                0x0000000000010b98        0xc /Users/timofieiev/Desktop/ble_app/ble/protocol/bluetooth/lib/EFR32BG1B/GCC/libbluetooth.a(gatt.c.obj)
                0x0000000000010b98                gatt_init
 .text.gatt_init_connection
                0x0000000000010ba4       0x50 /Users/timofieiev/Desktop/ble_app/ble/protocol/bluetooth/lib/EFR32BG1B/GCC/libbluetooth.a(gatt.c.obj)
                0x0000000000010ba4                gatt_init_connection
 .text.gatt_free_connection
                0x0000000000010bf4       0x50 /Users/timofieiev/Desktop/ble_app/ble/protocol/bluetooth/lib/EFR32BG1B/GCC/libbluetooth.a(gatt.c.obj)
                0x0000000000010bf4                gatt_free_connection
 .text.send_gatt_mtu_exchanged_event
                0x0000000000010c44       0x2a /Users/timofieiev/Desktop/ble_app/ble/protocol/bluetooth/lib/EFR32BG1B/GCC/libbluetooth.a(gatt.c.obj)
                0x0000000000010c44                send_gatt_mtu_exchanged_event
 .text.gatt_start_procedure_timeout_timer
                0x0000000000010c6e       0x16 /Users/timofieiev/Desktop/ble_app/ble/protocol/bluetooth/lib/EFR32BG1B/GCC/libbluetooth.a(gatt.c.obj)
                0x0000000000010c6e                gatt_start_procedure_timeout_timer
 .text.gatt_stop_procedure_timeout_timer
                0x0000000000010c84        0x6 /Users/timofieiev/Desktop/ble_app/ble/protocol/bluetooth/lib/EFR32BG1B/GCC/libbluetooth.a(gatt.c.obj)
                0x0000000000010c84                gatt_stop_procedure_timeout_timer
 .text.gatt_procedure_timeout
                0x0000000000010c8a       0x2e /Users/timofieiev/Desktop/ble_app/ble/protocol/bluetooth/lib/EFR32BG1B/GCC/libbluetooth.a(gatt.c.obj)
                0x0000000000010c8a                gatt_procedure_timeout
 .text.gatt_listener
                0x0000000000010cb8       0x60 /Users/timofieiev/Desktop/ble_app/ble/protocol/bluetooth/lib/EFR32BG1B/GCC/libbluetooth.a(gatt.c.obj)
 .text.gatt_get_connection
                0x0000000000010d18        0xc /Users/timofieiev/Desktop/ble_app/ble/protocol/bluetooth/lib/EFR32BG1B/GCC/libbluetooth.a(gatt.c.obj)
                0x0000000000010d18                gatt_get_connection
 .text.gatt_get_next_connection
                0x0000000000010d24       0x1a /Users/timofieiev/Desktop/ble_app/ble/protocol/bluetooth/lib/EFR32BG1B/GCC/libbluetooth.a(gatt.c.obj)
                0x0000000000010d24                gatt_get_next_connection
 .text.free_params_data
                0x0000000000010d3e        0xc /Users/timofieiev/Desktop/ble_app/ble/protocol/bluetooth/lib/EFR32BG1B/GCC/libbluetooth.a(gatt_client.c.obj)
 .text.alloc_params_data
                0x0000000000010d4a       0x2c /Users/timofieiev/Desktop/ble_app/ble/protocol/bluetooth/lib/EFR32BG1B/GCC/libbluetooth.a(gatt_client.c.obj)
 .text.should_start_long_read
                0x0000000000010d76       0x36 /Users/timofieiev/Desktop/ble_app/ble/protocol/bluetooth/lib/EFR32BG1B/GCC/libbluetooth.a(gatt_client.c.obj)
 .text.send_service_event
                0x0000000000010dac       0x4a /Users/timofieiev/Desktop/ble_app/ble/protocol/bluetooth/lib/EFR32BG1B/GCC/libbluetooth.a(gatt_client.c.obj)
 .text.send_descriptor_value_event
                0x0000000000010df6       0x3c /Users/timofieiev/Desktop/ble_app/ble/protocol/bluetooth/lib/EFR32BG1B/GCC/libbluetooth.a(gatt_client.c.obj)
 .text.end_procedure
                0x0000000000010e32       0x3c /Users/timofieiev/Desktop/ble_app/ble/protocol/bluetooth/lib/EFR32BG1B/GCC/libbluetooth.a(gatt_client.c.obj)
 .text.abort_long_write
                0x0000000000010e6e       0x20 /Users/timofieiev/Desktop/ble_app/ble/protocol/bluetooth/lib/EFR32BG1B/GCC/libbluetooth.a(gatt_client.c.obj)
 .text.send_characteristic_value_event
                0x0000000000010e8e       0x72 /Users/timofieiev/Desktop/ble_app/ble/protocol/bluetooth/lib/EFR32BG1B/GCC/libbluetooth.a(gatt_client.c.obj)
 .text.write_value
                0x0000000000010f00       0x4a /Users/timofieiev/Desktop/ble_app/ble/protocol/bluetooth/lib/EFR32BG1B/GCC/libbluetooth.a(gatt_client.c.obj)
 *fill*         0x0000000000010f4a        0x2 
 .text.gatt_find_included_services_handler
                0x0000000000010f4c       0xb0 /Users/timofieiev/Desktop/ble_app/ble/protocol/bluetooth/lib/EFR32BG1B/GCC/libbluetooth.a(gatt_client.c.obj)
                0x0000000000010f4c                gatt_find_included_services_handler
 .text.gatt_handle_exchange_mtu_rsp
                0x0000000000010ffc       0x1c /Users/timofieiev/Desktop/ble_app/ble/protocol/bluetooth/lib/EFR32BG1B/GCC/libbluetooth.a(gatt_client.c.obj)
                0x0000000000010ffc                gatt_handle_exchange_mtu_rsp
 .text.gatt_handle_find_information_response
                0x0000000000011018      0x152 /Users/timofieiev/Desktop/ble_app/ble/protocol/bluetooth/lib/EFR32BG1B/GCC/libbluetooth.a(gatt_client.c.obj)
                0x0000000000011018                gatt_handle_find_information_response
 .text.gatt_handle_find_by_type_value_response
                0x000000000001116a       0xa0 /Users/timofieiev/Desktop/ble_app/ble/protocol/bluetooth/lib/EFR32BG1B/GCC/libbluetooth.a(gatt_client.c.obj)
                0x000000000001116a                gatt_handle_find_by_type_value_response
 *fill*         0x000000000001120a        0x2 
 .text.gatt_handle_read_response
                0x000000000001120c       0xe4 /Users/timofieiev/Desktop/ble_app/ble/protocol/bluetooth/lib/EFR32BG1B/GCC/libbluetooth.a(gatt_client.c.obj)
                0x000000000001120c                gatt_handle_read_response
 .text.read_long_value_handler
                0x00000000000112f0       0x72 /Users/timofieiev/Desktop/ble_app/ble/protocol/bluetooth/lib/EFR32BG1B/GCC/libbluetooth.a(gatt_client.c.obj)
 .text.gatt_handle_read_blob_response
                0x0000000000011362       0x36 /Users/timofieiev/Desktop/ble_app/ble/protocol/bluetooth/lib/EFR32BG1B/GCC/libbluetooth.a(gatt_client.c.obj)
                0x0000000000011362                gatt_handle_read_blob_response
 .text.gatt_handle_read_multiple_response
                0x0000000000011398       0x3c /Users/timofieiev/Desktop/ble_app/ble/protocol/bluetooth/lib/EFR32BG1B/GCC/libbluetooth.a(gatt_client.c.obj)
                0x0000000000011398                gatt_handle_read_multiple_response
 .text.gatt_handle_read_by_type_response
                0x00000000000113d4      0x148 /Users/timofieiev/Desktop/ble_app/ble/protocol/bluetooth/lib/EFR32BG1B/GCC/libbluetooth.a(gatt_client.c.obj)
                0x00000000000113d4                gatt_handle_read_by_type_response
 .text.gatt_handle_read_by_group_type_response
                0x000000000001151c       0xaa /Users/timofieiev/Desktop/ble_app/ble/protocol/bluetooth/lib/EFR32BG1B/GCC/libbluetooth.a(gatt_client.c.obj)
                0x000000000001151c                gatt_handle_read_by_group_type_response
 .text.gatt_handle_write_response
                0x00000000000115c6       0x14 /Users/timofieiev/Desktop/ble_app/ble/protocol/bluetooth/lib/EFR32BG1B/GCC/libbluetooth.a(gatt_client.c.obj)
                0x00000000000115c6                gatt_handle_write_response
 .text.gatt_handle_prepare_write_response
                0x00000000000115da       0xb6 /Users/timofieiev/Desktop/ble_app/ble/protocol/bluetooth/lib/EFR32BG1B/GCC/libbluetooth.a(gatt_client.c.obj)
                0x00000000000115da                gatt_handle_prepare_write_response
 .text.gatt_handle_execute_write_response
                0x0000000000011690       0x3c /Users/timofieiev/Desktop/ble_app/ble/protocol/bluetooth/lib/EFR32BG1B/GCC/libbluetooth.a(gatt_client.c.obj)
                0x0000000000011690                gatt_handle_execute_write_response
 .text.gatt_client_handle_value_notification
                0x00000000000116cc       0x12 /Users/timofieiev/Desktop/ble_app/ble/protocol/bluetooth/lib/EFR32BG1B/GCC/libbluetooth.a(gatt_client.c.obj)
                0x00000000000116cc                gatt_client_handle_value_notification
 .text.gatt_client_handle_value_indication
                0x00000000000116de       0x14 /Users/timofieiev/Desktop/ble_app/ble/protocol/bluetooth/lib/EFR32BG1B/GCC/libbluetooth.a(gatt_client.c.obj)
                0x00000000000116de                gatt_client_handle_value_indication
 *fill*         0x00000000000116f2        0x2 
 .text.gatt_client_init
                0x00000000000116f4        0xc /Users/timofieiev/Desktop/ble_app/ble/protocol/bluetooth/lib/EFR32BG1B/GCC/libbluetooth.a(gatt_client.c.obj)
                0x00000000000116f4                gatt_client_init
 .text.get_att_uuid16
                0x0000000000011700       0x24 /Users/timofieiev/Desktop/ble_app/ble/protocol/bluetooth/lib/EFR32BG1B/GCC/libbluetooth.a(gatt_db_minimal.c.obj)
 .text.get_client_conf
                0x0000000000011724       0x24 /Users/timofieiev/Desktop/ble_app/ble/protocol/bluetooth/lib/EFR32BG1B/GCC/libbluetooth.a(gatt_db_minimal.c.obj)
 .text.gatt_db_set_db
                0x0000000000011748       0x14 /Users/timofieiev/Desktop/ble_app/ble/protocol/bluetooth/lib/EFR32BG1B/GCC/libbluetooth.a(gatt_db_minimal.c.obj)
                0x0000000000011748                gatt_db_set_db
 .text.gatt_db_invalidate_hash
                0x000000000001175c       0x10 /Users/timofieiev/Desktop/ble_app/ble/protocol/bluetooth/lib/EFR32BG1B/GCC/libbluetooth.a(gatt_db_minimal.c.obj)
                0x000000000001175c                gatt_db_invalidate_hash
 .text.gatt_db_set_client_features
                0x000000000001176c       0x1c /Users/timofieiev/Desktop/ble_app/ble/protocol/bluetooth/lib/EFR32BG1B/GCC/libbluetooth.a(gatt_db_minimal.c.obj)
                0x000000000001176c                gatt_db_set_client_features
 .text.gatt_db_handle_inrange
                0x0000000000011788       0x18 /Users/timofieiev/Desktop/ble_app/ble/protocol/bluetooth/lib/EFR32BG1B/GCC/libbluetooth.a(gatt_db_minimal.c.obj)
                0x0000000000011788                gatt_db_handle_inrange
 .text.gatt_db_handle_active
                0x00000000000117a0       0x30 /Users/timofieiev/Desktop/ble_app/ble/protocol/bluetooth/lib/EFR32BG1B/GCC/libbluetooth.a(gatt_db_minimal.c.obj)
                0x00000000000117a0                gatt_db_handle_active
 .text.get_client_conf_index
                0x00000000000117d0       0x44 /Users/timofieiev/Desktop/ble_app/ble/protocol/bluetooth/lib/EFR32BG1B/GCC/libbluetooth.a(gatt_db_minimal.c.obj)
 .text.gatt_db_get_char_properties
                0x0000000000011814       0x44 /Users/timofieiev/Desktop/ble_app/ble/protocol/bluetooth/lib/EFR32BG1B/GCC/libbluetooth.a(gatt_db_minimal.c.obj)
                0x0000000000011814                gatt_db_get_char_properties
 .text.gatt_db_user_value
                0x0000000000011858       0x1c /Users/timofieiev/Desktop/ble_app/ble/protocol/bluetooth/lib/EFR32BG1B/GCC/libbluetooth.a(gatt_db_minimal.c.obj)
                0x0000000000011858                gatt_db_user_value
 .text.gatt_db_load_client_conf
                0x0000000000011874       0x32 /Users/timofieiev/Desktop/ble_app/ble/protocol/bluetooth/lib/EFR32BG1B/GCC/libbluetooth.a(gatt_db_minimal.c.obj)
                0x0000000000011874                gatt_db_load_client_conf
 *fill*         0x00000000000118a6        0x2 
 .text.gatt_db_get_client_conf
                0x00000000000118a8       0x68 /Users/timofieiev/Desktop/ble_app/ble/protocol/bluetooth/lib/EFR32BG1B/GCC/libbluetooth.a(gatt_db_minimal.c.obj)
                0x00000000000118a8                gatt_db_get_client_conf
 .text.gatt_db_get_att_len
                0x0000000000011910       0x3c /Users/timofieiev/Desktop/ble_app/ble/protocol/bluetooth/lib/EFR32BG1B/GCC/libbluetooth.a(gatt_db_minimal.c.obj)
                0x0000000000011910                gatt_db_get_att_len
 .text.gatt_db_check_permissions
                0x000000000001194c      0x124 /Users/timofieiev/Desktop/ble_app/ble/protocol/bluetooth/lib/EFR32BG1B/GCC/libbluetooth.a(gatt_db_minimal.c.obj)
                0x000000000001194c                gatt_db_check_permissions
 .text.gatt_db_get_data
                0x0000000000011a70       0xa0 /Users/timofieiev/Desktop/ble_app/ble/protocol/bluetooth/lib/EFR32BG1B/GCC/libbluetooth.a(gatt_db_minimal.c.obj)
                0x0000000000011a70                gatt_db_get_data
 .text.gatt_db_set_hash
                0x0000000000011b10       0xfc /Users/timofieiev/Desktop/ble_app/ble/protocol/bluetooth/lib/EFR32BG1B/GCC/libbluetooth.a(gatt_db_minimal.c.obj)
                0x0000000000011b10                gatt_db_set_hash
 .text.gatt_db_find_attribute_by_type
                0x0000000000011c0c       0x38 /Users/timofieiev/Desktop/ble_app/ble/protocol/bluetooth/lib/EFR32BG1B/GCC/libbluetooth.a(gatt_db_minimal.c.obj)
                0x0000000000011c0c                gatt_db_find_attribute_by_type
 .text.gatt_db_find_group_end
                0x0000000000011c44       0x48 /Users/timofieiev/Desktop/ble_app/ble/protocol/bluetooth/lib/EFR32BG1B/GCC/libbluetooth.a(gatt_db_minimal.c.obj)
                0x0000000000011c44                gatt_db_find_group_end
 .text.gatt_db_find_by_type_value
                0x0000000000011c8c       0x90 /Users/timofieiev/Desktop/ble_app/ble/protocol/bluetooth/lib/EFR32BG1B/GCC/libbluetooth.a(gatt_db_minimal.c.obj)
                0x0000000000011c8c                gatt_db_find_by_type_value
 .text.gatt_db_populate_adv_services
                0x0000000000011d1c      0x164 /Users/timofieiev/Desktop/ble_app/ble/protocol/bluetooth/lib/EFR32BG1B/GCC/libbluetooth.a(gatt_db_minimal.c.obj)
                0x0000000000011d1c                gatt_db_populate_adv_services
 .text.gatt_db_get_attribute_type
                0x0000000000011e80       0x34 /Users/timofieiev/Desktop/ble_app/ble/protocol/bluetooth/lib/EFR32BG1B/GCC/libbluetooth.a(gatt_db_minimal.c.obj)
                0x0000000000011e80                gatt_db_get_attribute_type
 .text.gatt_db_get_16bit_char_handle
                0x0000000000011eb4       0x26 /Users/timofieiev/Desktop/ble_app/ble/protocol/bluetooth/lib/EFR32BG1B/GCC/libbluetooth.a(gatt_db_minimal.c.obj)
                0x0000000000011eb4                gatt_db_get_16bit_char_handle
 .text.set_client_conf.part.2
                0x0000000000011eda       0x7e /Users/timofieiev/Desktop/ble_app/ble/protocol/bluetooth/lib/EFR32BG1B/GCC/libbluetooth.a(gatt_db_minimal.c.obj)
 .text.gatt_db_set_data
                0x0000000000011f58      0x160 /Users/timofieiev/Desktop/ble_app/ble/protocol/bluetooth/lib/EFR32BG1B/GCC/libbluetooth.a(gatt_db_minimal.c.obj)
                0x0000000000011f58                gatt_db_set_data
 .text.gatt_db_reset_client_conf
                0x00000000000120b8       0x50 /Users/timofieiev/Desktop/ble_app/ble/protocol/bluetooth/lib/EFR32BG1B/GCC/libbluetooth.a(gatt_db_minimal.c.obj)
                0x00000000000120b8                gatt_db_reset_client_conf
 .text.send_user_read_request_event
                0x0000000000012108       0x32 /Users/timofieiev/Desktop/ble_app/ble/protocol/bluetooth/lib/EFR32BG1B/GCC/libbluetooth.a(gatt_server.c.obj)
 .text.send_user_write_request_event
                0x000000000001213a       0x3a /Users/timofieiev/Desktop/ble_app/ble/protocol/bluetooth/lib/EFR32BG1B/GCC/libbluetooth.a(gatt_server.c.obj)
 .text.send_execute_write_completed_event
                0x0000000000012174       0x2a /Users/timofieiev/Desktop/ble_app/ble/protocol/bluetooth/lib/EFR32BG1B/GCC/libbluetooth.a(gatt_server.c.obj)
 .text.finish_read_req
                0x000000000001219e       0x96 /Users/timofieiev/Desktop/ble_app/ble/protocol/bluetooth/lib/EFR32BG1B/GCC/libbluetooth.a(gatt_server.c.obj)
 .text.handle_read_req
                0x0000000000012234       0xa4 /Users/timofieiev/Desktop/ble_app/ble/protocol/bluetooth/lib/EFR32BG1B/GCC/libbluetooth.a(gatt_server.c.obj)
 .text.finish_execute_write_req
                0x00000000000122d8       0xa8 /Users/timofieiev/Desktop/ble_app/ble/protocol/bluetooth/lib/EFR32BG1B/GCC/libbluetooth.a(gatt_server.c.obj)
 .text.send_notification
                0x0000000000012380       0x6c /Users/timofieiev/Desktop/ble_app/ble/protocol/bluetooth/lib/EFR32BG1B/GCC/libbluetooth.a(gatt_server.c.obj)
 .text.gatt_server_send_attribute_value_event
                0x00000000000123ec       0x3a /Users/timofieiev/Desktop/ble_app/ble/protocol/bluetooth/lib/EFR32BG1B/GCC/libbluetooth.a(gatt_server.c.obj)
                0x00000000000123ec                gatt_server_send_attribute_value_event
 .text.gatt_server_send_characteristic_status_event
                0x0000000000012426       0x32 /Users/timofieiev/Desktop/ble_app/ble/protocol/bluetooth/lib/EFR32BG1B/GCC/libbluetooth.a(gatt_server.c.obj)
                0x0000000000012426                gatt_server_send_characteristic_status_event
 .text.gatt_server_handle_exchange_mtu_req
                0x0000000000012458       0x3c /Users/timofieiev/Desktop/ble_app/ble/protocol/bluetooth/lib/EFR32BG1B/GCC/libbluetooth.a(gatt_server.c.obj)
                0x0000000000012458                gatt_server_handle_exchange_mtu_req
 .text.gatt_server_handle_read_by_group_type
                0x0000000000012494      0x120 /Users/timofieiev/Desktop/ble_app/ble/protocol/bluetooth/lib/EFR32BG1B/GCC/libbluetooth.a(gatt_server.c.obj)
                0x0000000000012494                gatt_server_handle_read_by_group_type
 .text.gatt_server_handle_read_by_type
                0x00000000000125b4      0x184 /Users/timofieiev/Desktop/ble_app/ble/protocol/bluetooth/lib/EFR32BG1B/GCC/libbluetooth.a(gatt_server.c.obj)
                0x00000000000125b4                gatt_server_handle_read_by_type
 .text.gatt_server_handle_find_information
                0x0000000000012738       0xe2 /Users/timofieiev/Desktop/ble_app/ble/protocol/bluetooth/lib/EFR32BG1B/GCC/libbluetooth.a(gatt_server.c.obj)
                0x0000000000012738                gatt_server_handle_find_information
 .text.gatt_server_handle_find_by_type_value_req
                0x000000000001281a       0xc8 /Users/timofieiev/Desktop/ble_app/ble/protocol/bluetooth/lib/EFR32BG1B/GCC/libbluetooth.a(gatt_server.c.obj)
                0x000000000001281a                gatt_server_handle_find_by_type_value_req
 .text.gatt_server_handle_read_req
                0x00000000000128e2        0xc /Users/timofieiev/Desktop/ble_app/ble/protocol/bluetooth/lib/EFR32BG1B/GCC/libbluetooth.a(gatt_server.c.obj)
                0x00000000000128e2                gatt_server_handle_read_req
 .text.gatt_server_handle_read_blob_req
                0x00000000000128ee        0xa /Users/timofieiev/Desktop/ble_app/ble/protocol/bluetooth/lib/EFR32BG1B/GCC/libbluetooth.a(gatt_server.c.obj)
                0x00000000000128ee                gatt_server_handle_read_blob_req
 .text.gatt_server_handle_read_multiple_req
                0x00000000000128f8       0xee /Users/timofieiev/Desktop/ble_app/ble/protocol/bluetooth/lib/EFR32BG1B/GCC/libbluetooth.a(gatt_server.c.obj)
                0x00000000000128f8                gatt_server_handle_read_multiple_req
 .text.gatt_server_handle_write_req
                0x00000000000129e6       0x96 /Users/timofieiev/Desktop/ble_app/ble/protocol/bluetooth/lib/EFR32BG1B/GCC/libbluetooth.a(gatt_server.c.obj)
                0x00000000000129e6                gatt_server_handle_write_req
 .text.gatt_server_handle_write_cmd
                0x0000000000012a7c       0x84 /Users/timofieiev/Desktop/ble_app/ble/protocol/bluetooth/lib/EFR32BG1B/GCC/libbluetooth.a(gatt_server.c.obj)
                0x0000000000012a7c                gatt_server_handle_write_cmd
 .text.gatt_server_handle_prepare_write_req
                0x0000000000012b00       0xa4 /Users/timofieiev/Desktop/ble_app/ble/protocol/bluetooth/lib/EFR32BG1B/GCC/libbluetooth.a(gatt_server.c.obj)
                0x0000000000012b00                gatt_server_handle_prepare_write_req
 .text.gatt_server_handle_execute_write_req
                0x0000000000012ba4       0x28 /Users/timofieiev/Desktop/ble_app/ble/protocol/bluetooth/lib/EFR32BG1B/GCC/libbluetooth.a(gatt_server.c.obj)
                0x0000000000012ba4                gatt_server_handle_execute_write_req
 .text.gatt_server_handle_value_cfm
                0x0000000000012bcc       0x48 /Users/timofieiev/Desktop/ble_app/ble/protocol/bluetooth/lib/EFR32BG1B/GCC/libbluetooth.a(gatt_server.c.obj)
                0x0000000000012bcc                gatt_server_handle_value_cfm
 .text.gatt_server_send_user_write_response
                0x0000000000012c14       0x6e /Users/timofieiev/Desktop/ble_app/ble/protocol/bluetooth/lib/EFR32BG1B/GCC/libbluetooth.a(gatt_server.c.obj)
                0x0000000000012c14                gatt_server_send_user_write_response
 *fill*         0x0000000000012c82        0x2 
 .text.gatt_server_report_gattdb_change
                0x0000000000012c84       0x5c /Users/timofieiev/Desktop/ble_app/ble/protocol/bluetooth/lib/EFR32BG1B/GCC/libbluetooth.a(gatt_server.c.obj)
                0x0000000000012c84                gatt_server_report_gattdb_change
 .text.gatt_server_report_client_config
                0x0000000000012ce0       0xa8 /Users/timofieiev/Desktop/ble_app/ble/protocol/bluetooth/lib/EFR32BG1B/GCC/libbluetooth.a(gatt_server.c.obj)
                0x0000000000012ce0                gatt_server_report_client_config
 .text.handle_database_changed.part.4
                0x0000000000012d88       0x70 /Users/timofieiev/Desktop/ble_app/ble/protocol/bluetooth/lib/EFR32BG1B/GCC/libbluetooth.a(gatt_server.c.obj)
 .text.gatt_server_handle_att
                0x0000000000012df8      0x262 /Users/timofieiev/Desktop/ble_app/ble/protocol/bluetooth/lib/EFR32BG1B/GCC/libbluetooth.a(gatt_server.c.obj)
                0x0000000000012df8                gatt_server_handle_att
 .text.gatt_set_gattdb
                0x000000000001305a       0x34 /Users/timofieiev/Desktop/ble_app/ble/protocol/bluetooth/lib/EFR32BG1B/GCC/libbluetooth.a(gatt_server.c.obj)
                0x000000000001305a                gatt_set_gattdb
 .text.gecko_bgapi_class_dfu_init
                0x000000000001308e       0x12 /Users/timofieiev/Desktop/ble_app/ble/protocol/bluetooth/lib/EFR32BG1B/GCC/libbluetooth.a(gecko_bgapi_dfu.c.obj)
                0x000000000001308e                gecko_bgapi_class_dfu_init
 .text.gecko_bgapi_class_endpoint_init
                0x00000000000130a0       0x12 /Users/timofieiev/Desktop/ble_app/ble/protocol/bluetooth/lib/EFR32BG1B/GCC/libbluetooth.a(gecko_bgapi_endpoint.c.obj)
                0x00000000000130a0                gecko_bgapi_class_endpoint_init
 .text.gecko_bgapi_class_flash_init
                0x00000000000130b2       0x12 /Users/timofieiev/Desktop/ble_app/ble/protocol/bluetooth/lib/EFR32BG1B/GCC/libbluetooth.a(gecko_bgapi_flash.c.obj)
                0x00000000000130b2                gecko_bgapi_class_flash_init
 .text.gecko_bgapi_class_le_gap_init
                0x00000000000130c4       0x12 /Users/timofieiev/Desktop/ble_app/ble/protocol/bluetooth/lib/EFR32BG1B/GCC/libbluetooth.a(gecko_bgapi_gap.c.obj)
                0x00000000000130c4                gecko_bgapi_class_le_gap_init
 .text.gecko_bgapi_class_gatt_init
                0x00000000000130d6       0x12 /Users/timofieiev/Desktop/ble_app/ble/protocol/bluetooth/lib/EFR32BG1B/GCC/libbluetooth.a(gecko_bgapi_gatt.c.obj)
                0x00000000000130d6                gecko_bgapi_class_gatt_init
 .text.gecko_bgapi_class_gatt_server_init
                0x00000000000130e8       0x12 /Users/timofieiev/Desktop/ble_app/ble/protocol/bluetooth/lib/EFR32BG1B/GCC/libbluetooth.a(gecko_bgapi_gatt_server.c.obj)
                0x00000000000130e8                gecko_bgapi_class_gatt_server_init
 .text.gecko_bgapi_class_hardware_init
                0x00000000000130fa       0x12 /Users/timofieiev/Desktop/ble_app/ble/protocol/bluetooth/lib/EFR32BG1B/GCC/libbluetooth.a(gecko_bgapi_hardware.c.obj)
                0x00000000000130fa                gecko_bgapi_class_hardware_init
 .text.gecko_bgapi_class_le_connection_init
                0x000000000001310c       0x12 /Users/timofieiev/Desktop/ble_app/ble/protocol/bluetooth/lib/EFR32BG1B/GCC/libbluetooth.a(gecko_bgapi_le_connection.c.obj)
                0x000000000001310c                gecko_bgapi_class_le_connection_init
 .text.gecko_bgapi_class_sm_init
                0x000000000001311e       0x12 /Users/timofieiev/Desktop/ble_app/ble/protocol/bluetooth/lib/EFR32BG1B/GCC/libbluetooth.a(gecko_bgapi_sm.c.obj)
                0x000000000001311e                gecko_bgapi_class_sm_init
 .text.gecko_bgapi_class_system_init
                0x0000000000013130       0x12 /Users/timofieiev/Desktop/ble_app/ble/protocol/bluetooth/lib/EFR32BG1B/GCC/libbluetooth.a(gecko_bgapi_system.c.obj)
                0x0000000000013130                gecko_bgapi_class_system_init
 .text.gecko_bgapi_class_test_init
                0x0000000000013142       0x12 /Users/timofieiev/Desktop/ble_app/ble/protocol/bluetooth/lib/EFR32BG1B/GCC/libbluetooth.a(gecko_bgapi_test.c.obj)
                0x0000000000013142                gecko_bgapi_class_test_init
 .text.handle_bgapi_output
                0x0000000000013154       0x74 /Users/timofieiev/Desktop/ble_app/ble/protocol/bluetooth/lib/EFR32BG1B/GCC/libbluetooth.a(gecko_endpoints.c.obj)
 .text.finish_command.isra.0
                0x00000000000131c8       0x28 /Users/timofieiev/Desktop/ble_app/ble/protocol/bluetooth/lib/EFR32BG1B/GCC/libbluetooth.a(gecko_endpoints.c.obj)
 .text.gecko_release_evt
                0x00000000000131f0       0x14 /Users/timofieiev/Desktop/ble_app/ble/protocol/bluetooth/lib/EFR32BG1B/GCC/libbluetooth.a(gecko_endpoints.c.obj)
                0x00000000000131f0                gecko_release_evt
 .text.gecko_get_evt
                0x0000000000013204       0x10 /Users/timofieiev/Desktop/ble_app/ble/protocol/bluetooth/lib/EFR32BG1B/GCC/libbluetooth.a(gecko_endpoints.c.obj)
                0x0000000000013204                gecko_get_evt
 .text.gecko_register_bgapi_library
                0x0000000000013214       0x38 /Users/timofieiev/Desktop/ble_app/ble/protocol/bluetooth/lib/EFR32BG1B/GCC/libbluetooth.a(gecko_endpoints.c.obj)
                0x0000000000013214                gecko_register_bgapi_library
 .text.gecko_handle_library_packet
                0x000000000001324c       0x10 /Users/timofieiev/Desktop/ble_app/ble/protocol/bluetooth/lib/EFR32BG1B/GCC/libbluetooth.a(gecko_endpoints.c.obj)
                0x000000000001324c                gecko_handle_library_packet
 .text.sli_bt_cmd_handler_delegate
                0x000000000001325c       0x74 /Users/timofieiev/Desktop/ble_app/ble/protocol/bluetooth/lib/EFR32BG1B/GCC/libbluetooth.a(gecko_endpoints.c.obj)
                0x000000000001325c                sli_bt_cmd_handler_delegate
 .text.hci_increase_token
                0x00000000000132d0       0x12 /Users/timofieiev/Desktop/ble_app/ble/protocol/bluetooth/lib/EFR32BG1B/GCC/libbluetooth.a(hci.c.obj)
 *fill*         0x00000000000132e2        0x2 
 .text.hci_init
                0x00000000000132e4       0x1c /Users/timofieiev/Desktop/ble_app/ble/protocol/bluetooth/lib/EFR32BG1B/GCC/libbluetooth.a(hci.c.obj)
                0x00000000000132e4                hci_init
 .text.hci_command_status_handle
                0x0000000000013300       0x40 /Users/timofieiev/Desktop/ble_app/ble/protocol/bluetooth/lib/EFR32BG1B/GCC/libbluetooth.a(hci.c.obj)
                0x0000000000013300                hci_command_status_handle
 .text.hci_command_complete_handle
                0x0000000000013340      0x148 /Users/timofieiev/Desktop/ble_app/ble/protocol/bluetooth/lib/EFR32BG1B/GCC/libbluetooth.a(hci.c.obj)
                0x0000000000013340                hci_command_complete_handle
 .text.handle_extended_advertising_report
                0x0000000000013488       0xe4 /Users/timofieiev/Desktop/ble_app/ble/protocol/bluetooth/lib/EFR32BG1B/GCC/libbluetooth.a(hci.c.obj)
                0x0000000000013488                handle_extended_advertising_report
 .text.hci_inject_acl
                0x000000000001356c        0xc /Users/timofieiev/Desktop/ble_app/ble/protocol/bluetooth/lib/EFR32BG1B/GCC/libbluetooth.a(hci.c.obj)
                0x000000000001356c                hci_inject_acl
 .text.hci_packets_waiting
                0x0000000000013578       0x18 /Users/timofieiev/Desktop/ble_app/ble/protocol/bluetooth/lib/EFR32BG1B/GCC/libbluetooth.a(hci.c.obj)
                0x0000000000013578                hci_packets_waiting
 .text.hci_get_acl_packet
                0x0000000000013590       0x14 /Users/timofieiev/Desktop/ble_app/ble/protocol/bluetooth/lib/EFR32BG1B/GCC/libbluetooth.a(hci.c.obj)
                0x0000000000013590                hci_get_acl_packet
 .text.hci_send_command
                0x00000000000135a4       0x12 /Users/timofieiev/Desktop/ble_app/ble/protocol/bluetooth/lib/EFR32BG1B/GCC/libbluetooth.a(hci.c.obj)
                0x00000000000135a4                hci_send_command
 .text.hci_read_bdaddr
                0x00000000000135b6       0x1c /Users/timofieiev/Desktop/ble_app/ble/protocol/bluetooth/lib/EFR32BG1B/GCC/libbluetooth.a(hci.c.obj)
                0x00000000000135b6                hci_read_bdaddr
 *fill*         0x00000000000135d2        0x2 
 .text.hci_state_listener
                0x00000000000135d4       0x14 /Users/timofieiev/Desktop/ble_app/ble/protocol/bluetooth/lib/EFR32BG1B/GCC/libbluetooth.a(hci.c.obj)
                0x00000000000135d4                hci_state_listener
 .text.hci_set_state
                0x00000000000135e8       0x1c /Users/timofieiev/Desktop/ble_app/ble/protocol/bluetooth/lib/EFR32BG1B/GCC/libbluetooth.a(hci.c.obj)
                0x00000000000135e8                hci_set_state
 .text.hci_state_listener_init
                0x0000000000013604       0x10 /Users/timofieiev/Desktop/ble_app/ble/protocol/bluetooth/lib/EFR32BG1B/GCC/libbluetooth.a(hci.c.obj)
                0x0000000000013604                hci_state_listener_init
 .text.hci_state_listener_init_default_data_length
                0x0000000000013614       0x6c /Users/timofieiev/Desktop/ble_app/ble/protocol/bluetooth/lib/EFR32BG1B/GCC/libbluetooth.a(hci.c.obj)
                0x0000000000013614                hci_state_listener_init_default_data_length
 .text.hci_run  0x0000000000013680        0x6 /Users/timofieiev/Desktop/ble_app/ble/protocol/bluetooth/lib/EFR32BG1B/GCC/libbluetooth.a(hci.c.obj)
                0x0000000000013680                hci_run
 .text.hci_start
                0x0000000000013686        0x6 /Users/timofieiev/Desktop/ble_app/ble/protocol/bluetooth/lib/EFR32BG1B/GCC/libbluetooth.a(hci.c.obj)
                0x0000000000013686                hci_start
 .text.hci_cleanup_acl
                0x000000000001368c       0x28 /Users/timofieiev/Desktop/ble_app/ble/protocol/bluetooth/lib/EFR32BG1B/GCC/libbluetooth.a(hci.c.obj)
                0x000000000001368c                hci_cleanup_acl
 .text.hci_send_acl
                0x00000000000136b4       0xac /Users/timofieiev/Desktop/ble_app/ble/protocol/bluetooth/lib/EFR32BG1B/GCC/libbluetooth.a(hci.c.obj)
                0x00000000000136b4                hci_send_acl
 .text.hci_le_set_random_address
                0x0000000000013760       0x30 /Users/timofieiev/Desktop/ble_app/ble/protocol/bluetooth/lib/EFR32BG1B/GCC/libbluetooth.a(hci.c.obj)
                0x0000000000013760                hci_le_set_random_address
 .text.hci_le_set_extended_advertising_parameters
                0x0000000000013790       0xbc /Users/timofieiev/Desktop/ble_app/ble/protocol/bluetooth/lib/EFR32BG1B/GCC/libbluetooth.a(hci.c.obj)
                0x0000000000013790                hci_le_set_extended_advertising_parameters
 .text.hci_le_set_advertising_set_random_address
                0x000000000001384c       0x30 /Users/timofieiev/Desktop/ble_app/ble/protocol/bluetooth/lib/EFR32BG1B/GCC/libbluetooth.a(hci.c.obj)
                0x000000000001384c                hci_le_set_advertising_set_random_address
 .text.hci_le_set_extended_advertising_data
                0x000000000001387c       0x48 /Users/timofieiev/Desktop/ble_app/ble/protocol/bluetooth/lib/EFR32BG1B/GCC/libbluetooth.a(hci.c.obj)
                0x000000000001387c                hci_le_set_extended_advertising_data
 .text.hci_le_set_extended_scan_response_data
                0x00000000000138c4       0x48 /Users/timofieiev/Desktop/ble_app/ble/protocol/bluetooth/lib/EFR32BG1B/GCC/libbluetooth.a(hci.c.obj)
                0x00000000000138c4                hci_le_set_extended_scan_response_data
 .text.hci_le_set_extended_advertising_enable
                0x000000000001390c       0x3c /Users/timofieiev/Desktop/ble_app/ble/protocol/bluetooth/lib/EFR32BG1B/GCC/libbluetooth.a(hci.c.obj)
                0x000000000001390c                hci_le_set_extended_advertising_enable
 .text.hci_le_set_extended_scan_parameters
                0x0000000000013948       0x4c /Users/timofieiev/Desktop/ble_app/ble/protocol/bluetooth/lib/EFR32BG1B/GCC/libbluetooth.a(hci.c.obj)
                0x0000000000013948                hci_le_set_extended_scan_parameters
 .text.hci_le_set_ext_scan_enable
                0x0000000000013994       0x34 /Users/timofieiev/Desktop/ble_app/ble/protocol/bluetooth/lib/EFR32BG1B/GCC/libbluetooth.a(hci.c.obj)
                0x0000000000013994                hci_le_set_ext_scan_enable
 .text.hci_le_create_connection_cancel
                0x00000000000139c8       0x14 /Users/timofieiev/Desktop/ble_app/ble/protocol/bluetooth/lib/EFR32BG1B/GCC/libbluetooth.a(hci.c.obj)
                0x00000000000139c8                hci_le_create_connection_cancel
 .text.hci_close_acl
                0x00000000000139dc       0x42 /Users/timofieiev/Desktop/ble_app/ble/protocol/bluetooth/lib/EFR32BG1B/GCC/libbluetooth.a(hci.c.obj)
                0x00000000000139dc                hci_close_acl
 *fill*         0x0000000000013a1e        0x2 
 .text.hci_le_connection_update
                0x0000000000013a20       0x58 /Users/timofieiev/Desktop/ble_app/ble/protocol/bluetooth/lib/EFR32BG1B/GCC/libbluetooth.a(hci.c.obj)
                0x0000000000013a20                hci_le_connection_update
 .text.hci_le_start_encryption
                0x0000000000013a78       0x50 /Users/timofieiev/Desktop/ble_app/ble/protocol/bluetooth/lib/EFR32BG1B/GCC/libbluetooth.a(hci.c.obj)
                0x0000000000013a78                hci_le_start_encryption
 .text.hci_le_ltk_reply
                0x0000000000013ac8       0x4c /Users/timofieiev/Desktop/ble_app/ble/protocol/bluetooth/lib/EFR32BG1B/GCC/libbluetooth.a(hci.c.obj)
                0x0000000000013ac8                hci_le_ltk_reply
 .text.hci_le_remote_connection_parameter_request_reply
                0x0000000000013b14       0x58 /Users/timofieiev/Desktop/ble_app/ble/protocol/bluetooth/lib/EFR32BG1B/GCC/libbluetooth.a(hci.c.obj)
                0x0000000000013b14                hci_le_remote_connection_parameter_request_reply
 .text.hci_event_handle
                0x0000000000013b6c      0x2a4 /Users/timofieiev/Desktop/ble_app/ble/protocol/bluetooth/lib/EFR32BG1B/GCC/libbluetooth.a(hci.c.obj)
                0x0000000000013b6c                hci_event_handle
 .text.hci_get_and_handle
                0x0000000000013e10       0x20 /Users/timofieiev/Desktop/ble_app/ble/protocol/bluetooth/lib/EFR32BG1B/GCC/libbluetooth.a(hci.c.obj)
                0x0000000000013e10                hci_get_and_handle
 .text.hci_state_listener_idle
                0x0000000000013e30       0x1c /Users/timofieiev/Desktop/ble_app/ble/protocol/bluetooth/lib/EFR32BG1B/GCC/libbluetooth.a(hci.c.obj)
                0x0000000000013e30                hci_state_listener_idle
 .text.hci_read_conn_phy
                0x0000000000013e4c       0x24 /Users/timofieiev/Desktop/ble_app/ble/protocol/bluetooth/lib/EFR32BG1B/GCC/libbluetooth.a(hci.c.obj)
                0x0000000000013e4c                hci_read_conn_phy
 .text.cmd2bgbuf
                0x0000000000013e70        0x4 /Users/timofieiev/Desktop/ble_app/ble/protocol/bluetooth/lib/EFR32BG1B/GCC/libbluetooth.a(hci_pck.c.obj)
                0x0000000000013e70                cmd2bgbuf
 .text.hci_command_alloc
                0x0000000000013e74       0x2e /Users/timofieiev/Desktop/ble_app/ble/protocol/bluetooth/lib/EFR32BG1B/GCC/libbluetooth.a(hci_pck.c.obj)
                0x0000000000013e74                hci_command_alloc
 .text.hci_command_alloc_bgbuf
                0x0000000000013ea2       0x58 /Users/timofieiev/Desktop/ble_app/ble/protocol/bluetooth/lib/EFR32BG1B/GCC/libbluetooth.a(hci_pck.c.obj)
                0x0000000000013ea2                hci_command_alloc_bgbuf
 *fill*         0x0000000000013efa        0x2 
 .text.hci_get_output_acl
                0x0000000000013efc        0xc /Users/timofieiev/Desktop/ble_app/ble/protocol/bluetooth/lib/EFR32BG1B/GCC/libbluetooth.a(hci_pck.c.obj)
                0x0000000000013efc                hci_get_output_acl
 .text.hci_get_event
                0x0000000000013f08        0xc /Users/timofieiev/Desktop/ble_app/ble/protocol/bluetooth/lib/EFR32BG1B/GCC/libbluetooth.a(hci_pck.c.obj)
                0x0000000000013f08                hci_get_event
 .text.hci_inject_event
                0x0000000000013f14        0xc /Users/timofieiev/Desktop/ble_app/ble/protocol/bluetooth/lib/EFR32BG1B/GCC/libbluetooth.a(hci_pck.c.obj)
                0x0000000000013f14                hci_inject_event
 .text.bg_pre_sleep
                0x0000000000013f20        0x2 /Users/timofieiev/Desktop/ble_app/ble/protocol/bluetooth/lib/EFR32BG1B/GCC/libbluetooth.a(init.c.obj)
                0x0000000000013f20                bg_pre_sleep
 .text.bg_post_wakeup
                0x0000000000013f22        0x2 /Users/timofieiev/Desktop/ble_app/ble/protocol/bluetooth/lib/EFR32BG1B/GCC/libbluetooth.a(init.c.obj)
                0x0000000000013f22                bg_post_wakeup
 .text.bg_get_le_phys
                0x0000000000013f24        0x4 /Users/timofieiev/Desktop/ble_app/ble/protocol/bluetooth/lib/EFR32BG1B/GCC/libbluetooth.a(init.c.obj)
                0x0000000000013f24                bg_get_le_phys
 .text.bg_low_init
                0x0000000000013f28       0x30 /Users/timofieiev/Desktop/ble_app/ble/protocol/bluetooth/lib/EFR32BG1B/GCC/libbluetooth.a(init.c.obj)
                0x0000000000013f28                bg_low_init
 .text.bg_radio_pa_set_tx_power
                0x0000000000013f58       0x5c /Users/timofieiev/Desktop/ble_app/ble/protocol/bluetooth/lib/EFR32BG1B/GCC/libbluetooth.a(init.c.obj)
                0x0000000000013f58                bg_radio_pa_set_tx_power
 .text.bg_radio_init
                0x0000000000013fb4       0xd0 /Users/timofieiev/Desktop/ble_app/ble/protocol/bluetooth/lib/EFR32BG1B/GCC/libbluetooth.a(init.c.obj)
                0x0000000000013fb4                bg_radio_init
 .text.irq_init
                0x0000000000014084       0x78 /Users/timofieiev/Desktop/ble_app/ble/protocol/bluetooth/lib/EFR32BG1B/GCC/libbluetooth.a(irq.c.obj)
                0x0000000000014084                irq_init
 .text.l2cap_send_update_parameters_response
                0x00000000000140fc       0x48 /Users/timofieiev/Desktop/ble_app/ble/protocol/bluetooth/lib/EFR32BG1B/GCC/libbluetooth.a(l2cap.c.obj)
 .text.l2cap_message_handler
                0x0000000000014144       0x34 /Users/timofieiev/Desktop/ble_app/ble/protocol/bluetooth/lib/EFR32BG1B/GCC/libbluetooth.a(l2cap.c.obj)
                0x0000000000014144                l2cap_message_handler
 .text.l2cap_send_command_reject.constprop.1
                0x0000000000014178       0x48 /Users/timofieiev/Desktop/ble_app/ble/protocol/bluetooth/lib/EFR32BG1B/GCC/libbluetooth.a(l2cap.c.obj)
 .text.l2cap_init
                0x00000000000141c0       0x20 /Users/timofieiev/Desktop/ble_app/ble/protocol/bluetooth/lib/EFR32BG1B/GCC/libbluetooth.a(l2cap.c.obj)
                0x00000000000141c0                l2cap_init
 .text.l2cap_send_fixed_channel
                0x00000000000141e0       0x40 /Users/timofieiev/Desktop/ble_app/ble/protocol/bluetooth/lib/EFR32BG1B/GCC/libbluetooth.a(l2cap.c.obj)
                0x00000000000141e0                l2cap_send_fixed_channel
 .text.acl_packet_handle
                0x0000000000014220      0x150 /Users/timofieiev/Desktop/ble_app/ble/protocol/bluetooth/lib/EFR32BG1B/GCC/libbluetooth.a(l2cap.c.obj)
                0x0000000000014220                acl_packet_handle
 .text.ll_hciSetCommandCompleteHeader
                0x0000000000014370       0x1a /Users/timofieiev/Desktop/ble_app/ble/protocol/bluetooth/lib/EFR32BG1B/GCC/libbluetooth.a(ll_hci.c.obj)
                0x0000000000014370                ll_hciSetCommandCompleteHeader
 .text.ll_hciSetMetaEventHeader
                0x000000000001438a       0x12 /Users/timofieiev/Desktop/ble_app/ble/protocol/bluetooth/lib/EFR32BG1B/GCC/libbluetooth.a(ll_hci.c.obj)
                0x000000000001438a                ll_hciSetMetaEventHeader
 .text.ll_hciSetCommandStatusHeader
                0x000000000001439c       0x18 /Users/timofieiev/Desktop/ble_app/ble/protocol/bluetooth/lib/EFR32BG1B/GCC/libbluetooth.a(ll_hci.c.obj)
                0x000000000001439c                ll_hciSetCommandStatusHeader
 .text.ll_hciSendHCIEvent
                0x00000000000143b4        0xc /Users/timofieiev/Desktop/ble_app/ble/protocol/bluetooth/lib/EFR32BG1B/GCC/libbluetooth.a(ll_hci.c.obj)
                0x00000000000143b4                ll_hciSendHCIEvent
 .text.ll_hciSendGenericCommandComplete
                0x00000000000143c0       0x10 /Users/timofieiev/Desktop/ble_app/ble/protocol/bluetooth/lib/EFR32BG1B/GCC/libbluetooth.a(ll_hci.c.obj)
                0x00000000000143c0                ll_hciSendGenericCommandComplete
 .text.ll_hciInit
                0x00000000000143d0        0xc /Users/timofieiev/Desktop/ble_app/ble/protocol/bluetooth/lib/EFR32BG1B/GCC/libbluetooth.a(ll_hci.c.obj)
                0x00000000000143d0                ll_hciInit
 .text.BTLE_HCIToLLCmdSAP
                0x00000000000143dc       0x30 /Users/timofieiev/Desktop/ble_app/ble/protocol/bluetooth/lib/EFR32BG1B/GCC/libbluetooth.a(ll_hci.c.obj)
                0x00000000000143dc                BTLE_HCIToLLCmdSAP
 .text.BTLE_HCIToLLDataSAP
                0x000000000001440c       0x44 /Users/timofieiev/Desktop/ble_app/ble/protocol/bluetooth/lib/EFR32BG1B/GCC/libbluetooth.a(ll_hci.c.obj)
                0x000000000001440c                BTLE_HCIToLLDataSAP
 .text.ll_hciHandleCommandPhy
                0x0000000000014450        0x4 /Users/timofieiev/Desktop/ble_app/ble/protocol/bluetooth/lib/EFR32BG1B/GCC/libbluetooth.a(ll_hci.c.obj)
                0x0000000000014450                ll_hciHandleCommandPhy
 .text.ll_hciHandleCommandDebug
                0x0000000000014454        0x4 /Users/timofieiev/Desktop/ble_app/ble/protocol/bluetooth/lib/EFR32BG1B/GCC/libbluetooth.a(ll_hci.c.obj)
                0x0000000000014454                ll_hciHandleCommandDebug
 .text.ll_hciSendLePhyUpdateComplete
                0x0000000000014458        0x4 /Users/timofieiev/Desktop/ble_app/ble/protocol/bluetooth/lib/EFR32BG1B/GCC/libbluetooth.a(ll_hci.c.obj)
                0x0000000000014458                ll_hciSendLePhyUpdateComplete
 .text.ll_hciHandleDisconnect
                0x000000000001445c       0x46 /Users/timofieiev/Desktop/ble_app/ble/protocol/bluetooth/lib/EFR32BG1B/GCC/libbluetooth.a(ll_hci.c.obj)
                0x000000000001445c                ll_hciHandleDisconnect
 .text.ll_hciHandleUnknown
                0x00000000000144a2        0xc /Users/timofieiev/Desktop/ble_app/ble/protocol/bluetooth/lib/EFR32BG1B/GCC/libbluetooth.a(ll_hci.c.obj)
                0x00000000000144a2                ll_hciHandleUnknown
 .text.ll_hciHandleReset
                0x00000000000144ae       0x18 /Users/timofieiev/Desktop/ble_app/ble/protocol/bluetooth/lib/EFR32BG1B/GCC/libbluetooth.a(ll_hci.c.obj)
                0x00000000000144ae                ll_hciHandleReset
 *fill*         0x00000000000144c6        0x2 
 .text.ll_hciHandleReadBDADDR
                0x00000000000144c8       0x2c /Users/timofieiev/Desktop/ble_app/ble/protocol/bluetooth/lib/EFR32BG1B/GCC/libbluetooth.a(ll_hci.c.obj)
                0x00000000000144c8                ll_hciHandleReadBDADDR
 .text.ll_hciHandleSetHostChannelClassification
                0x00000000000144f4       0x3e /Users/timofieiev/Desktop/ble_app/ble/protocol/bluetooth/lib/EFR32BG1B/GCC/libbluetooth.a(ll_hci.c.obj)
                0x00000000000144f4                ll_hciHandleSetHostChannelClassification
 .text.ll_hciHandleLeWriteRfPathCompensation
                0x0000000000014532       0x26 /Users/timofieiev/Desktop/ble_app/ble/protocol/bluetooth/lib/EFR32BG1B/GCC/libbluetooth.a(ll_hci.c.obj)
                0x0000000000014532                ll_hciHandleLeWriteRfPathCompensation
 .text.ll_hciHandleLeSetExtendedScanResponseData
                0x0000000000014558       0x5a /Users/timofieiev/Desktop/ble_app/ble/protocol/bluetooth/lib/EFR32BG1B/GCC/libbluetooth.a(ll_hci.c.obj)
                0x0000000000014558                ll_hciHandleLeSetExtendedScanResponseData
 .text.ll_hciHandleLeStartEncryption
                0x00000000000145b2       0x50 /Users/timofieiev/Desktop/ble_app/ble/protocol/bluetooth/lib/EFR32BG1B/GCC/libbluetooth.a(ll_hci.c.obj)
                0x00000000000145b2                ll_hciHandleLeStartEncryption
 .text.ll_hciHandleLeLtkNegReply
                0x0000000000014602       0x3a /Users/timofieiev/Desktop/ble_app/ble/protocol/bluetooth/lib/EFR32BG1B/GCC/libbluetooth.a(ll_hci.c.obj)
                0x0000000000014602                ll_hciHandleLeLtkNegReply
 .text.ll_hciHandleLeLtkReply
                0x000000000001463c       0x44 /Users/timofieiev/Desktop/ble_app/ble/protocol/bluetooth/lib/EFR32BG1B/GCC/libbluetooth.a(ll_hci.c.obj)
                0x000000000001463c                ll_hciHandleLeLtkReply
 .text.ll_hciHandleLeSetExtendedAdvertisingData
                0x0000000000014680       0x60 /Users/timofieiev/Desktop/ble_app/ble/protocol/bluetooth/lib/EFR32BG1B/GCC/libbluetooth.a(ll_hci.c.obj)
                0x0000000000014680                ll_hciHandleLeSetExtendedAdvertisingData
 .text.ll_hciHandleSiliconLabsSetConnectionConfigBits
                0x00000000000146e0       0x30 /Users/timofieiev/Desktop/ble_app/ble/protocol/bluetooth/lib/EFR32BG1B/GCC/libbluetooth.a(ll_hci.c.obj)
                0x00000000000146e0                ll_hciHandleSiliconLabsSetConnectionConfigBits
 .text.ll_hciHandleSiliconLabsClearConnectionConfigBits
                0x0000000000014710       0x30 /Users/timofieiev/Desktop/ble_app/ble/protocol/bluetooth/lib/EFR32BG1B/GCC/libbluetooth.a(ll_hci.c.obj)
                0x0000000000014710                ll_hciHandleSiliconLabsClearConnectionConfigBits
 .text.ll_hciHandleSiliconLabsConfigFlags
                0x0000000000014740       0x46 /Users/timofieiev/Desktop/ble_app/ble/protocol/bluetooth/lib/EFR32BG1B/GCC/libbluetooth.a(ll_hci.c.obj)
                0x0000000000014740                ll_hciHandleSiliconLabsConfigFlags
 .text.ll_hciHandleSiliconLabsGetCounters
                0x0000000000014786       0x56 /Users/timofieiev/Desktop/ble_app/ble/protocol/bluetooth/lib/EFR32BG1B/GCC/libbluetooth.a(ll_hci.c.obj)
                0x0000000000014786                ll_hciHandleSiliconLabsGetCounters
 .text.ll_hciHandleSiliconLabsGetTiming
                0x00000000000147dc       0x1e /Users/timofieiev/Desktop/ble_app/ble/protocol/bluetooth/lib/EFR32BG1B/GCC/libbluetooth.a(ll_hci.c.obj)
                0x00000000000147dc                ll_hciHandleSiliconLabsGetTiming
 *fill*         0x00000000000147fa        0x2 
 .text.ll_hciHandleSiliconLabsConfigure
                0x00000000000147fc       0x8c /Users/timofieiev/Desktop/ble_app/ble/protocol/bluetooth/lib/EFR32BG1B/GCC/libbluetooth.a(ll_hci.c.obj)
                0x00000000000147fc                ll_hciHandleSiliconLabsConfigure
 .text.ll_hciHandleLeSetExtendedAdvertisingEnable
                0x0000000000014888       0x7c /Users/timofieiev/Desktop/ble_app/ble/protocol/bluetooth/lib/EFR32BG1B/GCC/libbluetooth.a(ll_hci.c.obj)
                0x0000000000014888                ll_hciHandleLeSetExtendedAdvertisingEnable
 .text.ll_hciHandleLeSetRandomAddress
                0x0000000000014904       0x1e /Users/timofieiev/Desktop/ble_app/ble/protocol/bluetooth/lib/EFR32BG1B/GCC/libbluetooth.a(ll_hci.c.obj)
                0x0000000000014904                ll_hciHandleLeSetRandomAddress
 .text.ll_hciHandleLeSetAdvertisingSetRandomAddress
                0x0000000000014922       0x2e /Users/timofieiev/Desktop/ble_app/ble/protocol/bluetooth/lib/EFR32BG1B/GCC/libbluetooth.a(ll_hci.c.obj)
                0x0000000000014922                ll_hciHandleLeSetAdvertisingSetRandomAddress
 .text.ll_hciHandleLeSetExtendedAdvertisingParameters
                0x0000000000014950      0x10a /Users/timofieiev/Desktop/ble_app/ble/protocol/bluetooth/lib/EFR32BG1B/GCC/libbluetooth.a(ll_hci.c.obj)
                0x0000000000014950                ll_hciHandleLeSetExtendedAdvertisingParameters
 .text.ll_hciHandleLeSetExtendedScanParameters
                0x0000000000014a5a       0x3a /Users/timofieiev/Desktop/ble_app/ble/protocol/bluetooth/lib/EFR32BG1B/GCC/libbluetooth.a(ll_hci.c.obj)
                0x0000000000014a5a                ll_hciHandleLeSetExtendedScanParameters
 .text.ll_hciHandleLeSetScanParameters
                0x0000000000014a94       0x3e /Users/timofieiev/Desktop/ble_app/ble/protocol/bluetooth/lib/EFR32BG1B/GCC/libbluetooth.a(ll_hci.c.obj)
                0x0000000000014a94                ll_hciHandleLeSetScanParameters
 .text.ll_hciHandleLeSetExtendedScanEnable
                0x0000000000014ad2       0x2e /Users/timofieiev/Desktop/ble_app/ble/protocol/bluetooth/lib/EFR32BG1B/GCC/libbluetooth.a(ll_hci.c.obj)
                0x0000000000014ad2                ll_hciHandleLeSetExtendedScanEnable
 .text.ll_hciHandleLeEnhancedReceiverTest
                0x0000000000014b00       0x3c /Users/timofieiev/Desktop/ble_app/ble/protocol/bluetooth/lib/EFR32BG1B/GCC/libbluetooth.a(ll_hci.c.obj)
                0x0000000000014b00                ll_hciHandleLeEnhancedReceiverTest