Archive member included because of file (symbol)

/Users/timofieiev/Desktop/ble_app/ble_connection/platform/radio/rail_lib/autogen/librail_release/librail_module_efr32xg1_gcc_release.a(rail_pti.o)
                              ./pti.o (RAIL_ConfigPti)
/Users/timofieiev/Desktop/ble_app/ble_connection/platform/radio/rail_lib/autogen/librail_release/librail_module_efr32xg1_gcc_release.a(rail_rf_hal.o)
                              /Users/timofieiev/Desktop/ble_app/ble_connection/platform/radio/rail_lib/autogen/librail_release/librail_module_efr32xg1_gcc_release.a(rail_pti.o) (RAILINT_d2275ce494141a43924ec452d3ba7576)
/Users/timofieiev/Desktop/ble_app/ble_connection/platform/radio/rail_lib/autogen/librail_release/librail_module_efr32xg1_gcc_release.a(rail_ieee802154_rf_hal.o)
                              /Users/timofieiev/Desktop/ble_app/ble_connection/platform/radio/rail_lib/autogen/librail_release/librail_module_efr32xg1_gcc_release.a(rail_rf_hal.o) (RAILINT_d4473776f83cbc0e517010e932869722)
/Users/timofieiev/Desktop/ble_app/ble_connection/platform/radio/rail_lib/autogen/librail_release/librail_module_efr32xg1_gcc_release.a(rail_singleprotocol.o)
                              /Users/timofieiev/Desktop/ble_app/ble_connection/platform/radio/rail_lib/autogen/librail_release/librail_module_efr32xg1_gcc_release.a(rail_rf_hal.o) (RAIL_ActiveHandle)
/Users/timofieiev/Desktop/ble_app/ble_connection/platform/radio/rail_lib/autogen/librail_release/librail_module_efr32xg1_gcc_release.a(rail_rf.o)
                              /Users/timofieiev/Desktop/ble_app/ble_connection/platform/radio/rail_lib/autogen/librail_release/librail_module_efr32xg1_gcc_release.a(rail_singleprotocol.o) (RAILINT_59121321a1358ecc506fdb12a688e30c)
/Users/timofieiev/Desktop/ble_app/ble_connection/platform/radio/rail_lib/autogen/librail_release/librail_module_efr32xg1_gcc_release.a(rail_rx.o)
                              /Users/timofieiev/Desktop/ble_app/ble_connection/platform/radio/rail_lib/autogen/librail_release/librail_module_efr32xg1_gcc_release.a(rail_rf_hal.o) (RAILINT_b5e0637c62bb3b836502f3f63757d920)
/Users/timofieiev/Desktop/ble_app/ble_connection/platform/radio/rail_lib/autogen/librail_release/librail_module_efr32xg1_gcc_release.a(rail_tx.o)
                              /Users/timofieiev/Desktop/ble_app/ble_connection/platform/radio/rail_lib/autogen/librail_release/librail_module_efr32xg1_gcc_release.a(rail_singleprotocol.o) (RAILINT_59a1e3a8f29d5e090128a9d6830a6ec9)
/Users/timofieiev/Desktop/ble_app/ble_connection/platform/radio/rail_lib/autogen/librail_release/librail_module_efr32xg1_gcc_release.a(rail_calibration.o)
                              /Users/timofieiev/Desktop/ble_app/ble_connection/platform/radio/rail_lib/autogen/librail_release/librail_module_efr32xg1_gcc_release.a(rail_rf_hal.o) (RAILINT_3f0b6529856489702e1c986caf70e7aa)
/Users/timofieiev/Desktop/ble_app/ble_connection/platform/radio/rail_lib/autogen/librail_release/librail_module_efr32xg1_gcc_release.a(rail_data.o)
                              /Users/timofieiev/Desktop/ble_app/ble_connection/platform/radio/rail_lib/autogen/librail_release/librail_module_efr32xg1_gcc_release.a(rail_rf_hal.o) (RAILCb_SetupRxFifo)
/Users/timofieiev/Desktop/ble_app/ble_connection/platform/radio/rail_lib/autogen/librail_release/librail_module_efr32xg1_gcc_release.a(rail_assert.o)
                              /Users/timofieiev/Desktop/ble_app/ble_connection/platform/radio/rail_lib/autogen/librail_release/librail_module_efr32xg1_gcc_release.a(rail_rf_hal.o) (RAILINT_999bd22c50df2f99ce048cba68f11c3a)
/Users/timofieiev/Desktop/ble_app/ble_connection/platform/radio/rail_lib/autogen/librail_release/librail_module_efr32xg1_gcc_release.a(rail_rssi.o)
                              /Users/timofieiev/Desktop/ble_app/ble_connection/platform/radio/rail_lib/autogen/librail_release/librail_module_efr32xg1_gcc_release.a(rail_singleprotocol.o) (RAILINT_2ae173a878096855d408617a125c7b42)
/Users/timofieiev/Desktop/ble_app/ble_connection/platform/radio/rail_lib/autogen/librail_release/librail_module_efr32xg1_gcc_release.a(rail_timer.o)
                              /Users/timofieiev/Desktop/ble_app/ble_connection/platform/radio/rail_lib/autogen/librail_release/librail_module_efr32xg1_gcc_release.a(rail_singleprotocol.o) (RAILINT_b6e199795dd44eee119efd9607ebf619)
/Users/timofieiev/Desktop/ble_app/ble_connection/platform/radio/rail_lib/autogen/librail_release/librail_module_efr32xg1_gcc_release.a(tmrdrv.o)
                              /Users/timofieiev/Desktop/ble_app/ble_connection/platform/radio/rail_lib/autogen/librail_release/librail_module_efr32xg1_gcc_release.a(rail_timer.o) (RAILINT_4f0ff74d9bf6909df45aa720074551b9)
/Users/timofieiev/Desktop/ble_app/ble_connection/platform/radio/rail_lib/autogen/librail_release/librail_module_efr32xg1_gcc_release.a(tmrdrv_config.o)
[...]
Memory Configuration

Name             Origin             Length             Attributes
FLASH_BOOTLOADER 0x0000000000000000 0x0000000000004000 xr
FLASH            0x0000000000004000 0x000000000003b000 xr
RAM              0x0000000020000000 0x0000000000007c00 xrw
*default*        0x0000000000000000 0xffffffffffffffff

Linker script and memory map

LOAD /Applications/Simplicity Studio.app/Contents/Eclipse/developer/toolchains/gnu_arm/4.9_2015q3/bin/../lib/gcc/arm-none-eabi/4.9.3/armv7e-m/softfp/crti.o
LOAD /Applications/Simplicity Studio.app/Contents/Eclipse/developer/toolchains/gnu_arm/4.9_2015q3/bin/../lib/gcc/arm-none-eabi/4.9.3/armv7e-m/softfp/crtbegin.o
LOAD /Applications/Simplicity Studio.app/Contents/Eclipse/developer/toolchains/gnu_arm/4.9_2015q3/bin/../lib/gcc/arm-none-eabi/4.9.3/../../../../arm-none-eabi/lib/armv7e-m/softfp/crt0.o
START GROUP
LOAD ./app/bluetooth/common/util/infrastructure.o
LOAD ./application_properties.o
LOAD ./gatt_db.o
LOAD ./init_app.o
LOAD ./init_board_efr32xg1.o
LOAD ./init_mcu_efr32xg1.o
LOAD ./main.o
LOAD ./pti.o
LOAD ./hardware/kit/common/bsp/bsp_stk.o
LOAD ./platform/Device/SiliconLabs/BGM1/Source/GCC/startup_bgm1.o
LOAD ./platform/Device/SiliconLabs/BGM1/Source/system_bgm1.o
LOAD ./platform/emdrv/sleep/src/sleep.o
LOAD ./platform/emdrv/tempdrv/src/tempdrv.o
LOAD ./platform/emlib/src/em_assert.o
LOAD ./platform/emlib/src/em_cmu.o
LOAD ./platform/emlib/src/em_core.o
LOAD ./platform/emlib/src/em_cryotimer.o
LOAD ./platform/emlib/src/em_crypto.o
LOAD ./platform/emlib/src/em_emu.o
LOAD ./platform/emlib/src/em_gpio.o
LOAD ./platform/emlib/src/em_i2c.o
LOAD ./platform/emlib/src/em_msc.o
LOAD ./platform/emlib/src/em_rmu.o
LOAD ./platform/emlib/src/em_rtcc.o
LOAD ./platform/emlib/src/em_se.o
LOAD ./platform/emlib/src/em_system.o
LOAD ./platform/emlib/src/em_timer.o
LOAD ./platform/emlib/src/em_usart.o
LOAD /Users/timofieiev/Desktop/ble_app/ble_connection/platform/radio/rail_lib/autogen/librail_release/librail_config_bgm111a256v2_gcc.a
LOAD /Users/timofieiev/Desktop/ble_app/ble_connection/platform/radio/rail_lib/autogen/librail_release/librail_module_efr32xg1_gcc_release.a
LOAD /Users/timofieiev/Desktop/ble_app/ble_connection/protocol/bluetooth/lib/EFR32BG1B/GCC/libpsstore.a
LOAD /Users/timofieiev/Desktop/ble_app/ble_connection/protocol/bluetooth/lib/EFR32BG1B/GCC/binapploader.o
LOAD /Users/timofieiev/Desktop/ble_app/ble_connection/protocol/bluetooth/lib/EFR32BG1B/GCC/libbluetooth.a
LOAD /Users/timofieiev/Desktop/ble_app/ble_connection/protocol/bluetooth/lib/EFR32BG1B/GCC/libmbedtls.a
LOAD /Applications/Simplicity Studio.app/Contents/Eclipse/developer/toolchains/gnu_arm/4.9_2015q3/bin/../lib/gcc/arm-none-eabi/4.9.3/../../../../arm-none-eabi/lib/armv7e-m/softfp/libm.a
END GROUP
START GROUP
LOAD /Applications/Simplicity Studio.app/Contents/Eclipse/developer/toolchains/gnu_arm/4.9_2015q3/bin/../lib/gcc/arm-none-eabi/4.9.3/armv7e-m/softfp/libgcc.a
LOAD /Applications/Simplicity Studio.app/Contents/Eclipse/developer/toolchains/gnu_arm/4.9_2015q3/bin/../lib/gcc/arm-none-eabi/4.9.3/../../../../arm-none-eabi/lib/armv7e-m/softfp/libc_nano.a
LOAD /Applications/Simplicity Studio.app/Contents/Eclipse/developer/toolchains/gnu_arm/4.9_2015q3/bin/../lib/gcc/arm-none-eabi/4.9.3/../../../../arm-none-eabi/lib/armv7e-m/softfp/libnosys.a
END GROUP
START GROUP
LOAD /Applications/Simplicity Studio.app/Contents/Eclipse/developer/toolchains/gnu_arm/4.9_2015q3/bin/../lib/gcc/arm-none-eabi/4.9.3/armv7e-m/softfp/libgcc.a
LOAD /Applications/Simplicity Studio.app/Contents/Eclipse/developer/toolchains/gnu_arm/4.9_2015q3/bin/../lib/gcc/arm-none-eabi/4.9.3/../../../../arm-none-eabi/lib/armv7e-m/softfp/libg_nano.a
LOAD /Applications/Simplicity Studio.app/Contents/Eclipse/developer/toolchains/gnu_arm/4.9_2015q3/bin/../lib/gcc/arm-none-eabi/4.9.3/../../../../arm-none-eabi/lib/armv7e-m/softfp/libc_nano.a
END GROUP
START GROUP
LOAD /Applications/Simplicity Studio.app/Contents/Eclipse/developer/toolchains/gnu_arm/4.9_2015q3/bin/../lib/gcc/arm-none-eabi/4.9.3/armv7e-m/softfp/libgcc.a
LOAD /Applications/Simplicity Studio.app/Contents/Eclipse/developer/toolchains/gnu_arm/4.9_2015q3/bin/../lib/gcc/arm-none-eabi/4.9.3/../../../../arm-none-eabi/lib/armv7e-m/softfp/libc_nano.a
END GROUP
LOAD /Applications/Simplicity Studio.app/Contents/Eclipse/developer/toolchains/gnu_arm/4.9_2015q3/bin/../lib/gcc/arm-none-eabi/4.9.3/armv7e-m/softfp/crtend.o
LOAD /Applications/Simplicity Studio.app/Contents/Eclipse/developer/toolchains/gnu_arm/4.9_2015q3/bin/../lib/gcc/arm-none-eabi/4.9.3/armv7e-m/softfp/crtn.o

.text_bootloader
                0x0000000000000000        0x0
 *(.binbootloader*)
                0x0000000000000000                . = ALIGN (0x4000)

.text_apploader
                0x0000000000004000     0x87c0
 *(.binapploader*)
 .binapploader  0x0000000000004000     0x87c0 /Users/timofieiev/Desktop/ble_app/ble_connection/protocol/bluetooth/lib/EFR32BG1B/GCC/binapploader.o

.text_signature
                0x000000000000c7c0       0x40
                0x000000000000c800                . = ALIGN (0x800)
 *fill*         0x000000000000c7c0       0x40 
                0x000000000000c800                __text_start__ = .

.text_application
                0x000000000000c800    0x204f0
 *(.vectors)
 .vectors       0x000000000000c800       0xc8 ./platform/Device/SiliconLabs/BGM1/Source/GCC/startup_bgm1.o
                0x000000000000c800                __Vectors
                0x000000000000c8c8                __Vectors_End = .
                0x00000000000000c8                __Vectors_Size = (__Vectors_End - __Vectors)
                0x000000000000c8c8                __end__ = .
 *(.application_properties)
 .application_properties
                0x000000000000c8c8       0x38 ./application_properties.o
                0x000000000000c8c8                applicationProperties
 *(.gecko_configuration)
 *(.xo_configuration)
 *(.gatt_header)
 .gatt_header   0x000000000000c900       0x34 ./gatt_db.o
                0x000000000000c900                bg_gattdb_data
 *(.gatt_data)
 .gatt_data     0x000000000000c934      0x1d6 ./gatt_db.o
                0x000000000000c934                bg_gattdb_data_adv_uuid128_map
                0x000000000000c938                bg_gattdb_data_adv_uuid16_map
                0x000000000000c93c                bg_gattdb_data_attributes_dynamic_mapping_map
                0x000000000000c944                bg_gattdb_data_attributes_map
                0x000000000000ca28                bg_gattdb_data_attribute_field_0
                0x000000000000ca2c                bg_gattdb_data_attribute_field_1
                0x000000000000ca34                bg_gattdb_data_attribute_field_2
                0x000000000000ca3c                bg_gattdb_data_attribute_field_4
                0x000000000000ca40                bg_gattdb_data_attribute_field_5
                0x000000000000ca48                bg_gattdb_data_attribute_field_6
                0x000000000000ca50                bg_gattdb_data_attribute_field_7
                0x000000000000ca58                bg_gattdb_data_attribute_field_8
                0x000000000000ca5c                bg_gattdb_data_attribute_field_9
                0x000000000000ca60                bg_gattdb_data_attribute_field_10
                0x000000000000ca68                bg_gattdb_data_attribute_field_11
                0x000000000000ca78                bg_gattdb_data_attribute_field_12
                0x000000000000ca80                bg_gattdb_data_attribute_field_13
                0x000000000000ca8c                bg_gattdb_data_attribute_field_14
                0x000000000000ca94                bg_gattdb_data_attribute_field_15
                0x000000000000ca9c                bg_gattdb_data_attribute_field_16
                0x000000000000cab0                bg_gattdb_data_attribute_field_17
                0x000000000000cac8                bg_gattdb_data_attribute_field_18
                0x000000000000cad0                bg_gattdb_data_uuidtable_128_map
                0x000000000000caf0                bg_gattdb_data_uuidtable_16_map
 *(.text*)
 *fill*         0x000000000000cb0a        0x2 
 .text          0x000000000000cb0c       0x5c /Applications/Simplicity Studio.app/Contents/Eclipse/developer/toolchains/gnu_arm/4.9_2015q3/bin/../lib/gcc/arm-none-eabi/4.9.3/armv7e-m/softfp/crtbegin.o
 .text          0x000000000000cb68       0x74 /Applications/Simplicity Studio.app/Contents/Eclipse/developer/toolchains/gnu_arm/4.9_2015q3/bin/../lib/gcc/arm-none-eabi/4.9.3/../../../../arm-none-eabi/lib/armv7e-m/softfp/crt0.o
                0x000000000000cb68                _mainCRTStartup
                0x000000000000cb68                _start
 .text.initApp  0x000000000000cbdc       0x24 ./init_app.o
                0x000000000000cbdc                initApp
 .text.initBoard
                0x000000000000cc00       0x38 ./init_board_efr32xg1.o
                0x000000000000cc00                initBoard
 .text.initMcu  0x000000000000cc38      0x190 ./init_mcu_efr32xg1.o
                0x000000000000cc38                initMcu
 .text.startup.main
                0x000000000000cdc8      0x1cc ./main.o
                0x000000000000cdc8                main
 .text.configEnablePti
                0x000000000000cf94       0x30 ./pti.o
                0x000000000000cf94                configEnablePti
 .text.Default_Handler
                0x000000000000cfc4        0x4 ./platform/Device/SiliconLabs/BGM1/Source/GCC/startup_bgm1.o
                0x000000000000cfc4                IDAC0_IRQHandler
                0x000000000000cfc4                USART0_TX_IRQHandler
                0x000000000000cfc4                I2C0_IRQHandler
                0x000000000000cfc4                HardFault_Handler
                0x000000000000cfc4                SysTick_Handler
                0x000000000000cfc4                USART1_RX_IRQHandler
                0x000000000000cfc4                PendSV_Handler
                0x000000000000cfc4                NMI_Handler
                0x000000000000cfc4                WDOG0_IRQHandler
                0x000000000000cfc4                USART1_TX_IRQHandler
                0x000000000000cfc4                MSC_IRQHandler
                0x000000000000cfc4                ADC0_IRQHandler
                0x000000000000cfc4                UsageFault_Handler
                0x000000000000cfc4                LEUART0_IRQHandler
                0x000000000000cfc4                FPUEH_IRQHandler
                0x000000000000cfc4                GPIO_EVEN_IRQHandler
                0x000000000000cfc4                LDMA_IRQHandler
                0x000000000000cfc4                TIMER0_IRQHandler
                0x000000000000cfc4                LETIMER0_IRQHandler
                0x000000000000cfc4                TIMER1_IRQHandler
                0x000000000000cfc4                Default_Handler
                0x000000000000cfc4                CRYOTIMER_IRQHandler
                0x000000000000cfc4                PCNT0_IRQHandler
                0x000000000000cfc4                ACMP0_IRQHandler
                0x000000000000cfc4                USART0_RX_IRQHandler
                0x000000000000cfc4                MemManage_Handler
                0x000000000000cfc4                SVC_Handler
                0x000000000000cfc4                RTCC_IRQHandler
                0x000000000000cfc4                CRYPTO_IRQHandler
                0x000000000000cfc4                CMU_IRQHandler
                0x000000000000cfc4                GPIO_ODD_IRQHandler
                0x000000000000cfc4                BusFault_Handler
                0x000000000000cfc4                DebugMon_Handler
 .text.Reset_Handler
                0x000000000000cfc8       0x2c ./platform/Device/SiliconLabs/BGM1/Source/GCC/startup_bgm1.o
                0x000000000000cfc8                Reset_Handler
 .text.SystemMaxCoreClockGet
                0x000000000000cff4        0x8 ./platform/Device/SiliconLabs/BGM1/Source/system_bgm1.o
                0x000000000000cff4                SystemMaxCoreClockGet
 .text.SystemHFClockGet
                0x000000000000cffc       0x50 ./platform/Device/SiliconLabs/BGM1/Source/system_bgm1.o
                0x000000000000cffc                SystemHFClockGet
 .text.SystemCoreClockGet
                0x000000000000d04c       0x24 ./platform/Device/SiliconLabs/BGM1/Source/system_bgm1.o
                0x000000000000d04c                SystemCoreClockGet
 .text.SystemHFXOClockGet
                0x000000000000d070        0xc ./platform/Device/SiliconLabs/BGM1/Source/system_bgm1.o
                0x000000000000d070                SystemHFXOClockGet
 .text.SystemHFXOClockSet
                0x000000000000d07c       0x20 ./platform/Device/SiliconLabs/BGM1/Source/system_bgm1.o
                0x000000000000d07c                SystemHFXOClockSet
 .text.SystemInit
                0x000000000000d09c       0x54 ./platform/Device/SiliconLabs/BGM1/Source/system_bgm1.o
                0x000000000000d09c                SystemInit
 .text.SystemLFRCOClockGet
                0x000000000000d0f0        0x8 ./platform/Device/SiliconLabs/BGM1/Source/system_bgm1.o
                0x000000000000d0f0                SystemLFRCOClockGet
 .text.SystemULFRCOClockGet
                0x000000000000d0f8        0x8 ./platform/Device/SiliconLabs/BGM1/Source/system_bgm1.o
                0x000000000000d0f8                SystemULFRCOClockGet
 .text.SystemLFXOClockGet
                0x000000000000d100        0xc ./platform/Device/SiliconLabs/BGM1/Source/system_bgm1.o
                0x000000000000d100                SystemLFXOClockGet
 .text.SystemLFXOClockSet
                0x000000000000d10c       0x20 ./platform/Device/SiliconLabs/BGM1/Source/system_bgm1.o
                0x000000000000d10c                SystemLFXOClockSet
 .text.sleepCallbackWrapper
                0x000000000000d12c       0x14 ./platform/emdrv/sleep/src/sleep.o
 .text.enterEMx
                0x000000000000d140       0x70 ./platform/emdrv/sleep/src/sleep.o
 .text.SLEEP_Init
                0x000000000000d1b0       0x44 ./platform/emdrv/sleep/src/sleep.o
                0x000000000000d1b0                SLEEP_Init
 .text.SLEEP_Sleep
                0x000000000000d1f4       0x70 ./platform/emdrv/sleep/src/sleep.o
                0x000000000000d1f4                SLEEP_Sleep
 .text.SLEEP_SleepBlockBegin
                0x000000000000d264       0x18 ./platform/emdrv/sleep/src/sleep.o
                0x000000000000d264                SLEEP_SleepBlockBegin
 .text.SLEEP_SleepBlockEnd
                0x000000000000d27c       0x1c ./platform/emdrv/sleep/src/sleep.o
                0x000000000000d27c                SLEEP_SleepBlockEnd
 .text.SLEEP_LowestEnergyModeGet
                0x000000000000d298       0x1c ./platform/emdrv/sleep/src/sleep.o
                0x000000000000d298                SLEEP_LowestEnergyModeGet
 .text.updateInterrupts
                0x000000000000d2b4       0xc8 ./platform/emdrv/tempdrv/src/tempdrv.o
 .text.errataStateUpdate
                0x000000000000d37c       0xbc ./platform/emdrv/tempdrv/src/tempdrv.o
 .text.errataCallback
                0x000000000000d438        0x4 ./platform/emdrv/tempdrv/src/tempdrv.o
 .text.TEMPDRV_IRQHandler
                0x000000000000d43c       0xd4 ./platform/emdrv/tempdrv/src/tempdrv.o
                0x000000000000d43c                TEMPDRV_IRQHandler
 .text.EMU_IRQHandler
                0x000000000000d510        0x4 ./platform/emdrv/tempdrv/src/tempdrv.o
                0x000000000000d510                EMU_IRQHandler
 .text.TEMPDRV_Init
                0x000000000000d514      0x14c ./platform/emdrv/tempdrv/src/tempdrv.o
                0x000000000000d514                TEMPDRV_Init
 .text.flashWaitStateMax
                0x000000000000d660       0x48 ./platform/emlib/src/em_cmu.o
 .text.CMU_OscillatorTuningSet.part.3
                0x000000000000d6a8       0x3c ./platform/emlib/src/em_cmu.o
 .text.CMU_UpdateWaitStates
                0x000000000000d6e4       0x48 ./platform/emlib/src/em_cmu.o
                0x000000000000d6e4                CMU_UpdateWaitStates
 .text.CMU_ClockEnable
                0x000000000000d72c       0x8c ./platform/emlib/src/em_cmu.o
                0x000000000000d72c                CMU_ClockEnable
 .text.CMU_ClockSelectGet
                0x000000000000d7b8       0xc4 ./platform/emlib/src/em_cmu.o
                0x000000000000d7b8                CMU_ClockSelectGet
 .text.lfClkGet
                0x000000000000d87c       0x94 ./platform/emlib/src/em_cmu.o
 .text.CMU_ClockFreqGet
                0x000000000000d910      0x160 ./platform/emlib/src/em_cmu.o
                0x000000000000d910                CMU_ClockFreqGet
 .text.CMU_OscillatorTuningWait
                0x000000000000da70       0x5c ./platform/emlib/src/em_cmu.o
                0x000000000000da70                CMU_OscillatorTuningWait
 .text.CMU_OscillatorEnable
                0x000000000000dacc      0x110 ./platform/emlib/src/em_cmu.o
                0x000000000000dacc                CMU_OscillatorEnable
 .text.CMU_ClockSelectSet
                0x000000000000dbdc      0x1fc ./platform/emlib/src/em_cmu.o
                0x000000000000dbdc                CMU_ClockSelectSet
 .text.CMU_HFXOAutostartEnable
                0x000000000000ddd8       0x8c ./platform/emlib/src/em_cmu.o
                0x000000000000ddd8                CMU_HFXOAutostartEnable
 .text.CMU_HFXOInit
                0x000000000000de64       0x88 ./platform/emlib/src/em_cmu.o
                0x000000000000de64                CMU_HFXOInit
 .text.CMU_LFXOInit
                0x000000000000deec       0x40 ./platform/emlib/src/em_cmu.o
                0x000000000000deec                CMU_LFXOInit
 .text.CORE_EnterCritical
                0x000000000000df2c        0x8 ./platform/emlib/src/em_core.o
                0x000000000000df2c                CORE_EnterCritical
 .text.CORE_ExitCritical
                0x000000000000df34        0x8 ./platform/emlib/src/em_core.o
                0x000000000000df34                CORE_ExitCritical
 .text.CORE_EnterAtomic
                0x000000000000df3c        0x8 ./platform/emlib/src/em_core.o
                0x000000000000df3c                CORE_EnterAtomic
 .text.CORE_ExitAtomic
                0x000000000000df44        0x8 ./platform/emlib/src/em_core.o
                0x000000000000df44                CORE_ExitAtomic
 .text.CORE_SetNvicRamTableHandler
                0x000000000000df4c       0x10 ./platform/emlib/src/em_core.o
                0x000000000000df4c                CORE_SetNvicRamTableHandler
 .text.CORE_InitNvicVectorTable
                0x000000000000df5c       0x48 ./platform/emlib/src/em_core.o
                0x000000000000df5c                CORE_InitNvicVectorTable
 .text.CRYPTO_ModulusSet
                0x000000000000dfa4       0x38 ./platform/emlib/src/em_crypto.o
                0x000000000000dfa4                CRYPTO_ModulusSet
 .text.CRYPTO_KeyRead
                0x000000000000dfdc       0x2c ./platform/emlib/src/em_crypto.o
                0x000000000000dfdc                CRYPTO_KeyRead
 .text.currentLimitersUpdate
                0x000000000000e008       0x74 ./platform/emlib/src/em_emu.o
 .text.dcdcHsFixLnBlock.part.0
                0x000000000000e07c       0x30 ./platform/emlib/src/em_emu.o
 .text.dcdcFetCntSet.part.1
                0x000000000000e0ac       0x20 ./platform/emlib/src/em_emu.o
 .text.emState.part.2
                0x000000000000e0cc       0x24 ./platform/emlib/src/em_emu.o
 .text.emState  0x000000000000e0f0       0x60 ./platform/emlib/src/em_emu.o
 .text.EMU_EnterEM2
                0x000000000000e150       0x5c ./platform/emlib/src/em_emu.o
                0x000000000000e150                EMU_EnterEM2
 .text.EMU_EnterEM3
                0x000000000000e1ac       0x7c ./platform/emlib/src/em_emu.o
                0x000000000000e1ac                EMU_EnterEM3
 .text.EMU_Save
                0x000000000000e228        0x4 ./platform/emlib/src/em_emu.o
                0x000000000000e228                EMU_Save
 .text.EMU_Restore
                0x000000000000e22c        0x8 ./platform/emlib/src/em_emu.o
                0x000000000000e22c                EMU_Restore
 .text.EMU_DCDCModeSet
                0x000000000000e234       0x64 ./platform/emlib/src/em_emu.o
                0x000000000000e234                EMU_DCDCModeSet
 .text.EMU_EnterEM4
                0x000000000000e298       0x98 ./platform/emlib/src/em_emu.o
                0x000000000000e298                EMU_EnterEM4
 .text.EMU_DCDCOutputVoltageSet
                0x000000000000e330      0x1d0 ./platform/emlib/src/em_emu.o
                0x000000000000e330                EMU_DCDCOutputVoltageSet
 .text.EMU_DCDCOptimizeSlice
                0x000000000000e500       0x94 ./platform/emlib/src/em_emu.o
                0x000000000000e500                EMU_DCDCOptimizeSlice
 .text.EMU_DCDCLnRcoBandSet
                0x000000000000e594       0x24 ./platform/emlib/src/em_emu.o
                0x000000000000e594                EMU_DCDCLnRcoBandSet
 .text.EMU_DCDCInit
                0x000000000000e5b8      0x18c ./platform/emlib/src/em_emu.o
                0x000000000000e5b8                EMU_DCDCInit
 .text.EMU_SetBiasMode
                0x000000000000e744       0x84 ./platform/emlib/src/em_emu.o
                0x000000000000e744                EMU_SetBiasMode
 .text.GPIO_PinModeSet
                0x000000000000e7c8       0x84 ./platform/emlib/src/em_gpio.o
                0x000000000000e7c8                GPIO_PinModeSet
 .text.MSC_Init
                0x000000000000e84c       0x18 ./platform/emlib/src/em_msc.o
                0x000000000000e84c                MSC_Init
 .text.MSC_Deinit
                0x000000000000e864       0x14 ./platform/emlib/src/em_msc.o
                0x000000000000e864                MSC_Deinit
 .text.RMU_ResetCauseClear
                0x000000000000e878        0xc ./platform/emlib/src/em_rmu.o
                0x000000000000e878                RMU_ResetCauseClear
 .text.RMU_ResetCauseGet
                0x000000000000e884       0x7c ./platform/emlib/src/em_rmu.o
                0x000000000000e884                RMU_ResetCauseGet
 .text.RTCC_ChannelInit
                0x000000000000e900       0x3c ./platform/emlib/src/em_rtcc.o
                0x000000000000e900                RTCC_ChannelInit
 .text.RTCC_Init
                0x000000000000e93c       0x6c ./platform/emlib/src/em_rtcc.o
                0x000000000000e93c                RTCC_Init
 .text.SYSTEM_ChipRevisionGet
                0x000000000000e9a8       0x34 ./platform/emlib/src/em_system.o
                0x000000000000e9a8                SYSTEM_ChipRevisionGet
 .text.RAIL_ConfigPti
                0x000000000000e9dc        0x6 /Users/timofieiev/Desktop/ble_app/ble_connection/platform/radio/rail_lib/autogen/librail_release/librail_module_efr32xg1_gcc_release.a(rail_pti.o)
                0x000000000000e9dc                RAIL_ConfigPti
 .text.RAIL_EnablePti
                0x000000000000e9e2        0x6 /Users/timofieiev/Desktop/ble_app/ble_connection/platform/radio/rail_lib/autogen/librail_release/librail_module_efr32xg1_gcc_release.a(rail_pti.o)
                0x000000000000e9e2                RAIL_EnablePti
 .text.eventDefault
                0x000000000000e9e8        0x2 /Users/timofieiev/Desktop/ble_app/ble_connection/platform/radio/rail_lib/autogen/librail_release/librail_module_efr32xg1_gcc_release.a(rail_rf_hal.o)
 *fill*         0x000000000000e9ea        0x2 
 .text.setRssiPeriod
                0x000000000000e9ec       0x18 /Users/timofieiev/Desktop/ble_app/ble_connection/platform/radio/rail_lib/autogen/librail_release/librail_module_efr32xg1_gcc_release.a(rail_rf_hal.o)
 .text.RFHAL_NotifyUserOfIrCal
                0x000000000000ea04       0x74 /Users/timofieiev/Desktop/ble_app/ble_connection/platform/radio/rail_lib/autogen/librail_release/librail_module_efr32xg1_gcc_release.a(rail_rf_hal.o)
 .text.RFHAL_IntEnable
                0x000000000000ea78       0x58 /Users/timofieiev/Desktop/ble_app/ble_connection/platform/radio/rail_lib/autogen/librail_release/librail_module_efr32xg1_gcc_release.a(rail_rf_hal.o)
                0x000000000000ea78                RAILINT_40412a06a73a58611332d278503bc3d6
 .text.RFHAL_SetEventCallback
                0x000000000000ead0       0x18 /Users/timofieiev/Desktop/ble_app/ble_connection/platform/radio/rail_lib/autogen/librail_release/librail_module_efr32xg1_gcc_release.a(rail_rf_hal.o)
                0x000000000000ead0                RAILINT_d85fb759c83f6e350ace663af6f33b19
 .text.RFHAL_SetPtiProtocol
                0x000000000000eae8       0x20 /Users/timofieiev/Desktop/ble_app/ble_connection/platform/radio/rail_lib/autogen/librail_release/librail_module_efr32xg1_gcc_release.a(rail_rf_hal.o)
                0x000000000000eae8                RAILINT_6d8fbe8d751afa545612026690abd42a
 .text.RFHAL_Idle
                0x000000000000eb08       0x40 /Users/timofieiev/Desktop/ble_app/ble_connection/platform/radio/rail_lib/autogen/librail_release/librail_module_efr32xg1_gcc_release.a(rail_rf_hal.o)
                0x000000000000eb08                RAILINT_3041ee68c2b41950b0bf839d27f5d049
 .text.RFHAL_GetRadioState
                0x000000000000eb48       0x48 /Users/timofieiev/Desktop/ble_app/ble_connection/platform/radio/rail_lib/autogen/librail_release/librail_module_efr32xg1_gcc_release.a(rail_rf_hal.o)
                0x000000000000eb48                RAILINT_f5d04763af9c9c69bca278c1fb1e9fea
 .text.RFHAL_OkToTransmit
                0x000000000000eb90       0x18 /Users/timofieiev/Desktop/ble_app/ble_connection/platform/radio/rail_lib/autogen/librail_release/librail_module_efr32xg1_gcc_release.a(rail_rf_hal.o)
                0x000000000000eb90                RAILINT_7eee3adfe8ccb91236a7b23c68c562ed
 .text.RFHAL_ScheduleRx
                0x000000000000eba8       0x5a /Users/timofieiev/Desktop/ble_app/ble_connection/platform/radio/rail_lib/autogen/librail_release/librail_module_efr32xg1_gcc_release.a(rail_rf_hal.o)
                0x000000000000eba8                RAILINT_97c19152ba85112fa42074bf04eafa43
 *fill*         0x000000000000ec02        0x2 
 .text.RFHAL_EnableRxRawCapture
                0x000000000000ec04       0x58 /Users/timofieiev/Desktop/ble_app/ble_connection/platform/radio/rail_lib/autogen/librail_release/librail_module_efr32xg1_gcc_release.a(rail_rf_hal.o)
                0x000000000000ec04                RAILINT_b091481120c5b69b64d1795bd186a53a
 .text.RFHAL_DisableRxRawCapture
                0x000000000000ec5c       0x50 /Users/timofieiev/Desktop/ble_app/ble_connection/platform/radio/rail_lib/autogen/librail_release/librail_module_efr32xg1_gcc_release.a(rail_rf_hal.o)
                0x000000000000ec5c                RAILINT_a3eadf0d43c66c908fc6ca41226d2d7f
 .text.RFHAL_AcceptCrcErrors
                0x000000000000ecac       0x18 /Users/timofieiev/Desktop/ble_app/ble_connection/platform/radio/rail_lib/autogen/librail_release/librail_module_efr32xg1_gcc_release.a(rail_rf_hal.o)
                0x000000000000ecac                RAILINT_f831d5a89dba9f07ac54925b6630035a
 .text.RFHAL_ConfigRxOptions
                0x000000000000ecc4       0xe0 /Users/timofieiev/Desktop/ble_app/ble_connection/platform/radio/rail_lib/autogen/librail_release/librail_module_efr32xg1_gcc_release.a(rail_rf_hal.o)
                0x000000000000ecc4                RAILINT_2d49aecfcb6d27d54075c2234a55d5e7
 .text.RFHAL_GetTimer
                0x000000000000eda4        0x6 /Users/timofieiev/Desktop/ble_app/ble_connection/platform/radio/rail_lib/autogen/librail_release/librail_module_efr32xg1_gcc_release.a(rail_rf_hal.o)
                0x000000000000eda4                RAILINT_4fd600df73ad738dc6134784e52dde98
 *fill*         0x000000000000edaa        0x2 
 .text.RFHAL_CancelTimer
                0x000000000000edac       0x28 /Users/timofieiev/Desktop/ble_app/ble_connection/platform/radio/rail_lib/autogen/librail_release/librail_module_efr32xg1_gcc_release.a(rail_rf_hal.o)
                0x000000000000edac                RAILINT_e0897ab09399e1165ab8996ccbe6a963
 .text.RFHAL_SetTimer
                0x000000000000edd4       0x7c /Users/timofieiev/Desktop/ble_app/ble_connection/platform/radio/rail_lib/autogen/librail_release/librail_module_efr32xg1_gcc_release.a(rail_rf_hal.o)
                0x000000000000edd4                RAILINT_3212ddcec5ace9cb56e8f1cb3ca8d33c
 .text.RFHAL_IsTimerExpired
                0x000000000000ee50       0x1c /Users/timofieiev/Desktop/ble_app/ble_connection/platform/radio/rail_lib/autogen/librail_release/librail_module_efr32xg1_gcc_release.a(rail_rf_hal.o)
                0x000000000000ee50                RAILINT_7eae5faad95e83134e2b9bc718f32f6f
 .text.RFHAL_IsTimerRunning
                0x000000000000ee6c        0x6 /Users/timofieiev/Desktop/ble_app/ble_connection/platform/radio/rail_lib/autogen/librail_release/librail_module_efr32xg1_gcc_release.a(rail_rf_hal.o)
                0x000000000000ee6c                RAILINT_5191d19cdec3b4ae777036af4371e407
 *fill*         0x000000000000ee72        0x2 
 .text.RFHAL_CalcBitRate
                0x000000000000ee74        0xc /Users/timofieiev/Desktop/ble_app/ble_connection/platform/radio/rail_lib/autogen/librail_release/librail_module_efr32xg1_gcc_release.a(rail_rf_hal.o)
                0x000000000000ee74                RAILINT_ac7481211d96e3b09748432fa25bc4fd
 .text.RFHAL_GetBitRate
                0x000000000000ee80       0x26 /Users/timofieiev/Desktop/ble_app/ble_connection/platform/radio/rail_lib/autogen/librail_release/librail_module_efr32xg1_gcc_release.a(rail_rf_hal.o)
                0x000000000000ee80                RAILINT_4023934c67ddd0d583f73647d279ff8c
 *fill*         0x000000000000eea6        0x2 
 .text.RFHAL_SetTxTransitions
                0x000000000000eea8       0x20 /Users/timofieiev/Desktop/ble_app/ble_connection/platform/radio/rail_lib/autogen/librail_release/librail_module_efr32xg1_gcc_release.a(rail_rf_hal.o)
                0x000000000000eea8                RAILINT_023f2cf2a2a5edcfa10ef64050265cd5
 .text.RFHAL_SetRxTransitions
                0x000000000000eec8       0x1c /Users/timofieiev/Desktop/ble_app/ble_connection/platform/radio/rail_lib/autogen/librail_release/librail_module_efr32xg1_gcc_release.a(rail_rf_hal.o)
                0x000000000000eec8                RAILINT_ce0cca6435b4e9db157575e99b6a93a5
 .text.RFHAL_SetCRCInitVal
                0x000000000000eee4        0x4 /Users/timofieiev/Desktop/ble_app/ble_connection/platform/radio/rail_lib/autogen/librail_release/librail_module_efr32xg1_gcc_release.a(rail_rf_hal.o)
                0x000000000000eee4                RAILINT_510fab046c1fe71631170f682429666d
 .text.RFHAL_ConfigTxPower
                0x000000000000eee8        0xc /Users/timofieiev/Desktop/ble_app/ble_connection/platform/radio/rail_lib/autogen/librail_release/librail_module_efr32xg1_gcc_release.a(rail_rf_hal.o)
                0x000000000000eee8                RAILINT_833ef1b435e1d6dcacb5e19d3b6f023f
 .text.RFHAL_SetTxPowerUnchecked
                0x000000000000eef4       0x1e /Users/timofieiev/Desktop/ble_app/ble_connection/platform/radio/rail_lib/autogen/librail_release/librail_module_efr32xg1_gcc_release.a(rail_rf_hal.o)
                0x000000000000eef4                RAILINT_39d00ddcadbc93313393e1c6bb75297c
 .text.RFHAL_SetTxPower
                0x000000000000ef12       0x40 /Users/timofieiev/Desktop/ble_app/ble_connection/platform/radio/rail_lib/autogen/librail_release/librail_module_efr32xg1_gcc_release.a(rail_rf_hal.o)
                0x000000000000ef12                RAILINT_eaf571e90e0b4741516c9fbb7fed2bfb
 .text.RFHAL_GetTxPowerConfig
                0x000000000000ef52        0xc /Users/timofieiev/Desktop/ble_app/ble_connection/platform/radio/rail_lib/autogen/librail_release/librail_module_efr32xg1_gcc_release.a(rail_rf_hal.o)
                0x000000000000ef52                RAILINT_3a7f36375c49f19d1f9a6b6388464608
 .text.RFHAL_GetTxPower
                0x000000000000ef5e        0x4 /Users/timofieiev/Desktop/ble_app/ble_connection/platform/radio/rail_lib/autogen/librail_release/librail_module_efr32xg1_gcc_release.a(rail_rf_hal.o)
                0x000000000000ef5e                RAILINT_89ee9cd3eee65b37bee8eed7a9b631b6
 *fill*         0x000000000000ef62        0x2 
 .text.RFHAL_CalculateSynthParams
                0x000000000000ef64       0x9c /Users/timofieiev/Desktop/ble_app/ble_connection/platform/radio/rail_lib/autogen/librail_release/librail_module_efr32xg1_gcc_release.a(rail_rf_hal.o)
                0x000000000000ef64                RAILINT_074d00355e69f06bd5d99672a2e044d2
 .text.RFHAL_SetChannel
                0x000000000000f000       0x5e /Users/timofieiev/Desktop/ble_app/ble_connection/platform/radio/rail_lib/autogen/librail_release/librail_module_efr32xg1_gcc_release.a(rail_rf_hal.o)
                0x000000000000f000                RAILINT_82cb69b0972fa2512c3bdb5f16e24fca
 .text.RFHAL_IsAutoAckEnabled
                0x000000000000f05e        0x8 /Users/timofieiev/Desktop/ble_app/ble_connection/platform/radio/rail_lib/autogen/librail_release/librail_module_efr32xg1_gcc_release.a(rail_rf_hal.o)
                0x000000000000f05e                RAILINT_ce02a739082f36580275d98771e2a8d3
 *fill*         0x000000000000f066        0x2 
 .text.RFHAL_AutoAckWaitForAck
                0x000000000000f068       0x18 /Users/timofieiev/Desktop/ble_app/ble_connection/platform/radio/rail_lib/autogen/librail_release/librail_module_efr32xg1_gcc_release.a(rail_rf_hal.o)
                0x000000000000f068                RAILINT_0a7d1d9a24308e68c2362d7ddca762b2
 .text.RFHAL_GetRxPacketInfo
                0x000000000000f080       0x48 /Users/timofieiev/Desktop/ble_app/ble_connection/platform/radio/rail_lib/autogen/librail_release/librail_module_efr32xg1_gcc_release.a(rail_rf_hal.o)
                0x000000000000f080                RAILINT_39475387e0cb29596ec425b4cfae76fb
 .text.RFHAL_GetRxPacketDetailsAlt
                0x000000000000f0c8       0xbc /Users/timofieiev/Desktop/ble_app/ble_connection/platform/radio/rail_lib/autogen/librail_release/librail_module_efr32xg1_gcc_release.a(rail_rf_hal.o)
                0x000000000000f0c8                RAILINT_7340662f8076c6df26ddd5f2b9cd6a27
 .text.RFHAL_GetRxTimePreambleStart
                0x000000000000f184       0x2a /Users/timofieiev/Desktop/ble_app/ble_connection/platform/radio/rail_lib/autogen/librail_release/librail_module_efr32xg1_gcc_release.a(rail_rf_hal.o)
                0x000000000000f184                RAILINT_5e0dff499d47d29af54b31d243bd9f2d
 .text.RFHAL_SetTxBuffer
                0x000000000000f1ae       0x34 /Users/timofieiev/Desktop/ble_app/ble_connection/platform/radio/rail_lib/autogen/librail_release/librail_module_efr32xg1_gcc_release.a(rail_rf_hal.o)
                0x000000000000f1ae                RAILINT_22f7df12e4a1d0a9505ecc05b8267876
 .text.RFHAL_SetRxBuffer
                0x000000000000f1e2       0x2e /Users/timofieiev/Desktop/ble_app/ble_connection/platform/radio/rail_lib/autogen/librail_release/librail_module_efr32xg1_gcc_release.a(rail_rf_hal.o)
                0x000000000000f1e2                RAILINT_c74a32ce9d9046472fb95f04500b8771
 .text.RFHAL_ResetTxFifo
                0x000000000000f210       0x2c /Users/timofieiev/Desktop/ble_app/ble_connection/platform/radio/rail_lib/autogen/librail_release/librail_module_efr32xg1_gcc_release.a(rail_rf_hal.o)
                0x000000000000f210                RAILINT_0030aaf1be11a73e163f8aa48fb001e6
 .text.RFHAL_WriteTxFifo
                0x000000000000f23c       0x28 /Users/timofieiev/Desktop/ble_app/ble_connection/platform/radio/rail_lib/autogen/librail_release/librail_module_efr32xg1_gcc_release.a(rail_rf_hal.o)
                0x000000000000f23c                RAILINT_f6fe6f8bc6346ccaf1570b57732bf259
 .text.RFHAL_ConfigData
                0x000000000000f264       0x68 /Users/timofieiev/Desktop/ble_app/ble_connection/platform/radio/rail_lib/autogen/librail_release/librail_module_efr32xg1_gcc_release.a(rail_rf_hal.o)
                0x000000000000f264                RAILINT_3249bafee0e18f9151d82aad8ddf3cdc
 .text.RFHAL_ResetRxFifo
                0x000000000000f2cc       0x40 /Users/timofieiev/Desktop/ble_app/ble_connection/platform/radio/rail_lib/autogen/librail_release/librail_module_efr32xg1_gcc_release.a(rail_rf_hal.o)
                0x000000000000f2cc                RAILINT_19f750ed6d201d6d1fe49531e310f9cd
 .text.RFHAL_SetAbortScheduledTxDuringRx
                0x000000000000f30c       0x18 /Users/timofieiev/Desktop/ble_app/ble_connection/platform/radio/rail_lib/autogen/librail_release/librail_module_efr32xg1_gcc_release.a(rail_rf_hal.o)
                0x000000000000f30c                RAILINT_61d79c5892bbcb8907b45e60e17b4a31
 .text.RFHAL_ConfigRadio
                0x000000000000f324       0xbc /Users/timofieiev/Desktop/ble_app/ble_connection/platform/radio/rail_lib/autogen/librail_release/librail_module_efr32xg1_gcc_release.a(rail_rf_hal.o)
                0x000000000000f324                RAILINT_6d729d30865a1181274e70bba293b37d
 .text.RFHAL_ConfigFrameTypeLength
                0x000000000000f3e0       0x7c /Users/timofieiev/Desktop/ble_app/ble_connection/platform/radio/rail_lib/autogen/librail_release/librail_module_efr32xg1_gcc_release.a(rail_rf_hal.o)
                0x000000000000f3e0                RAILINT_d47266c0db43f83e9de21bc91e34975e
 .text.RFHAL_GetTime
                0x000000000000f45c        0x4 /Users/timofieiev/Desktop/ble_app/ble_connection/platform/radio/rail_lib/autogen/librail_release/librail_module_efr32xg1_gcc_release.a(rail_rf_hal.o)
                0x000000000000f45c                RAILINT_a6606cea071a8aecad4fccf2fa5c2f69
 .text.RFHAL_ResetAddressFilter
                0x000000000000f460       0x10 /Users/timofieiev/Desktop/ble_app/ble_connection/platform/radio/rail_lib/autogen/librail_release/librail_module_efr32xg1_gcc_release.a(rail_rf_hal.o)
                0x000000000000f460                RAILINT_ab69c12a8bdde689baa3a5f9181b6b10
 .text.RFHAL_Init
                0x000000000000f470       0xa8 /Users/timofieiev/Desktop/ble_app/ble_connection/platform/radio/rail_lib/autogen/librail_release/librail_module_efr32xg1_gcc_release.a(rail_rf_hal.o)
                0x000000000000f470                RAILINT_20043ff5b8e6ab39c3068dab7403a8c6
 .text.RFHAL_GetRadioEntropy
                0x000000000000f518        0x4 /Users/timofieiev/Desktop/ble_app/ble_connection/platform/radio/rail_lib/autogen/librail_release/librail_module_efr32xg1_gcc_release.a(rail_rf_hal.o)
                0x000000000000f518                RAILINT_e25ebd0345d4056b33f0f4fac6b1c90e
 .text.RFHAL_SetStateTiming
                0x000000000000f51c       0x56 /Users/timofieiev/Desktop/ble_app/ble_connection/platform/radio/rail_lib/autogen/librail_release/librail_module_efr32xg1_gcc_release.a(rail_rf_hal.o)
                0x000000000000f51c                RAILINT_378f9ba2bb60cd348bf1a73dc64fc6af
 .text.RFHAL_ConfigPti
                0x000000000000f572        0x4 /Users/timofieiev/Desktop/ble_app/ble_connection/platform/radio/rail_lib/autogen/librail_release/librail_module_efr32xg1_gcc_release.a(rail_rf_hal.o)
                0x000000000000f572                RAILINT_d2275ce494141a43924ec452d3ba7576
 .text.RFHAL_EnablePti
                0x000000000000f576        0x4 /Users/timofieiev/Desktop/ble_app/ble_connection/platform/radio/rail_lib/autogen/librail_release/librail_module_efr32xg1_gcc_release.a(rail_rf_hal.o)
                0x000000000000f576                RAILINT_6933b33bcba9ce817d4fee78f878e935
 *fill*         0x000000000000f57a        0x2 
 .text.RFHAL_InitTimerSync
                0x000000000000f57c       0x1c /Users/timofieiev/Desktop/ble_app/ble_connection/platform/radio/rail_lib/autogen/librail_release/librail_module_efr32xg1_gcc_release.a(rail_rf_hal.o)
                0x000000000000f57c                RAILINT_8fe0b2621bc00896438b9e80a7134a2b
 .text.RFHAL_Wake
                0x000000000000f598       0x34 /Users/timofieiev/Desktop/ble_app/ble_connection/platform/radio/rail_lib/autogen/librail_release/librail_module_efr32xg1_gcc_release.a(rail_rf_hal.o)
                0x000000000000f598                RAILINT_953d61bf1e40e19c3894ff80d3afdc31
 .text.RFHAL_Sleep
                0x000000000000f5cc       0x58 /Users/timofieiev/Desktop/ble_app/ble_connection/platform/radio/rail_lib/autogen/librail_release/librail_module_efr32xg1_gcc_release.a(rail_rf_hal.o)
                0x000000000000f5cc                RAILINT_c86649c0fdcc1b99c60d099982324aa4
 .text.RFHAL_SetupRxChannelHoppingHardware
                0x000000000000f624       0x1c /Users/timofieiev/Desktop/ble_app/ble_connection/platform/radio/rail_lib/autogen/librail_release/librail_module_efr32xg1_gcc_release.a(rail_rf_hal.o)
                0x000000000000f624                RAILINT_766a50f4d62b8145bfeba05efaf84c8b
 .text.RFHAL_RestoreChannelHopping
                0x000000000000f640       0x10 /Users/timofieiev/Desktop/ble_app/ble_connection/platform/radio/rail_lib/autogen/librail_release/librail_module_efr32xg1_gcc_release.a(rail_rf_hal.o)
                0x000000000000f640                RAILINT_f574fbf3edebbc56c3e8a776260299ad
 .text.RFHAL_SetSwitchTxPreambleLength
                0x000000000000f650       0x48 /Users/timofieiev/Desktop/ble_app/ble_connection/platform/radio/rail_lib/autogen/librail_release/librail_module_efr32xg1_gcc_release.a(rail_rf_hal.o)
                0x000000000000f650                RAILINT_1b1816dbe56c62221e8a1a4f88e54ac4
 .text.RFHAL_RestoreTxPreambleLength
                0x000000000000f698       0x34 /Users/timofieiev/Desktop/ble_app/ble_connection/platform/radio/rail_lib/autogen/librail_release/librail_module_efr32xg1_gcc_release.a(rail_rf_hal.o)
                0x000000000000f698                RAILINT_fec111ae6546d8c16e58044c8f6d2b09
 *fill*         0x000000000000f6cc        0x4 
 .text.GENERIC_PHY_EventCallback
                0x000000000000f6d0      0x1b8 /Users/timofieiev/Desktop/ble_app/ble_connection/platform/radio/rail_lib/autogen/librail_release/librail_module_efr32xg1_gcc_release.a(rail_rf_hal.o)
                0x000000000000f6d0                RAILINT_7d94510f515617be26a284cc8096bd57
 .text.RFHAL_ValidateModule
                0x000000000000f888        0xc /Users/timofieiev/Desktop/ble_app/ble_connection/platform/radio/rail_lib/autogen/librail_release/librail_module_efr32xg1_gcc_release.a(rail_rf_hal.o)
                0x000000000000f888                RAILINT_b1e77f194f470c9ac2259b55b3c9e45f
 .text.RFHAL_GetPaMillivolts
                0x000000000000f894       0x24 /Users/timofieiev/Desktop/ble_app/ble_connection/platform/radio/rail_lib/autogen/librail_release/librail_module_efr32xg1_gcc_release.a(rail_rf_hal.o)
                0x000000000000f894                RAILINT_5bcd11cc546e0be4b36284b4f98b25f5
 .text.preTxOps
                0x000000000000f8b8      0x100 /Users/timofieiev/Desktop/ble_app/ble_connection/platform/radio/rail_lib/autogen/librail_release/librail_module_efr32xg1_gcc_release.a(rail_rf_hal.o)
 .text.RFHAL_StartTx
                0x000000000000f9b8       0x12 /Users/timofieiev/Desktop/ble_app/ble_connection/platform/radio/rail_lib/autogen/librail_release/librail_module_efr32xg1_gcc_release.a(rail_rf_hal.o)
                0x000000000000f9b8                RAILINT_1d08617b4158ea727f231990ac8baf5d
 .text.RFHAL_StartScheduledTx
                0x000000000000f9ca       0x3c /Users/timofieiev/Desktop/ble_app/ble_connection/platform/radio/rail_lib/autogen/librail_release/librail_module_efr32xg1_gcc_release.a(rail_rf_hal.o)
                0x000000000000f9ca                RAILINT_99400ab307ddba716c1ee50bfd303c45
 *fill*         0x000000000000fa06        0x2 
 .text.RFHAL_ClearChannelCorruption
                0x000000000000fa08       0x10 /Users/timofieiev/Desktop/ble_app/ble_connection/platform/radio/rail_lib/autogen/librail_release/librail_module_efr32xg1_gcc_release.a(rail_rf_hal.o)
                0x000000000000fa08                RAILINT_f198d2f82410e956e2f23f4eb3dfb434
 .text.RFHAL_IsChannelCorrupt
                0x000000000000fa18       0x10 /Users/timofieiev/Desktop/ble_app/ble_connection/platform/radio/rail_lib/autogen/librail_release/librail_module_efr32xg1_gcc_release.a(rail_rf_hal.o)
                0x000000000000fa18                RAILINT_626c1fc01166bc7b6fc33ede70752233
 .text.RFHAL_IEEE802154IsEnabled
                0x000000000000fa28        0x6 /Users/timofieiev/Desktop/ble_app/ble_connection/platform/radio/rail_lib/autogen/librail_release/librail_module_efr32xg1_gcc_release.a(rail_ieee802154_rf_hal.o)
                0x000000000000fa28                RAILINT_d4473776f83cbc0e517010e932869722
 .text.setMultiTimer
                0x000000000000fa2e        0x4 /Users/timofieiev/Desktop/ble_app/ble_connection/platform/radio/rail_lib/autogen/librail_release/librail_module_efr32xg1_gcc_release.a(rail_singleprotocol.o)
 .text.cancelMultiTimer
                0x000000000000fa32        0x4 /Users/timofieiev/Desktop/ble_app/ble_connection/platform/radio/rail_lib/autogen/librail_release/librail_module_efr32xg1_gcc_release.a(rail_singleprotocol.o)
 .text.isMultiTimerExpired
                0x000000000000fa36        0x4 /Users/timofieiev/Desktop/ble_app/ble_connection/platform/radio/rail_lib/autogen/librail_release/librail_module_efr32xg1_gcc_release.a(rail_singleprotocol.o)
 .text.getMultiTimer
                0x000000000000fa3a        0x4 /Users/timofieiev/Desktop/ble_app/ble_connection/platform/radio/rail_lib/autogen/librail_release/librail_module_efr32xg1_gcc_release.a(rail_singleprotocol.o)
 *fill*         0x000000000000fa3e        0x2 
 .text.getActiveTimerCb
                0x000000000000fa40       0x18 /Users/timofieiev/Desktop/ble_app/ble_connection/platform/radio/rail_lib/autogen/librail_release/librail_module_efr32xg1_gcc_release.a(rail_singleprotocol.o)
 .text.isMultiTimerRunning
                0x000000000000fa58        0x4 /Users/timofieiev/Desktop/ble_app/ble_connection/platform/radio/rail_lib/autogen/librail_release/librail_module_efr32xg1_gcc_release.a(rail_singleprotocol.o)
 .text.RAIL_Init
                0x000000000000fa5c       0x20 /Users/timofieiev/Desktop/ble_app/ble_connection/platform/radio/rail_lib/autogen/librail_release/librail_module_efr32xg1_gcc_release.a(rail_singleprotocol.o)
                0x000000000000fa5c                RAIL_Init
 .text.RAIL_GetSchedulerStatus
                0x000000000000fa7c        0x4 /Users/timofieiev/Desktop/ble_app/ble_connection/platform/radio/rail_lib/autogen/librail_release/librail_module_efr32xg1_gcc_release.a(rail_singleprotocol.o)
                0x000000000000fa7c                RAIL_GetSchedulerStatus
 .text.RAIL_ConfigSleep
                0x000000000000fa80       0x14 /Users/timofieiev/Desktop/ble_app/ble_connection/platform/radio/rail_lib/autogen/librail_release/librail_module_efr32xg1_gcc_release.a(rail_singleprotocol.o)
                0x000000000000fa80                RAIL_ConfigSleep
 .text.RAIL_Wake
                0x000000000000fa94        0x4 /Users/timofieiev/Desktop/ble_app/ble_connection/platform/radio/rail_lib/autogen/librail_release/librail_module_efr32xg1_gcc_release.a(rail_singleprotocol.o)
                0x000000000000fa94                RAIL_Wake
 .text.RAIL_Sleep
                0x000000000000fa98       0x18 /Users/timofieiev/Desktop/ble_app/ble_connection/platform/radio/rail_lib/autogen/librail_release/librail_module_efr32xg1_gcc_release.a(rail_singleprotocol.o)
                0x000000000000fa98                RAIL_Sleep
 .text.RAIL_Idle
                0x000000000000fab0        0x8 /Users/timofieiev/Desktop/ble_app/ble_connection/platform/radio/rail_lib/autogen/librail_release/librail_module_efr32xg1_gcc_release.a(rail_singleprotocol.o)
                0x000000000000fab0                RAIL_Idle
 .text.RAIL_YieldRadio
                0x000000000000fab8        0x2 /Users/timofieiev/Desktop/ble_app/ble_connection/platform/radio/rail_lib/autogen/librail_release/librail_module_efr32xg1_gcc_release.a(rail_singleprotocol.o)
                0x000000000000fab8                RAIL_YieldRadio
 .text.RAIL_GetRadioEntropy
                0x000000000000faba        0x8 /Users/timofieiev/Desktop/ble_app/ble_connection/platform/radio/rail_lib/autogen/librail_release/librail_module_efr32xg1_gcc_release.a(rail_singleprotocol.o)
                0x000000000000faba                RAIL_GetRadioEntropy
 .text.RAIL_SetTimer
                0x000000000000fac2       0x1c /Users/timofieiev/Desktop/ble_app/ble_connection/platform/radio/rail_lib/autogen/librail_release/librail_module_efr32xg1_gcc_release.a(rail_singleprotocol.o)
                0x000000000000fac2                RAIL_SetTimer
 .text.RAIL_CancelTimer
                0x000000000000fade        0xe /Users/timofieiev/Desktop/ble_app/ble_connection/platform/radio/rail_lib/autogen/librail_release/librail_module_efr32xg1_gcc_release.a(rail_singleprotocol.o)
                0x000000000000fade                RAIL_CancelTimer
 .text.RAIL_StartTx
                0x000000000000faec        0x6 /Users/timofieiev/Desktop/ble_app/ble_connection/platform/radio/rail_lib/autogen/librail_release/librail_module_efr32xg1_gcc_release.a(rail_singleprotocol.o)
                0x000000000000faec                RAIL_StartTx
 .text.RAIL_StartScheduledTx
                0x000000000000faf2        0x6 /Users/timofieiev/Desktop/ble_app/ble_connection/platform/radio/rail_lib/autogen/librail_release/librail_module_efr32xg1_gcc_release.a(rail_singleprotocol.o)
                0x000000000000faf2                RAIL_StartScheduledTx
 .text.RAIL_ScheduleRx
                0x000000000000faf8        0x6 /Users/timofieiev/Desktop/ble_app/ble_connection/platform/radio/rail_lib/autogen/librail_release/librail_module_efr32xg1_gcc_release.a(rail_singleprotocol.o)
                0x000000000000faf8                RAIL_ScheduleRx
 .text.radioConfigChangedDefault
                0x000000000000fafe        0x2 /Users/timofieiev/Desktop/ble_app/ble_connection/platform/radio/rail_lib/autogen/librail_release/librail_module_efr32xg1_gcc_release.a(rail_rf.o)
 .text.isTransitionState
                0x000000000000fb00       0x12 /Users/timofieiev/Desktop/ble_app/ble_connection/platform/radio/rail_lib/autogen/librail_release/librail_module_efr32xg1_gcc_release.a(rail_rf.o)
 .text.RAIL_UnlockModule
                0x000000000000fb12        0x4 /Users/timofieiev/Desktop/ble_app/ble_connection/platform/radio/rail_lib/autogen/librail_release/librail_module_efr32xg1_gcc_release.a(rail_rf.o)
                0x000000000000fb12                RAIL_UnlockModule
 .text.RAILCore_Init
                0x000000000000fb16       0x12 /Users/timofieiev/Desktop/ble_app/ble_connection/platform/radio/rail_lib/autogen/librail_release/librail_module_efr32xg1_gcc_release.a(rail_rf.o)
                0x000000000000fb16                RAILINT_59121321a1358ecc506fdb12a688e30c
 .text.RAILInt_SetCallbackConfig
                0x000000000000fb28       0x20 /Users/timofieiev/Desktop/ble_app/ble_connection/platform/radio/rail_lib/autogen/librail_release/librail_module_efr32xg1_gcc_release.a(rail_rf.o)
                0x000000000000fb28                RAILINT_67b8f114888c610aba62f28a55421a70
 .text.RAILCore_Idle
                0x000000000000fb48       0x14 /Users/timofieiev/Desktop/ble_app/ble_connection/platform/radio/rail_lib/autogen/librail_release/librail_module_efr32xg1_gcc_release.a(rail_rf.o)
                0x000000000000fb48                RAILINT_c5804fbffcb4bb00ba2d55e8180afacd
 .text.RAILCb_CalcBitRate
                0x000000000000fb5c        0x6 /Users/timofieiev/Desktop/ble_app/ble_connection/platform/radio/rail_lib/autogen/librail_release/librail_module_efr32xg1_gcc_release.a(rail_rf.o)
                0x000000000000fb5c                RAILCb_CalcBitRate
 .text.RAIL_SetStateTiming
                0x000000000000fb62        0x6 /Users/timofieiev/Desktop/ble_app/ble_connection/platform/radio/rail_lib/autogen/librail_release/librail_module_efr32xg1_gcc_release.a(rail_rf.o)
                0x000000000000fb62                RAIL_SetStateTiming
 .text.RAILInt_IsPowerInRange
                0x000000000000fb68       0x3c /Users/timofieiev/Desktop/ble_app/ble_connection/platform/radio/rail_lib/autogen/librail_release/librail_module_efr32xg1_gcc_release.a(rail_rf.o)
                0x000000000000fb68                RAILINT_d18637033c6ce14b81c1d70496282d49
 .text.RAILInt_SetChannel
                0x000000000000fba4      0x1d0 /Users/timofieiev/Desktop/ble_app/ble_connection/platform/radio/rail_lib/autogen/librail_release/librail_module_efr32xg1_gcc_release.a(rail_rf.o)
                0x000000000000fba4                RAILINT_e0dfaecc04939a24e643c7a83fed51fa
 .text.RAILCore_ConfigChannels
                0x000000000000fd74       0x68 /Users/timofieiev/Desktop/ble_app/ble_connection/platform/radio/rail_lib/autogen/librail_release/librail_module_efr32xg1_gcc_release.a(rail_rf.o)
                0x000000000000fd74                RAILINT_4d8e913cc0a2a756e4017ab74ecff076
 .text.RAILInt_GetChannel
                0x000000000000fddc        0x4 /Users/timofieiev/Desktop/ble_app/ble_connection/platform/radio/rail_lib/autogen/librail_release/librail_module_efr32xg1_gcc_release.a(rail_rf.o)
                0x000000000000fddc                RAILINT_aa7b882f5023851e2f6a935b3993ee64
 .text.RAILCore_SetTxTransitions
                0x000000000000fde0       0x3c /Users/timofieiev/Desktop/ble_app/ble_connection/platform/radio/rail_lib/autogen/librail_release/librail_module_efr32xg1_gcc_release.a(rail_rf.o)
                0x000000000000fde0                RAILINT_60c29796d4368fee9b7d114bf204b331
 .text.RAIL_SetTxTransitions
                0x000000000000fe1c        0x6 /Users/timofieiev/Desktop/ble_app/ble_connection/platform/radio/rail_lib/autogen/librail_release/librail_module_efr32xg1_gcc_release.a(rail_rf.o)
                0x000000000000fe1c                RAIL_SetTxTransitions
 .text.RAILCore_SetRxTransitions
                0x000000000000fe22       0x38 /Users/timofieiev/Desktop/ble_app/ble_connection/platform/radio/rail_lib/autogen/librail_release/librail_module_efr32xg1_gcc_release.a(rail_rf.o)
                0x000000000000fe22                RAILINT_20405add256d5061bc482206e21c44d6
 .text.RAIL_SetRxTransitions
                0x000000000000fe5a        0x6 /Users/timofieiev/Desktop/ble_app/ble_connection/platform/radio/rail_lib/autogen/librail_release/librail_module_efr32xg1_gcc_release.a(rail_rf.o)
                0x000000000000fe5a                RAIL_SetRxTransitions
 .text.RAIL_ConfigEvents
                0x000000000000fe60        0x6 /Users/timofieiev/Desktop/ble_app/ble_connection/platform/radio/rail_lib/autogen/librail_release/librail_module_efr32xg1_gcc_release.a(rail_rf.o)
                0x000000000000fe60                RAIL_ConfigEvents
 .text.RAIL_ConfigRxOptions
                0x000000000000fe66        0x6 /Users/timofieiev/Desktop/ble_app/ble_connection/platform/radio/rail_lib/autogen/librail_release/librail_module_efr32xg1_gcc_release.a(rail_rx.o)
                0x000000000000fe66                RAIL_ConfigRxOptions
 .text.RAILCore_ScheduleRx
                0x000000000000fe6c       0x2c /Users/timofieiev/Desktop/ble_app/ble_connection/platform/radio/rail_lib/autogen/librail_release/librail_module_efr32xg1_gcc_release.a(rail_rx.o)
                0x000000000000fe6c                RAILINT_086017fdb374a998d21f5428f8f3accf
 .text.RAILCb_ConfigFrameTypeLength
                0x000000000000fe98        0x6 /Users/timofieiev/Desktop/ble_app/ble_connection/platform/radio/rail_lib/autogen/librail_release/librail_module_efr32xg1_gcc_release.a(rail_rx.o)
                0x000000000000fe98                RAILCb_ConfigFrameTypeLength
 .text.RAIL_SetTxPower
                0x000000000000fe9e       0x1c /Users/timofieiev/Desktop/ble_app/ble_connection/platform/radio/rail_lib/autogen/librail_release/librail_module_efr32xg1_gcc_release.a(rail_tx.o)
                0x000000000000fe9e                RAIL_SetTxPower
 .text.RAIL_GetTxPower
                0x000000000000feba        0x6 /Users/timofieiev/Desktop/ble_app/ble_connection/platform/radio/rail_lib/autogen/librail_release/librail_module_efr32xg1_gcc_release.a(rail_tx.o)
                0x000000000000feba                RAIL_GetTxPower
 .text.RAIL_ConfigTxPower
                0x000000000000fec0       0x22 /Users/timofieiev/Desktop/ble_app/ble_connection/platform/radio/rail_lib/autogen/librail_release/librail_module_efr32xg1_gcc_release.a(rail_tx.o)
                0x000000000000fec0                RAIL_ConfigTxPower
 .text.RAIL_VerifyTxPowerCurves
                0x000000000000fee2        0x4 /Users/timofieiev/Desktop/ble_app/ble_connection/platform/radio/rail_lib/autogen/librail_release/librail_module_efr32xg1_gcc_release.a(rail_tx.o)
                0x000000000000fee2                RAIL_VerifyTxPowerCurves
 .text.RAILInt_PendCal
                0x000000000000fee6       0x24 /Users/timofieiev/Desktop/ble_app/ble_connection/platform/radio/rail_lib/autogen/librail_release/librail_module_efr32xg1_gcc_release.a(rail_calibration.o)
                0x000000000000fee6                RAILINT_3f0b6529856489702e1c986caf70e7aa
 .text.RAIL_WriteTxFifo
                0x000000000000ff0a        0x6 /Users/timofieiev/Desktop/ble_app/ble_connection/platform/radio/rail_lib/autogen/librail_release/librail_module_efr32xg1_gcc_release.a(rail_data.o)
                0x000000000000ff0a                RAIL_WriteTxFifo
 .text.RAIL_SetTxFifo
                0x000000000000ff10        0x6 /Users/timofieiev/Desktop/ble_app/ble_connection/platform/radio/rail_lib/autogen/librail_release/librail_module_efr32xg1_gcc_release.a(rail_data.o)
                0x000000000000ff10                RAIL_SetTxFifo
 .text.RAIL_SetRxFifo
                0x000000000000ff16        0x6 /Users/timofieiev/Desktop/ble_app/ble_connection/platform/radio/rail_lib/autogen/librail_release/librail_module_efr32xg1_gcc_release.a(rail_data.o)
                0x000000000000ff16                RAIL_SetRxFifo
 .text.RAILCb_SetupRxFifo
                0x000000000000ff1c       0x30 /Users/timofieiev/Desktop/ble_app/ble_connection/platform/radio/rail_lib/autogen/librail_release/librail_module_efr32xg1_gcc_release.a(rail_data.o)
                0x000000000000ff1c                RAILCb_SetupRxFifo
 .text.RAIL_GetRxPacketInfo
                0x000000000000ff4c        0x8 /Users/timofieiev/Desktop/ble_app/ble_connection/platform/radio/rail_lib/autogen/librail_release/librail_module_efr32xg1_gcc_release.a(rail_data.o)
                0x000000000000ff4c                RAIL_GetRxPacketInfo
 .text.RAIL_GetRxPacketDetailsAlt
                0x000000000000ff54        0x6 /Users/timofieiev/Desktop/ble_app/ble_connection/platform/radio/rail_lib/autogen/librail_release/librail_module_efr32xg1_gcc_release.a(rail_data.o)
                0x000000000000ff54                RAIL_GetRxPacketDetailsAlt
 .text.RAIL_GetRxTimePreambleStart
                0x000000000000ff5a        0x6 /Users/timofieiev/Desktop/ble_app/ble_connection/platform/radio/rail_lib/autogen/librail_release/librail_module_efr32xg1_gcc_release.a(rail_data.o)
                0x000000000000ff5a                RAIL_GetRxTimePreambleStart
 .text.RAIL_ResetFifo
                0x000000000000ff60       0x1e /Users/timofieiev/Desktop/ble_app/ble_connection/platform/radio/rail_lib/autogen/librail_release/librail_module_efr32xg1_gcc_release.a(rail_data.o)
                0x000000000000ff60                RAIL_ResetFifo
 *fill*         0x000000000000ff7e        0x2 
 .text.RAILCb_AssertFailed
                0x000000000000ff80       0x14 /Users/timofieiev/Desktop/ble_app/ble_connection/platform/radio/rail_lib/autogen/librail_release/librail_module_efr32xg1_gcc_release.a(rail_assert.o)
                0x000000000000ff80                RAILCb_AssertFailed
 .text.RAILInt_Assert
                0x000000000000ff94       0x1c /Users/timofieiev/Desktop/ble_app/ble_connection/platform/radio/rail_lib/autogen/librail_release/librail_module_efr32xg1_gcc_release.a(rail_assert.o)
                0x000000000000ff94                RAILINT_999bd22c50df2f99ce048cba68f11c3a
 .text.RAIL_GetTime
                0x000000000000ffb0        0x4 /Users/timofieiev/Desktop/ble_app/ble_connection/platform/radio/rail_lib/autogen/librail_release/librail_module_efr32xg1_gcc_release.a(rail_timer.o)
                0x000000000000ffb0                RAIL_GetTime
 .text.checkAndAddRxLenOverflowEntry.part.0
                0x000000000000ffb4       0x34 /Users/timofieiev/Desktop/ble_app/ble_connection/platform/radio/rail_lib/autogen/librail_release/librail_module_efr32xg1_gcc_release.a(rfhal_bufc.o)
 .text.BUFC_ReadHelper
                0x000000000000ffe8       0x7a /Users/timofieiev/Desktop/ble_app/ble_connection/platform/radio/rail_lib/autogen/librail_release/librail_module_efr32xg1_gcc_release.a(rfhal_bufc.o)
 *fill*         0x0000000000010062        0x2 
 .text.BUFC_SetTxBuffer
                0x0000000000010064       0x38 /Users/timofieiev/Desktop/ble_app/ble_connection/platform/radio/rail_lib/autogen/librail_release/librail_module_efr32xg1_gcc_release.a(rfhal_bufc.o)
                0x0000000000010064                RAILINT_8309d0303dd52c35776f1b9d204e124b
 .text.BUFC_SetRxBuffer
                0x000000000001009c       0x1c /Users/timofieiev/Desktop/ble_app/ble_connection/platform/radio/rail_lib/autogen/librail_release/librail_module_efr32xg1_gcc_release.a(rfhal_bufc.o)
                0x000000000001009c                RAILINT_5bb11e8550b329b01c70a60522ae80ea
 .text.BUFC_WriteBuffer
                0x00000000000100b8       0xb0 /Users/timofieiev/Desktop/ble_app/ble_connection/platform/radio/rail_lib/autogen/librail_release/librail_module_efr32xg1_gcc_release.a(rfhal_bufc.o)
                0x00000000000100b8                RAILINT_5a1f8c6c11575b3b85ca7be599aaafeb
 .text.BUFC_Peek
                0x0000000000010168       0x12 /Users/timofieiev/Desktop/ble_app/ble_connection/platform/radio/rail_lib/autogen/librail_release/librail_module_efr32xg1_gcc_release.a(rfhal_bufc.o)
                0x0000000000010168                RAILINT_15165ba22b471a208be11581197fd0a6
 .text.BUFC_PeekByte
                0x000000000001017a       0x46 /Users/timofieiev/Desktop/ble_app/ble_connection/platform/radio/rail_lib/autogen/librail_release/librail_module_efr32xg1_gcc_release.a(rfhal_bufc.o)
                0x000000000001017a                RAILINT_0f9d1e26abedef5a5603dcefe1e88cf3
 .text.BUFC_GetSpaceAvailable
                0x00000000000101c0       0x24 /Users/timofieiev/Desktop/ble_app/ble_connection/platform/radio/rail_lib/autogen/librail_release/librail_module_efr32xg1_gcc_release.a(rfhal_bufc.o)
                0x00000000000101c0                RAILINT_919aec075a004cf38e79a044a3f11059
 .text.BUFC_GetBytesAvailable
                0x00000000000101e4       0x14 /Users/timofieiev/Desktop/ble_app/ble_connection/platform/radio/rail_lib/autogen/librail_release/librail_module_efr32xg1_gcc_release.a(rfhal_bufc.o)
                0x00000000000101e4                RAILINT_87ca22770b2c0e007720e383f3143457
 .text.BUFC_TxAckBufferSet
                0x00000000000101f8       0x2c /Users/timofieiev/Desktop/ble_app/ble_connection/platform/radio/rail_lib/autogen/librail_release/librail_module_efr32xg1_gcc_release.a(rfhal_bufc.o)
                0x00000000000101f8                RAILINT_93e90587b91cd23310b71dbf4dabe4b2
 .text.BUFC_RxBufferReset
                0x0000000000010224       0x5c /Users/timofieiev/Desktop/ble_app/ble_connection/platform/radio/rail_lib/autogen/librail_release/librail_module_efr32xg1_gcc_release.a(rfhal_bufc.o)
                0x0000000000010224                RAILINT_ea701df21b15aeabbf4f1b9be517a6fb
 .text.BUFC_Init
                0x0000000000010280       0x50 /Users/timofieiev/Desktop/ble_app/ble_connection/platform/radio/rail_lib/autogen/librail_release/librail_module_efr32xg1_gcc_release.a(rfhal_bufc.o)
                0x0000000000010280                RAILINT_a154f20c4cb0ac49904161b332487077
 .text.BUFC_ReleaseRxPacket
                0x00000000000102d0      0x118 /Users/timofieiev/Desktop/ble_app/ble_connection/platform/radio/rail_lib/autogen/librail_release/librail_module_efr32xg1_gcc_release.a(rfhal_bufc.o)
                0x00000000000102d0                RAILINT_e5f98ee4df05ffeec0898fd3dfcac7ef
 .text.BUFC_StartRxLenThrEvent
                0x00000000000103e8       0x6c /Users/timofieiev/Desktop/ble_app/ble_connection/platform/radio/rail_lib/autogen/librail_release/librail_module_efr32xg1_gcc_release.a(rfhal_bufc.o)
                0x00000000000103e8                RAILINT_5028a6b9d4ee8edd2bfa4ed98465cea4
 .text.BUFC_EndRxLenThrEvent
                0x0000000000010454       0x1c /Users/timofieiev/Desktop/ble_app/ble_connection/platform/radio/rail_lib/autogen/librail_release/librail_module_efr32xg1_gcc_release.a(rfhal_bufc.o)
                0x0000000000010454                RAILINT_c2c512a3329b63216a276e6e941de4c7
 .text.BUFC_HandleRxLenOvfEvent
                0x0000000000010470       0x30 /Users/timofieiev/Desktop/ble_app/ble_connection/platform/radio/rail_lib/autogen/librail_release/librail_module_efr32xg1_gcc_release.a(rfhal_bufc.o)
                0x0000000000010470                RAILINT_317b2845ec8597b7fc18708aa55d49e9
 .text.BUFC_GetRxPacketInfo
                0x00000000000104a0      0x16c /Users/timofieiev/Desktop/ble_app/ble_connection/platform/radio/rail_lib/autogen/librail_release/librail_module_efr32xg1_gcc_release.a(rfhal_bufc.o)
                0x00000000000104a0                RAILINT_ee328b192a18bb4569d7a778a9299c02
 .text.IRCAL_Set
                0x000000000001060c       0x1c /Users/timofieiev/Desktop/ble_app/ble_connection/platform/radio/rail_lib/autogen/librail_release/librail_module_efr32xg1_gcc_release.a(rfhal_ircal.o)
                0x000000000001060c                RAILINT_67aee7cfdf57d15f6ecf2affca3224a0
 .text.RFHAL_ApplyIrCalibration
                0x0000000000010628       0x18 /Users/timofieiev/Desktop/ble_app/ble_connection/platform/radio/rail_lib/autogen/librail_release/librail_module_efr32xg1_gcc_release.a(rfhal_ircal.o)
                0x0000000000010628                RAILINT_cdd58a3e55e8dd8d2fbbb62166e06b9f
 .text.RFHAL_LockModule
                0x0000000000010640       0x10 /Users/timofieiev/Desktop/ble_app/ble_connection/platform/radio/rail_lib/autogen/librail_release/librail_module_efr32xg1_gcc_release.a(rfhal_module.o)
                0x0000000000010640                RAILINT_6063b5aa4967d9f3009567a70e96b700
 .text.MODULE_UnlockMask
                0x0000000000010650       0x1c /Users/timofieiev/Desktop/ble_app/ble_connection/platform/radio/rail_lib/autogen/librail_release/librail_module_efr32xg1_gcc_release.a(rfhal_module.o)
 .text.RFHAL_UnlockModule
                0x000000000001066c       0x14 /Users/timofieiev/Desktop/ble_app/ble_connection/platform/radio/rail_lib/autogen/librail_release/librail_module_efr32xg1_gcc_release.a(rfhal_module.o)
                0x000000000001066c                RAILINT_9e5a39b656d2a45af0b472d761e7ae36
 .text.RFHAL_ValidateTxPowerModule
                0x0000000000010680       0x1c /Users/timofieiev/Desktop/ble_app/ble_connection/platform/radio/rail_lib/autogen/librail_release/librail_module_efr32xg1_gcc_release.a(rfhal_module.o)
                0x0000000000010680                RAILINT_b1b6d07988c2bfe6ce227a4f89bd02b6
 .text.RFHAL_VerifyTxPowerCurves
                0x000000000001069c       0x20 /Users/timofieiev/Desktop/ble_app/ble_connection/platform/radio/rail_lib/autogen/librail_release/librail_module_efr32xg1_gcc_release.a(rfhal_module.o)
                0x000000000001069c                RAILINT_da49c243f6171fcb42b58511d90c5722
 .text.RFHAL_VerifyChannelConfig
                0x00000000000106bc       0x20 /Users/timofieiev/Desktop/ble_app/ble_connection/platform/radio/rail_lib/autogen/librail_release/librail_module_efr32xg1_gcc_release.a(rfhal_module.o)
                0x00000000000106bc                RAILINT_93ff9f7864c62329282f1dfcb21c053a
 .text.getRampTimeFromLevelAndRate
                0x00000000000106dc       0x20 /Users/timofieiev/Desktop/ble_app/ble_connection/platform/radio/rail_lib/autogen/librail_release/librail_module_efr32xg1_gcc_release.a(rfhal_pa.o)
 .text.PA_ProtectPa
                0x00000000000106fc       0xa0 /Users/timofieiev/Desktop/ble_app/ble_connection/platform/radio/rail_lib/autogen/librail_release/librail_module_efr32xg1_gcc_release.a(rfhal_pa.o)
 .text.PA_GetTxPowerConfig
                0x000000000001079c       0x14 /Users/timofieiev/Desktop/ble_app/ble_connection/platform/radio/rail_lib/autogen/librail_release/librail_module_efr32xg1_gcc_release.a(rfhal_pa.o)
                0x000000000001079c                RAILINT_932ebbe98dac87fff3c95166dfd8c7c0
 .text.PA_GetPowerLevel
                0x00000000000107b0        0xc /Users/timofieiev/Desktop/ble_app/ble_connection/platform/radio/rail_lib/autogen/librail_release/librail_module_efr32xg1_gcc_release.a(rfhal_pa.o)
                0x00000000000107b0                RAILINT_14bbc76bc2f7b331978c9228f78f67fe
 .text.PA_SetPowerLevel
                0x00000000000107bc      0x158 /Users/timofieiev/Desktop/ble_app/ble_connection/platform/radio/rail_lib/autogen/librail_release/librail_module_efr32xg1_gcc_release.a(rfhal_pa.o)
                0x00000000000107bc                RAILINT_111951cdcab0e53df3caf59855bd586f
 .text.PA_RunPeakDetectorHigh
                0x0000000000010914       0x40 /Users/timofieiev/Desktop/ble_app/ble_connection/platform/radio/rail_lib/autogen/librail_release/librail_module_efr32xg1_gcc_release.a(rfhal_pa.o)
                0x0000000000010914                RAILINT_204c67562ebd95621b58d539bdea400e
 .text.PA_RunPeakDetectorLow
                0x0000000000010954        0x2 /Users/timofieiev/Desktop/ble_app/ble_connection/platform/radio/rail_lib/autogen/librail_release/librail_module_efr32xg1_gcc_release.a(rfhal_pa.o)
                0x0000000000010954                RAILINT_04af9313654bef3ab5e8e115199470b6
 *fill*         0x0000000000010956        0x2 
 .text.PA_RunBatHigh
                0x0000000000010958       0x2c /Users/timofieiev/Desktop/ble_app/ble_connection/platform/radio/rail_lib/autogen/librail_release/librail_module_efr32xg1_gcc_release.a(rfhal_pa.o)
                0x0000000000010958                RAILINT_88c41a8a6f5616d99a71beb0476597f0
 .text.PA_GetRampTime
                0x0000000000010984        0xc /Users/timofieiev/Desktop/ble_app/ble_connection/platform/radio/rail_lib/autogen/librail_release/librail_module_efr32xg1_gcc_release.a(rfhal_pa.o)
                0x0000000000010984                RAILINT_e36b7c2149b0a5f578057afe38466b6f
 .text.PA_CalcRampTime
                0x0000000000010990       0x38 /Users/timofieiev/Desktop/ble_app/ble_connection/platform/radio/rail_lib/autogen/librail_release/librail_module_efr32xg1_gcc_release.a(rfhal_pa.o)
                0x0000000000010990                RAILINT_7f5009e9e8ae2d585591fce3b0ede158
 .text.PA_SetRampTime
                0x00000000000109c8      0x100 /Users/timofieiev/Desktop/ble_app/ble_connection/platform/radio/rail_lib/autogen/librail_release/librail_module_efr32xg1_gcc_release.a(rfhal_pa.o)
                0x00000000000109c8                RAILINT_04cbac11d3a00364f007965ea72d9ea7
 .text.PA_SetCTune
                0x0000000000010ac8       0x24 /Users/timofieiev/Desktop/ble_app/ble_connection/platform/radio/rail_lib/autogen/librail_release/librail_module_efr32xg1_gcc_release.a(rfhal_pa.o)
                0x0000000000010ac8                RAILINT_381d199fb837968c69c779e56fcd91e4
 .text.PA_SelectBand
                0x0000000000010aec       0x38 /Users/timofieiev/Desktop/ble_app/ble_connection/platform/radio/rail_lib/autogen/librail_release/librail_module_efr32xg1_gcc_release.a(rfhal_pa.o)
                0x0000000000010aec                RAILINT_0e606a7f698540bde52512e94cf3d9a7
 .text.PA_Config
                0x0000000000010b24      0x14c /Users/timofieiev/Desktop/ble_app/ble_connection/platform/radio/rail_lib/autogen/librail_release/librail_module_efr32xg1_gcc_release.a(rfhal_pa.o)
                0x0000000000010b24                RAILINT_213b73c530964abd11d695e9b1ed253b
 .text.PA_UpdateConfig
                0x0000000000010c70       0x38 /Users/timofieiev/Desktop/ble_app/ble_connection/platform/radio/rail_lib/autogen/librail_release/librail_module_efr32xg1_gcc_release.a(rfhal_pa.o)
                0x0000000000010c70                RAILINT_25b92938fe1a6d9a53f221fa7bdb385b
 .text.PROTIMER_Init
                0x0000000000010ca8       0xd4 /Users/timofieiev/Desktop/ble_app/ble_connection/platform/radio/rail_lib/autogen/librail_release/librail_module_efr32xg1_gcc_release.a(rfhal_protimer.o)
                0x0000000000010ca8                RAILINT_8e105975b01e29d2917124d3a2a6edc9
 .text.PROTIMER_Start
                0x0000000000010d7c       0x1c /Users/timofieiev/Desktop/ble_app/ble_connection/platform/radio/rail_lib/autogen/librail_release/librail_module_efr32xg1_gcc_release.a(rfhal_protimer.o)
                0x0000000000010d7c                RAILINT_16b5052241e30bfb5cd299c52e62f8ab
 .text.PROTIMER_Stop
                0x0000000000010d98       0x28 /Users/timofieiev/Desktop/ble_app/ble_connection/platform/radio/rail_lib/autogen/librail_release/librail_module_efr32xg1_gcc_release.a(rfhal_protimer.o)
                0x0000000000010d98                RAILINT_d5de1ca8cdf3569f02c3a3b68a7980b1
 .text.PROTIMER_ElapsedTime
                0x0000000000010dc0       0x1c /Users/timofieiev/Desktop/ble_app/ble_connection/platform/radio/rail_lib/autogen/librail_release/librail_module_efr32xg1_gcc_release.a(rfhal_protimer.o)
                0x0000000000010dc0                RAILINT_faf49abd7aa1ee55ef368f927cc12312
 .text.PROTIMER_CCTimerStop
                0x0000000000010ddc       0x20 /Users/timofieiev/Desktop/ble_app/ble_connection/platform/radio/rail_lib/autogen/librail_release/librail_module_efr32xg1_gcc_release.a(rfhal_protimer.o)
                0x0000000000010ddc                RAILINT_a02b12e9c2bb9c2eaabcbe30bdd2b3ab
 .text.PROTIMER_CCTimerIsEnabled
                0x0000000000010dfc       0x10 /Users/timofieiev/Desktop/ble_app/ble_connection/platform/radio/rail_lib/autogen/librail_release/librail_module_efr32xg1_gcc_release.a(rfhal_protimer.o)
                0x0000000000010dfc                RAILINT_d36178d195ebf16dc405b3d94462d8c7
 .text.PROTIMER_CCTimerCapture
                0x0000000000010e0c       0x14 /Users/timofieiev/Desktop/ble_app/ble_connection/platform/radio/rail_lib/autogen/librail_release/librail_module_efr32xg1_gcc_release.a(rfhal_protimer.o)
                0x0000000000010e0c                RAILINT_0375c6c13bc042cb0fb6e2f58650d179
 .text.PROTIMER_ClearRxEnable
                0x0000000000010e20       0x10 /Users/timofieiev/Desktop/ble_app/ble_connection/platform/radio/rail_lib/autogen/librail_release/librail_module_efr32xg1_gcc_release.a(rfhal_protimer.o)
                0x0000000000010e20                RAILINT_e179e0cd81ce6f553eab65f76ba8995f
 .text.PROTIMER_GetTime
                0x0000000000010e30        0xc /Users/timofieiev/Desktop/ble_app/ble_connection/platform/radio/rail_lib/autogen/librail_release/librail_module_efr32xg1_gcc_release.a(rfhal_protimer.o)
                0x0000000000010e30                RAILINT_d4d3f20345046551073e85d6afba339a
 .text.PROTIMER_GetCCTime
                0x0000000000010e3c       0x10 /Users/timofieiev/Desktop/ble_app/ble_connection/platform/radio/rail_lib/autogen/librail_release/librail_module_efr32xg1_gcc_release.a(rfhal_protimer.o)
                0x0000000000010e3c                RAILINT_d0122fbf651c3850351f16d9746d13a1
 .text.PROTIMER_LBTStop
                0x0000000000010e4c       0x18 /Users/timofieiev/Desktop/ble_app/ble_connection/platform/radio/rail_lib/autogen/librail_release/librail_module_efr32xg1_gcc_release.a(rfhal_protimer.o)
                0x0000000000010e4c                RAILINT_29c9defa35830e42db517a1c47cc114e
 .text.PROTIMER_PrecntOverflowToUs
                0x0000000000010e64       0x24 /Users/timofieiev/Desktop/ble_app/ble_connection/platform/radio/rail_lib/autogen/librail_release/librail_module_efr32xg1_gcc_release.a(rfhal_protimer.o)
                0x0000000000010e64                RAILINT_1dfb7146b6c340088be45e5b808844a9
 .text.PROTIMER_GetUsTime
                0x0000000000010e88        0xc /Users/timofieiev/Desktop/ble_app/ble_connection/platform/radio/rail_lib/autogen/librail_release/librail_module_efr32xg1_gcc_release.a(rfhal_protimer.o)
                0x0000000000010e88                RAILINT_c5c43894280e7e5d092359ee0e4a3bcb
 .text.PROTIMER_GetCCTimeUs
                0x0000000000010e94       0x12 /Users/timofieiev/Desktop/ble_app/ble_connection/platform/radio/rail_lib/autogen/librail_release/librail_module_efr32xg1_gcc_release.a(rfhal_protimer.o)
                0x0000000000010e94                RAILINT_4bc383ea7f94ded41431a45992857b2c
 .text.PROTIMER_GetUsFromRawWrap
                0x0000000000010ea6        0x4 /Users/timofieiev/Desktop/ble_app/ble_connection/platform/radio/rail_lib/autogen/librail_release/librail_module_efr32xg1_gcc_release.a(rfhal_protimer.o)
                0x0000000000010ea6                RAILINT_f5e57f7db33b643d827c155e10988d10
 *fill*         0x0000000000010eaa        0x2 
 .text.PROTIMER_UsToPrecntOverflow
                0x0000000000010eac       0x30 /Users/timofieiev/Desktop/ble_app/ble_connection/platform/radio/rail_lib/autogen/librail_release/librail_module_efr32xg1_gcc_release.a(rfhal_protimer.o)
                0x0000000000010eac                RAILINT_ccd514e4dbf9d02a98e4bcbe2ec29d6b
 .text.PROTIMER_CCTimerStart
                0x0000000000010edc      0x128 /Users/timofieiev/Desktop/ble_app/ble_connection/platform/radio/rail_lib/autogen/librail_release/librail_module_efr32xg1_gcc_release.a(rfhal_protimer.o)
                0x0000000000010edc                RAILINT_fea48c6a0a5dcb75b3cd7e0e0188d110
 .text.PROTIMER_ScheduleTxEnable
                0x0000000000011004       0x28 /Users/timofieiev/Desktop/ble_app/ble_connection/platform/radio/rail_lib/autogen/librail_release/librail_module_efr32xg1_gcc_release.a(rfhal_protimer.o)
                0x0000000000011004                RAILINT_a118ea31f12aefa556a674d31417efb7
 .text.PROTIMER_ScheduleRxEnable
                0x000000000001102c       0x28 /Users/timofieiev/Desktop/ble_app/ble_connection/platform/radio/rail_lib/autogen/librail_release/librail_module_efr32xg1_gcc_release.a(rfhal_protimer.o)
                0x000000000001102c                RAILINT_e89da3f2e1e076d7a6bdf9f1bf27449e
 .text.PROTIMER_ScheduleRxDisable
                0x0000000000011054       0x34 /Users/timofieiev/Desktop/ble_app/ble_connection/platform/radio/rail_lib/autogen/librail_release/librail_module_efr32xg1_gcc_release.a(rfhal_protimer.o)
                0x0000000000011054                RAILINT_88947d7bdac61233a849a799ca9cfb74
 .text.PROTIMER_SetUsTime
                0x0000000000011088       0x34 /Users/timofieiev/Desktop/ble_app/ble_connection/platform/radio/rail_lib/autogen/librail_release/librail_module_efr32xg1_gcc_release.a(rfhal_protimer.o)
                0x0000000000011088                RAILINT_481d5c40eb8faf984b1fe3f1c0edec80
 .text.PROTIMER_DelayUs
                0x00000000000110bc       0x16 /Users/timofieiev/Desktop/ble_app/ble_connection/platform/radio/rail_lib/autogen/librail_release/librail_module_efr32xg1_gcc_release.a(rfhal_protimer.o)
                0x00000000000110bc                RAILINT_a3bef6a1689acfc8f4c844439ceb733c
 *fill*         0x00000000000110d2        0x2 
 .text.PROTIMER_CheckCcaReallyFailed
                0x00000000000110d4       0xbc /Users/timofieiev/Desktop/ble_app/ble_connection/platform/radio/rail_lib/autogen/librail_release/librail_module_efr32xg1_gcc_release.a(rfhal_protimer.o)
                0x00000000000110d4                RAILINT_6d18a45e267fa35e89a132429cb09fd9
 .text.PTI_Config
                0x0000000000011190       0xc0 /Users/timofieiev/Desktop/ble_app/ble_connection/platform/radio/rail_lib/autogen/librail_release/librail_module_efr32xg1_gcc_release.a(rfhal_pti.o)
                0x0000000000011190                RAILINT_cbcf41e99870520336197879a607a640
 .text.PTI_EnableAppendedInfo
                0x0000000000011250       0x18 /Users/timofieiev/Desktop/ble_app/ble_connection/platform/radio/rail_lib/autogen/librail_release/librail_module_efr32xg1_gcc_release.a(rfhal_pti.o)
                0x0000000000011250                RAILINT_24a8a45a4a53cfb85f6ffa15e68f8787
 .text.PTI_Enable
                0x0000000000011268       0x50 /Users/timofieiev/Desktop/ble_app/ble_connection/platform/radio/rail_lib/autogen/librail_release/librail_module_efr32xg1_gcc_release.a(rfhal_pti.o)
                0x0000000000011268                RAILINT_9fd746c1b0bdb9ddab1c3b0ce76b12dd
 .text.PTI_AuxdataOutput
                0x00000000000112b8       0x1c /Users/timofieiev/Desktop/ble_app/ble_connection/platform/radio/rail_lib/autogen/librail_release/librail_module_efr32xg1_gcc_release.a(rfhal_pti.o)
                0x00000000000112b8                PTI_AuxdataOutput
 .text.PTI_EnableSyncword
                0x00000000000112d4       0x18 /Users/timofieiev/Desktop/ble_app/ble_connection/platform/radio/rail_lib/autogen/librail_release/librail_module_efr32xg1_gcc_release.a(rfhal_pti.o)
                0x00000000000112d4                RAILINT_fc6b62c1b704b734494b785d25e03ad9
 .text.RADIO_SetAndForgetWrite
                0x00000000000112ec       0x8c /Users/timofieiev/Desktop/ble_app/ble_connection/platform/radio/rail_lib/autogen/librail_release/librail_module_efr32xg1_gcc_release.a(rfhal_radio.o)
                0x00000000000112ec                RAILINT_89727e3a666e4c7176188d30b8bafda4
 .text.RADIO_Init
                0x0000000000011378       0x58 /Users/timofieiev/Desktop/ble_app/ble_connection/platform/radio/rail_lib/autogen/librail_release/librail_module_efr32xg1_gcc_release.a(rfhal_radio.o)
                0x0000000000011378                RAILINT_3847d509158789abf28c8f309e81ccb4
 .text.RADIO_SeqInit
                0x00000000000113d0       0x40 /Users/timofieiev/Desktop/ble_app/ble_connection/platform/radio/rail_lib/autogen/librail_release/librail_module_efr32xg1_gcc_release.a(rfhal_radio.o)
                0x00000000000113d0                RAILINT_0742fb6d07f3bc6569a4f853fab6d13b
 .text.RADIO_ClockEnable
                0x0000000000011410       0x10 /Users/timofieiev/Desktop/ble_app/ble_connection/platform/radio/rail_lib/autogen/librail_release/librail_module_efr32xg1_gcc_release.a(rfhal_radio.o)
                0x0000000000011410                RAILINT_2f59d45cdf711c2da6f6c18c53307062
 .text.RADIO_ClockFreqGet
                0x0000000000011420       0x1c /Users/timofieiev/Desktop/ble_app/ble_connection/platform/radio/rail_lib/autogen/librail_release/librail_module_efr32xg1_gcc_release.a(rfhal_radio.o)
                0x0000000000011420                RAILINT_61072351127ca861ab3b792c81e2416a
 .text.RADIO_Config
                0x000000000001143c       0x9c /Users/timofieiev/Desktop/ble_app/ble_connection/platform/radio/rail_lib/autogen/librail_release/librail_module_efr32xg1_gcc_release.a(rfhal_radio.o)
                0x000000000001143c                RAILINT_fba63741bb147dec4868880dd5d9d63b
 .text.RADIO_IsRxOnForRssi
                0x00000000000114d8       0x18 /Users/timofieiev/Desktop/ble_app/ble_connection/platform/radio/rail_lib/autogen/librail_release/librail_module_efr32xg1_gcc_release.a(rfhal_radio.o)
                0x00000000000114d8                RAILINT_583160a38ded29811f0bca4a5d912643
 .text.RADIO_RxTrailDataLength
                0x00000000000114f0       0x3c /Users/timofieiev/Desktop/ble_app/ble_connection/platform/radio/rail_lib/autogen/librail_release/librail_module_efr32xg1_gcc_release.a(rfhal_radio.o)
                0x00000000000114f0                RAILINT_5a04132ce805a59a193609f39293693e
 .text.RADIO_ComputeTxBaudrate
                0x000000000001152c       0x24 /Users/timofieiev/Desktop/ble_app/ble_connection/platform/radio/rail_lib/autogen/librail_release/librail_module_efr32xg1_gcc_release.a(rfhal_radio.o)
                0x000000000001152c                RAILINT_b494240258c762f2a0b1205382bd1fb8
 .text.RADIO_ComputeTxSymbolRate
                0x0000000000011550       0x26 /Users/timofieiev/Desktop/ble_app/ble_connection/platform/radio/rail_lib/autogen/librail_release/librail_module_efr32xg1_gcc_release.a(rfhal_radio.o)
                0x0000000000011550                RAILINT_169261901d85d559dfe41fa25954b0ac
 .text.RADIO_ComputeTxBitRate
                0x0000000000011576       0x44 /Users/timofieiev/Desktop/ble_app/ble_connection/platform/radio/rail_lib/autogen/librail_release/librail_module_efr32xg1_gcc_release.a(rfhal_radio.o)
                0x0000000000011576                RAILINT_8d5ef3d5fbac807521da6706684ec428
 *fill*         0x00000000000115ba        0x2 
 .text.RADIO_GetRssi
                0x00000000000115bc       0x64 /Users/timofieiev/Desktop/ble_app/ble_connection/platform/radio/rail_lib/autogen/librail_release/librail_module_efr32xg1_gcc_release.a(rfhal_radio.o)
                0x00000000000115bc                RAILINT_49c1638648869baaf18ca93f541e7dd3
 .text.RADIO_SetCRCInitVal
                0x0000000000011620       0x10 /Users/timofieiev/Desktop/ble_app/ble_connection/platform/radio/rail_lib/autogen/librail_release/librail_module_efr32xg1_gcc_release.a(rfhal_radio.o)
                0x0000000000011620                RAILINT_7a60cef4872b4c8ff86f7346719e565a
 .text.RADIO_RACClearRxOverflow
                0x0000000000011630       0x20 /Users/timofieiev/Desktop/ble_app/ble_connection/platform/radio/rail_lib/autogen/librail_release/librail_module_efr32xg1_gcc_release.a(rfhal_radio.o)
                0x0000000000011630                RAILINT_605c1fc53b3451e02b7f8f4f454ba0ca
 .text.RFSENSE_IRQHandler
                0x0000000000011650       0x10 /Users/timofieiev/Desktop/ble_app/ble_connection/platform/radio/rail_lib/autogen/librail_release/librail_module_efr32xg1_gcc_release.a(rfhal_rfsense.o)
                0x0000000000011650                RFSENSE_IRQHandler
 .text.RTCCSYNC_RTCCClockFreqGet
                0x0000000000011660       0x30 /Users/timofieiev/Desktop/ble_app/ble_connection/platform/radio/rail_lib/autogen/librail_release/librail_module_efr32xg1_gcc_release.a(rfhal_rtccsync.o)
 .text.RTCCSYNC_Init
                0x0000000000011690       0x20 /Users/timofieiev/Desktop/ble_app/ble_connection/platform/radio/rail_lib/autogen/librail_release/librail_module_efr32xg1_gcc_release.a(rfhal_rtccsync.o)
                0x0000000000011690                RAILINT_424c16a7e49d1aeb6e7035c7ce9c57e7
 .text.RTCCSYNC_PreSleep
                0x00000000000116b0      0x268 /Users/timofieiev/Desktop/ble_app/ble_connection/platform/radio/rail_lib/autogen/librail_release/librail_module_efr32xg1_gcc_release.a(rfhal_rtccsync.o)
                0x00000000000116b0                RAILINT_b3ae6c670ad30ab880888943a58faee0
 .text.RTCCSYNC_PostWakeUp
                0x0000000000011918      0x1a0 /Users/timofieiev/Desktop/ble_app/ble_connection/platform/radio/rail_lib/autogen/librail_release/librail_module_efr32xg1_gcc_release.a(rfhal_rtccsync.o)
                0x0000000000011918                RAILINT_b59eec27e1e4352a569b2404f6e35a1b
 .text.signWord
                0x0000000000011ab8       0x36 /Users/timofieiev/Desktop/ble_app/ble_connection/platform/radio/rail_lib/autogen/librail_release/librail_module_efr32xg1_gcc_release.a(rfhal_signing.o)
 .text.signWords
                0x0000000000011aee       0x14 /Users/timofieiev/Desktop/ble_app/ble_connection/platform/radio/rail_lib/autogen/librail_release/librail_module_efr32xg1_gcc_release.a(rfhal_signing.o)
 *fill*         0x0000000000011b02        0x2 
 .text.moduleSignature
                0x0000000000011b04       0x24 /Users/timofieiev/Desktop/ble_app/ble_connection/platform/radio/rail_lib/autogen/librail_release/librail_module_efr32xg1_gcc_release.a(rfhal_signing.o)
 .text.signRadioConfig
                0x0000000000011b28       0x70 /Users/timofieiev/Desktop/ble_app/ble_connection/platform/radio/rail_lib/autogen/librail_release/librail_module_efr32xg1_gcc_release.a(rfhal_signing.o)
 .text.SIGNING_SignChannelConfig
                0x0000000000011b98       0x6c /Users/timofieiev/Desktop/ble_app/ble_connection/platform/radio/rail_lib/autogen/librail_release/librail_module_efr32xg1_gcc_release.a(rfhal_signing.o)
                0x0000000000011b98                RAILINT_839618e245604fb9f92b1ef16b569e73
 .text.SIGNING_SignTxPower
                0x0000000000011c04       0xa8 /Users/timofieiev/Desktop/ble_app/ble_connection/platform/radio/rail_lib/autogen/librail_release/librail_module_efr32xg1_gcc_release.a(rfhal_signing.o)
                0x0000000000011c04                RAILINT_7530774732a9569035eb885928cb7309
 .text.SYNTH_CalculateRetimeClkConfig
                0x0000000000011cac       0x90 /Users/timofieiev/Desktop/ble_app/ble_connection/platform/radio/rail_lib/autogen/librail_release/librail_module_efr32xg1_gcc_release.a(rfhal_synth.o)
 .text.SYNTH_CalculateRetimeLimitsConfig
                0x0000000000011d3c       0x56 /Users/timofieiev/Desktop/ble_app/ble_connection/platform/radio/rail_lib/autogen/librail_release/librail_module_efr32xg1_gcc_release.a(rfhal_synth.o)
 *fill*         0x0000000000011d92        0x2 
 .text.SYNTH_CalculateKvnFreqCompensate
                0x0000000000011d94       0x70 /Users/timofieiev/Desktop/ble_app/ble_connection/platform/radio/rail_lib/autogen/librail_release/librail_module_efr32xg1_gcc_release.a(rfhal_synth.o)
 .text.SYNTH_RfFreqGet
                0x0000000000011e04        0xc /Users/timofieiev/Desktop/ble_app/ble_connection/platform/radio/rail_lib/autogen/librail_release/librail_module_efr32xg1_gcc_release.a(rfhal_synth.o)
                0x0000000000011e04                RAILINT_00140bf975f4c520c998ac471c1ff907
 .text.SYNTH_ChSpacingGet
                0x0000000000011e10        0xc /Users/timofieiev/Desktop/ble_app/ble_connection/platform/radio/rail_lib/autogen/librail_release/librail_module_efr32xg1_gcc_release.a(rfhal_synth.o)
                0x0000000000011e10                RAILINT_1e3958af28b201fcab6919e224fc49ef
 .text.SYNTH_LoDivGet
                0x0000000000011e1c       0x20 /Users/timofieiev/Desktop/ble_app/ble_connection/platform/radio/rail_lib/autogen/librail_release/librail_module_efr32xg1_gcc_release.a(rfhal_synth.o)
                0x0000000000011e1c                RAILINT_26e29064035a2e41b04f8081aa3f66ae
 .text.SYNTH_Is2p4GHz
                0x0000000000011e3c       0x14 /Users/timofieiev/Desktop/ble_app/ble_connection/platform/radio/rail_lib/autogen/librail_release/librail_module_efr32xg1_gcc_release.a(rfhal_synth.o)
                0x0000000000011e3c                RAILINT_a251f7a856caa576ae8912471cc9f388
 .text.SYNTH_VcoRangeIsValid
                0x0000000000011e50       0x30 /Users/timofieiev/Desktop/ble_app/ble_connection/platform/radio/rail_lib/autogen/librail_release/librail_module_efr32xg1_gcc_release.a(rfhal_synth.o)
                0x0000000000011e50                RAILINT_e1b152b40e799f9ebf7071a91afb3afe
 .text.SYNTH_CalculateConfig
                0x0000000000011e80       0xa4 /Users/timofieiev/Desktop/ble_app/ble_connection/platform/radio/rail_lib/autogen/librail_release/librail_module_efr32xg1_gcc_release.a(rfhal_synth.o)
 .text.SYNTH_RetimeLimitsConfig
                0x0000000000011f24       0x30 /Users/timofieiev/Desktop/ble_app/ble_connection/platform/radio/rail_lib/autogen/librail_release/librail_module_efr32xg1_gcc_release.a(rfhal_synth.o)
                0x0000000000011f24                RAILINT_ec07d9c9f667e5f0f0c92724316cd5c6
 .text.SYNTH_RetimeClkConfig
                0x0000000000011f54       0x3c /Users/timofieiev/Desktop/ble_app/ble_connection/platform/radio/rail_lib/autogen/librail_release/librail_module_efr32xg1_gcc_release.a(rfhal_synth.o)
                0x0000000000011f54                RAILINT_414e6b8c9679e72ed0693e37a31ff5d0
 .text.SYNTH_Config
                0x0000000000011f90       0x54 /Users/timofieiev/Desktop/ble_app/ble_connection/platform/radio/rail_lib/autogen/librail_release/librail_module_efr32xg1_gcc_release.a(rfhal_synth.o)
                0x0000000000011f90                RAILINT_02bfb1ed752e3e1fc3b1ad06532f94f9
 .text.SYNTH_ChannelSet
                0x0000000000011fe4       0x40 /Users/timofieiev/Desktop/ble_app/ble_connection/platform/radio/rail_lib/autogen/librail_release/librail_module_efr32xg1_gcc_release.a(rfhal_synth.o)
                0x0000000000011fe4                RAILINT_5b7fb2a9b8e5349194dfc381c8fbbc90
 .text.SYNTH_DCDCRetimeClkSet
                0x0000000000012024       0x68 /Users/timofieiev/Desktop/ble_app/ble_connection/platform/radio/rail_lib/autogen/librail_release/librail_module_efr32xg1_gcc_release.a(rfhal_synth.o)
                0x0000000000012024                RAILINT_c82eb39c2cae1d9f30d639bbfeb8accb
 .text.SYNTH_DCDCRetimeEnable
                0x000000000001208c       0x18 /Users/timofieiev/Desktop/ble_app/ble_connection/platform/radio/rail_lib/autogen/librail_release/librail_module_efr32xg1_gcc_release.a(rfhal_synth.o)
                0x000000000001208c                RAILINT_282e8e595cc122f4255fffe5b736491a
 .text.SYNTH_DCDCRetimeDisable
                0x00000000000120a4       0x18 /Users/timofieiev/Desktop/ble_app/ble_connection/platform/radio/rail_lib/autogen/librail_release/librail_module_efr32xg1_gcc_release.a(rfhal_synth.o)
                0x00000000000120a4                RAILINT_263c92ff0e9d5e58307a6683b710ae3a
 .text.SYNTH_KvnFreqCompensationEnable
                0x00000000000120bc        0xc /Users/timofieiev/Desktop/ble_app/ble_connection/platform/radio/rail_lib/autogen/librail_release/librail_module_efr32xg1_gcc_release.a(rfhal_synth.o)
                0x00000000000120bc                RAILINT_a832a76ff1b3e11272f67b2940ef8b5b
 .text.TEMPCAL_Init
                0x00000000000120c8       0x38 /Users/timofieiev/Desktop/ble_app/ble_connection/platform/radio/rail_lib/autogen/librail_release/librail_module_efr32xg1_gcc_release.a(rfhal_tempcal.o)
                0x00000000000120c8                RAILINT_49d18d23563d6be8a8e77be7702cfc3a
 .text.TIMING_SeqTimingInit
                0x0000000000012100        0x2 /Users/timofieiev/Desktop/ble_app/ble_connection/platform/radio/rail_lib/autogen/librail_release/librail_module_efr32xg1_gcc_release.a(rfhal_timings.o)
                0x0000000000012100                RAILINT_d8d3b90489b72dce55d2d56ba684a110
 *fill*         0x0000000000012102        0x2 